Archive member included to satisfy reference by file (symbol)

.\CortexM3\ARM_GCC_541\Debug\HIDJoystick.a(LCD_Char_1.o)
                              .\CortexM3\ARM_GCC_541\Debug\main.o (LCD_Char_1_PrintString)
.\CortexM3\ARM_GCC_541\Debug\HIDJoystick.a(USBFS_1.o)
                              .\CortexM3\ARM_GCC_541\Debug\main.o (USBFS_1_Start)
.\CortexM3\ARM_GCC_541\Debug\HIDJoystick.a(USBFS_1_drv.o)
                              .\CortexM3\ARM_GCC_541\Debug\HIDJoystick.a(USBFS_1.o) (USBFS_1_lastPacketSize)
.\CortexM3\ARM_GCC_541\Debug\HIDJoystick.a(USBFS_1_episr.o)
                              .\CortexM3\ARM_GCC_541\Debug\HIDJoystick.a(USBFS_1.o) (USBFS_1_EP_1_ISR)
.\CortexM3\ARM_GCC_541\Debug\HIDJoystick.a(USBFS_1_hid.o)
                              .\CortexM3\ARM_GCC_541\Debug\HIDJoystick.a(USBFS_1.o) (USBFS_1_hidProtocol)
.\CortexM3\ARM_GCC_541\Debug\HIDJoystick.a(USBFS_1_pm.o)
                              .\CortexM3\ARM_GCC_541\Debug\HIDJoystick.a(USBFS_1.o) (USBFS_1_DP_ISR)
.\CortexM3\ARM_GCC_541\Debug\HIDJoystick.a(USBFS_1_std.o)
                              .\CortexM3\ARM_GCC_541\Debug\HIDJoystick.a(USBFS_1_pm.o) (USBFS_1_ConfigReg)
.\CortexM3\ARM_GCC_541\Debug\HIDJoystick.a(USBFS_1_vnd.o)
                              .\CortexM3\ARM_GCC_541\Debug\HIDJoystick.a(USBFS_1_drv.o) (USBFS_1_HandleVendorRqst)
.\CortexM3\ARM_GCC_541\Debug\HIDJoystick.a(USBFS_1_Dp.o)
                              .\CortexM3\ARM_GCC_541\Debug\HIDJoystick.a(USBFS_1.o) (USBFS_1_Dp_ClearInterrupt)
.\CortexM3\ARM_GCC_541\Debug\HIDJoystick.a(CyLib.o)
                              .\CortexM3\ARM_GCC_541\Debug\Cm3Start.o (CyHalt)
.\CortexM3\ARM_GCC_541\Debug\HIDJoystick.a(cyPm.o)
                              .\CortexM3\ARM_GCC_541\Debug\HIDJoystick.a(CyLib.o) (CyPmReadStatus)
.\CortexM3\ARM_GCC_541\Debug\HIDJoystick.a(C1.o)
                              .\CortexM3\ARM_GCC_541\Debug\main.o (C1_Read)
.\CortexM3\ARM_GCC_541\Debug\HIDJoystick.a(C2.o)
                              .\CortexM3\ARM_GCC_541\Debug\main.o (C2_Read)
.\CortexM3\ARM_GCC_541\Debug\HIDJoystick.a(C3.o)
                              .\CortexM3\ARM_GCC_541\Debug\main.o (C3_Read)
.\CortexM3\ARM_GCC_541\Debug\HIDJoystick.a(C4.o)
                              .\CortexM3\ARM_GCC_541\Debug\main.o (C4_Read)
.\CortexM3\ARM_GCC_541\Debug\HIDJoystick.a(C5.o)
                              .\CortexM3\ARM_GCC_541\Debug\main.o (C5_Read)
.\CortexM3\ARM_GCC_541\Debug\HIDJoystick.a(AP.o)
                              .\CortexM3\ARM_GCC_541\Debug\main.o (AP_Read)
.\CortexM3\ARM_GCC_541\Debug\HIDJoystick.a(AL.o)
                              .\CortexM3\ARM_GCC_541\Debug\main.o (AL_Read)
.\CortexM3\ARM_GCC_541\Debug\HIDJoystick.a(AH.o)
                              .\CortexM3\ARM_GCC_541\Debug\main.o (AH_Read)
.\CortexM3\ARM_GCC_541\Debug\HIDJoystick.a(SW1.o)
                              .\CortexM3\ARM_GCC_541\Debug\main.o (SW1_Read)
.\CortexM3\ARM_GCC_541\Debug\HIDJoystick.a(R4L.o)
                              .\CortexM3\ARM_GCC_541\Debug\main.o (R4L_Read)
.\CortexM3\ARM_GCC_541\Debug\HIDJoystick.a(R3L.o)
                              .\CortexM3\ARM_GCC_541\Debug\main.o (R3L_Read)
.\CortexM3\ARM_GCC_541\Debug\HIDJoystick.a(R4R.o)
                              .\CortexM3\ARM_GCC_541\Debug\main.o (R4R_Read)
.\CortexM3\ARM_GCC_541\Debug\HIDJoystick.a(R3R.o)
                              .\CortexM3\ARM_GCC_541\Debug\main.o (R3R_Read)
.\CortexM3\ARM_GCC_541\Debug\HIDJoystick.a(R2R.o)
                              .\CortexM3\ARM_GCC_541\Debug\main.o (R2R_Read)
.\CortexM3\ARM_GCC_541\Debug\HIDJoystick.a(R2L.o)
                              .\CortexM3\ARM_GCC_541\Debug\main.o (R2L_Read)
.\CortexM3\ARM_GCC_541\Debug\HIDJoystick.a(R1.o)
                              .\CortexM3\ARM_GCC_541\Debug\main.o (R1_Read)
.\CortexM3\ARM_GCC_541\Debug\HIDJoystick.a(U3.o)
                              .\CortexM3\ARM_GCC_541\Debug\main.o (U3_Read)
.\CortexM3\ARM_GCC_541\Debug\HIDJoystick.a(U1.o)
                              .\CortexM3\ARM_GCC_541\Debug\main.o (U1_Read)
.\CortexM3\ARM_GCC_541\Debug\HIDJoystick.a(U2.o)
                              .\CortexM3\ARM_GCC_541\Debug\main.o (U2_Read)
.\CortexM3\ARM_GCC_541\Debug\HIDJoystick.a(CyBootAsmGnu.o)
                              .\CortexM3\ARM_GCC_541\Debug\cyfitter_cfg.o (CyDelayCycles)
.\CortexM3\ARM_GCC_541\Debug\HIDJoystick.a(USBFS_1_cls.o)
                              .\CortexM3\ARM_GCC_541\Debug\HIDJoystick.a(USBFS_1_drv.o) (USBFS_1_DispatchClassRqst)
.\CortexM3\ARM_GCC_541\Debug\HIDJoystick.a(USBFS_1_descr.o)
                              .\CortexM3\ARM_GCC_541\Debug\HIDJoystick.a(USBFS_1_std.o) (USBFS_1_TABLE)
.\CortexM3\ARM_GCC_541\Debug\HIDJoystick.a(CyFlash.o)
                              .\CortexM3\ARM_GCC_541\Debug\HIDJoystick.a(cyPm.o) (CyFlash_SetWaitCycles)
.\CortexM3\ARM_GCC_541\Debug\HIDJoystick.a(CySpc.o)
                              .\CortexM3\ARM_GCC_541\Debug\HIDJoystick.a(CyFlash.o) (CySpcStart)
[...]
Memory Configuration

Name             Origin             Length             Attributes
rom              0x00000000         0x00040000         xr
ram              0x1fff8000         0x00010000         xrw
*default*        0x00000000         0xffffffff

Linker script and memory map

LOAD c:/program files (x86)/cypress/psoc creator/4.4/psoc creator/import/gnu/arm/5.4.1/bin/../lib/gcc/arm-none-eabi/5.4.1/armv7-m/crti.o
LOAD c:/program files (x86)/cypress/psoc creator/4.4/psoc creator/import/gnu/arm/5.4.1/bin/../lib/gcc/arm-none-eabi/5.4.1/armv7-m/crtbegin.o
LOAD c:/program files (x86)/cypress/psoc creator/4.4/psoc creator/import/gnu/arm/5.4.1/bin/../lib/gcc/arm-none-eabi/5.4.1/../../../../arm-none-eabi/lib/armv7-m/crt0.o
START GROUP
LOAD .\CortexM3\ARM_GCC_541\Debug\main.o
LOAD .\CortexM3\ARM_GCC_541\Debug\cyfitter_cfg.o
LOAD .\CortexM3\ARM_GCC_541\Debug\cymetadata.o
LOAD .\CortexM3\ARM_GCC_541\Debug\Cm3Start.o
LOAD .\CortexM3\ARM_GCC_541\Debug\HIDJoystick.a
LOAD C:\Program Files (x86)\Cypress\PSoC Creator\4.4\PSoC Creator\psoc\content\cycomponentlibrary\CyComponentLibrary.cylib\CortexM3\ARM_GCC_541\Debug\CyComponentLibrary.a
END GROUP
START GROUP
LOAD c:/program files (x86)/cypress/psoc creator/4.4/psoc creator/import/gnu/arm/5.4.1/bin/../lib/gcc/arm-none-eabi/5.4.1/armv7-m\libgcc.a
LOAD c:/program files (x86)/cypress/psoc creator/4.4/psoc creator/import/gnu/arm/5.4.1/bin/../lib/gcc/arm-none-eabi/5.4.1/../../../../arm-none-eabi/lib/armv7-m\libg_nano.a
LOAD c:/program files (x86)/cypress/psoc creator/4.4/psoc creator/import/gnu/arm/5.4.1/bin/../lib/gcc/arm-none-eabi/5.4.1/../../../../arm-none-eabi/lib/armv7-m\libc_nano.a
END GROUP
START GROUP
LOAD c:/program files (x86)/cypress/psoc creator/4.4/psoc creator/import/gnu/arm/5.4.1/bin/../lib/gcc/arm-none-eabi/5.4.1/armv7-m\libgcc.a
LOAD c:/program files (x86)/cypress/psoc creator/4.4/psoc creator/import/gnu/arm/5.4.1/bin/../lib/gcc/arm-none-eabi/5.4.1/../../../../arm-none-eabi/lib/armv7-m\libc_nano.a
END GROUP
LOAD c:/program files (x86)/cypress/psoc creator/4.4/psoc creator/import/gnu/arm/5.4.1/bin/../lib/gcc/arm-none-eabi/5.4.1/armv7-m/crtend.o
LOAD c:/program files (x86)/cypress/psoc creator/4.4/psoc creator/import/gnu/arm/5.4.1/bin/../lib/gcc/arm-none-eabi/5.4.1/armv7-m/crtn.o
START GROUP
LOAD c:/program files (x86)/cypress/psoc creator/4.4/psoc creator/import/gnu/arm/5.4.1/bin/../lib/gcc/arm-none-eabi/5.4.1/armv7-m\libgcc.a
LOAD c:/program files (x86)/cypress/psoc creator/4.4/psoc creator/import/gnu/arm/5.4.1/bin/../lib/gcc/arm-none-eabi/5.4.1/../../../../arm-none-eabi/lib/armv7-m\libc.a
LOAD c:/program files (x86)/cypress/psoc creator/4.4/psoc creator/import/gnu/arm/5.4.1/bin/../lib/gcc/arm-none-eabi/5.4.1/../../../../arm-none-eabi/lib/armv7-m\libnosys.a
END GROUP
                0x00000000                CY_APPL_ORIGIN = 0x0
                0x00000100                CY_FLASH_ROW_SIZE = 0x100
                0x00000020                CY_ECC_ROW_SIZE = 0x20
                0x00000000                CY_EE_IN_BTLDR = 0x0
                0x00000000                CY_APPL_LOADABLE = 0x0
                0x00000800                CY_EE_SIZE = 0x800
                0x00000001                CY_APPL_NUM = 0x1
                0x00000001                CY_APPL_MAX = 0x1
                0x00000040                CY_METADATA_SIZE = 0x40
                0x00000000                CY_APPL_LOADABLE = 0x0
                0x00000000                CY_CHECKSUM_EXCLUDE_SIZE = ALIGN (0x0, CY_FLASH_ROW_SIZE)
                [!provide]                PROVIDE (__cy_heap_start, _end)
                0x00000001                PROVIDE (__cy_region_num, ((__cy_regions_end - __cy_regions) / 0x10))
                0x20008000                PROVIDE (__cy_stack, (ORIGIN (ram) + LENGTH (ram)))
                [!provide]                PROVIDE (__cy_heap_end, (__cy_stack - 0x800))

.cybootloader   0x00000000        0x0
 *(.cybootloader)
                0x00000000                appl1_start = CY_APPL_ORIGIN?CY_APPL_ORIGIN:ALIGN (CY_FLASH_ROW_SIZE)
                0x0001ff00                appl2_start = (appl1_start + ALIGN ((((LENGTH (rom) - appl1_start) - (0x2 * CY_FLASH_ROW_SIZE)) / 0x2), CY_FLASH_ROW_SIZE))
                0x00000000                appl_start = (CY_APPL_NUM == 0x1)?appl1_start:appl2_start
                0x00000000                ecc_offset = ((appl_start / CY_FLASH_ROW_SIZE) * CY_ECC_ROW_SIZE)
                0x00000000                ee_offset = (CY_APPL_LOADABLE && ! (CY_EE_IN_BTLDR))?((CY_EE_SIZE / CY_APPL_MAX) * (CY_APPL_NUM - 0x1)):0x0
                0x00000800                ee_size = (CY_APPL_LOADABLE && ! (CY_EE_IN_BTLDR))?(CY_EE_SIZE / CY_APPL_MAX):CY_EE_SIZE
                [!provide]                PROVIDE (CY_ECC_OFFSET, ecc_offset)

.text           0x00000000     0x1d9e
 CREATE_OBJECT_SYMBOLS
                0x00000000                PROVIDE (__cy_interrupt_vector, RomVectors)
 *(.romvectors)
 .romvectors    0x00000000       0x10 .\CortexM3\ARM_GCC_541\Debug\Cm3Start.o
                0x00000000                RomVectors
                0x00000001                ASSERT ((. != __cy_interrupt_vector), No interrupt vector)
                0x00000001                ASSERT (CY_APPL_ORIGIN?(SIZEOF (.cybootloader) <= CY_APPL_ORIGIN):0x1, Wrong image location)
                0x00000010                PROVIDE (__cy_reset, Reset)
 *(.text.Reset)
 .text.Reset    0x00000010       0x18 .\CortexM3\ARM_GCC_541\Debug\Cm3Start.o
                0x00000010                Reset
                0x00000001                ASSERT ((. != __cy_reset), No reset code)
 *(.dma_init)
                0x00000001                ASSERT ((((appl_start + .) <= 0x10000) || 0x1), DMA Init must be within the first 64k of flash)
 *(.text .text.* .gnu.linkonce.t.*)
 .text          0x00000028       0x5c c:/program files (x86)/cypress/psoc creator/4.4/psoc creator/import/gnu/arm/5.4.1/bin/../lib/gcc/arm-none-eabi/5.4.1/armv7-m/crtbegin.o
 .text.StartUp  0x00000084       0x4c .\CortexM3\ARM_GCC_541\Debug\main.o
                0x00000084                StartUp
 .text.setBit   0x000000d0       0x80 .\CortexM3\ARM_GCC_541\Debug\main.o
                0x000000d0                setBit
 .text.ReadButtons
                0x00000150      0x130 .\CortexM3\ARM_GCC_541\Debug\main.o
                0x00000150                ReadButtons
 .text.main     0x00000280       0x38 .\CortexM3\ARM_GCC_541\Debug\main.o
                0x00000280                main
 .text.CyClockStartupError
                0x000002b8        0x4 .\CortexM3\ARM_GCC_541\Debug\cyfitter_cfg.o
 .text.cfg_write_bytes32
                0x000002bc       0x34 .\CortexM3\ARM_GCC_541\Debug\cyfitter_cfg.o
 .text.AnalogSetDefault
                0x000002f0       0x28 .\CortexM3\ARM_GCC_541\Debug\cyfitter_cfg.o
 .text.CYMEMZERO
                0x00000318        0xc .\CortexM3\ARM_GCC_541\Debug\cyfitter_cfg.o
 .text.ClockSetup
                0x00000324       0xa0 .\CortexM3\ARM_GCC_541\Debug\cyfitter_cfg.o
 .text.CYCONFIGCPY
                0x000003c4        0x8 .\CortexM3\ARM_GCC_541\Debug\cyfitter_cfg.o
 .text.cyfitter_cfg
                0x000003cc       0xe4 .\CortexM3\ARM_GCC_541\Debug\cyfitter_cfg.o
                0x000003cc                cyfitter_cfg
 .text.IntDefaultHandler
                0x000004b0       0x10 .\CortexM3\ARM_GCC_541\Debug\Cm3Start.o
                0x000004b0                IntDefaultHandler
 .text.Start_c  0x000004c0       0x4c .\CortexM3\ARM_GCC_541\Debug\Cm3Start.o
                0x000004c0                Start_c
 .text.initialize_psoc
                0x0000050c       0x68 .\CortexM3\ARM_GCC_541\Debug\Cm3Start.o
                0x0000050c                initialize_psoc
 .text.LCD_Char_1_WrCntrlNib
                0x00000574       0x34 .\CortexM3\ARM_GCC_541\Debug\HIDJoystick.a(LCD_Char_1.o)
 .text.LCD_Char_1_WrDatNib
                0x000005a8       0x44 .\CortexM3\ARM_GCC_541\Debug\HIDJoystick.a(LCD_Char_1.o)
 .text.LCD_Char_1_IsReady
                0x000005ec       0xe4 .\CortexM3\ARM_GCC_541\Debug\HIDJoystick.a(LCD_Char_1.o)
                0x000005ec                LCD_Char_1_IsReady
 .text.LCD_Char_1_WriteData
                0x000006d0       0x18 .\CortexM3\ARM_GCC_541\Debug\HIDJoystick.a(LCD_Char_1.o)
                0x000006d0                LCD_Char_1_WriteData
 .text.LCD_Char_1_PrintString
                0x000006e8       0x1c .\CortexM3\ARM_GCC_541\Debug\HIDJoystick.a(LCD_Char_1.o)
                0x000006e8                LCD_Char_1_PrintString
 .text.LCD_Char_1_WriteControl
                0x00000704       0x18 .\CortexM3\ARM_GCC_541\Debug\HIDJoystick.a(LCD_Char_1.o)
                0x00000704                LCD_Char_1_WriteControl
 .text.LCD_Char_1_Init
                0x0000071c       0x6c .\CortexM3\ARM_GCC_541\Debug\HIDJoystick.a(LCD_Char_1.o)
                0x0000071c                LCD_Char_1_Init
 .text.LCD_Char_1_Enable
                0x00000788       0x14 .\CortexM3\ARM_GCC_541\Debug\HIDJoystick.a(LCD_Char_1.o)
                0x00000788                LCD_Char_1_Enable
 .text.LCD_Char_1_Start
                0x0000079c       0x1c .\CortexM3\ARM_GCC_541\Debug\HIDJoystick.a(LCD_Char_1.o)
                0x0000079c                LCD_Char_1_Start
 .text.LCD_Char_1_Position
                0x000007b8       0x3c .\CortexM3\ARM_GCC_541\Debug\HIDJoystick.a(LCD_Char_1.o)
                0x000007b8                LCD_Char_1_Position
 .text.USBFS_1_Init
                0x000007f4      0x104 .\CortexM3\ARM_GCC_541\Debug\HIDJoystick.a(USBFS_1.o)
                0x000007f4                USBFS_1_Init
 .text.USBFS_1_InitComponent
                0x000008f8       0xc0 .\CortexM3\ARM_GCC_541\Debug\HIDJoystick.a(USBFS_1.o)
                0x000008f8                USBFS_1_InitComponent
 .text.USBFS_1_Start
                0x000009b8       0x24 .\CortexM3\ARM_GCC_541\Debug\HIDJoystick.a(USBFS_1.o)
                0x000009b8                USBFS_1_Start
 .text.USBFS_1_ReInitComponent
                0x000009dc       0x64 .\CortexM3\ARM_GCC_541\Debug\HIDJoystick.a(USBFS_1.o)
                0x000009dc                USBFS_1_ReInitComponent
 .text.USBFS_1_GetConfiguration
                0x00000a40        0xc .\CortexM3\ARM_GCC_541\Debug\HIDJoystick.a(USBFS_1.o)
                0x00000a40                USBFS_1_GetConfiguration
 .text.USBFS_1_LoadInEP
                0x00000a4c       0x94 .\CortexM3\ARM_GCC_541\Debug\HIDJoystick.a(USBFS_1.o)
                0x00000a4c                USBFS_1_LoadInEP
 .text.USBFS_1_GetEPAckState
                0x00000ae0       0x20 .\CortexM3\ARM_GCC_541\Debug\HIDJoystick.a(USBFS_1.o)
                0x00000ae0                USBFS_1_GetEPAckState
 .text.USBFS_1_LoadEP0
                0x00000b00       0x98 .\CortexM3\ARM_GCC_541\Debug\HIDJoystick.a(USBFS_1_drv.o)
                0x00000b00                USBFS_1_LoadEP0
 .text.USBFS_1_InitZeroLengthControlTransfer
                0x00000b98       0x34 .\CortexM3\ARM_GCC_541\Debug\HIDJoystick.a(USBFS_1_drv.o)
                0x00000b98                USBFS_1_InitZeroLengthControlTransfer
 .text.USBFS_1_ControlReadDataStage
                0x00000bcc        0x8 .\CortexM3\ARM_GCC_541\Debug\HIDJoystick.a(USBFS_1_drv.o)
                0x00000bcc                USBFS_1_ControlReadDataStage
 .text.USBFS_1_ControlWriteDataStage
                0x00000bd4       0x84 .\CortexM3\ARM_GCC_541\Debug\HIDJoystick.a(USBFS_1_drv.o)
                0x00000bd4                USBFS_1_ControlWriteDataStage
 .text.USBFS_1_InitNoDataControlTransfer
                0x00000c58       0x2c .\CortexM3\ARM_GCC_541\Debug\HIDJoystick.a(USBFS_1_drv.o)
                0x00000c58                USBFS_1_InitNoDataControlTransfer
 .text.USBFS_1_UpdateStatusBlock
                0x00000c84       0x24 .\CortexM3\ARM_GCC_541\Debug\HIDJoystick.a(USBFS_1_drv.o)
                0x00000c84                USBFS_1_UpdateStatusBlock
 .text.USBFS_1_HandleSetup
                0x00000ca8       0x5c .\CortexM3\ARM_GCC_541\Debug\HIDJoystick.a(USBFS_1_drv.o)
                0x00000ca8                USBFS_1_HandleSetup
 .text.USBFS_1_ControlReadStatusStage
                0x00000d04       0x38 .\CortexM3\ARM_GCC_541\Debug\HIDJoystick.a(USBFS_1_drv.o)
                0x00000d04                USBFS_1_ControlReadStatusStage
 .text.USBFS_1_HandleOUT
                0x00000d3c       0x38 .\CortexM3\ARM_GCC_541\Debug\HIDJoystick.a(USBFS_1_drv.o)
                0x00000d3c                USBFS_1_HandleOUT
 .text.USBFS_1_ControlWriteStatusStage
                0x00000d74       0x20 .\CortexM3\ARM_GCC_541\Debug\HIDJoystick.a(USBFS_1_drv.o)
                0x00000d74                USBFS_1_ControlWriteStatusStage
 .text.USBFS_1_NoDataControlStatusStage
                0x00000d94       0x40 .\CortexM3\ARM_GCC_541\Debug\HIDJoystick.a(USBFS_1_drv.o)
                0x00000d94                USBFS_1_NoDataControlStatusStage
 .text.USBFS_1_HandleIN
                0x00000dd4       0x2c .\CortexM3\ARM_GCC_541\Debug\HIDJoystick.a(USBFS_1_drv.o)
                0x00000dd4                USBFS_1_HandleIN
 .text.USBFS_1_EP_0_ISR
                0x00000e00       0xb8 .\CortexM3\ARM_GCC_541\Debug\HIDJoystick.a(USBFS_1_drv.o)
                0x00000e00                USBFS_1_EP_0_ISR
 .text.USBFS_1_InitializeStatusBlock
                0x00000eb8       0x24 .\CortexM3\ARM_GCC_541\Debug\HIDJoystick.a(USBFS_1_drv.o)
                0x00000eb8                USBFS_1_InitializeStatusBlock
 .text.USBFS_1_InitControlRead
                0x00000edc       0x50 .\CortexM3\ARM_GCC_541\Debug\HIDJoystick.a(USBFS_1_drv.o)
                0x00000edc                USBFS_1_InitControlRead
 .text.USBFS_1_InitControlWrite
                0x00000f2c       0x48 .\CortexM3\ARM_GCC_541\Debug\HIDJoystick.a(USBFS_1_drv.o)
                0x00000f2c                USBFS_1_InitControlWrite
 .text.USBFS_1_EP_1_ISR
                0x00000f74       0x30 .\CortexM3\ARM_GCC_541\Debug\HIDJoystick.a(USBFS_1_episr.o)
                0x00000f74                USBFS_1_EP_1_ISR
 .text.USBFS_1_BUS_RESET_ISR
                0x00000fa4        0x8 .\CortexM3\ARM_GCC_541\Debug\HIDJoystick.a(USBFS_1_episr.o)
                0x00000fa4                USBFS_1_BUS_RESET_ISR
 .text.USBFS_1_FindHidClassDecriptor
                0x00000fac       0x44 .\CortexM3\ARM_GCC_541\Debug\HIDJoystick.a(USBFS_1_hid.o)
                0x00000fac                USBFS_1_FindHidClassDecriptor
 .text.USBFS_1_FindReportDescriptor
                0x00000ff0       0x4c .\CortexM3\ARM_GCC_541\Debug\HIDJoystick.a(USBFS_1_hid.o)
                0x00000ff0                USBFS_1_FindReportDescriptor
 .text.USBFS_1_FindReport
                0x0000103c       0x7c .\CortexM3\ARM_GCC_541\Debug\HIDJoystick.a(USBFS_1_hid.o)
                0x0000103c                USBFS_1_FindReport
 .text.USBFS_1_DispatchHIDClassRqst
                0x000010b8      0x184 .\CortexM3\ARM_GCC_541\Debug\HIDJoystick.a(USBFS_1_hid.o)
                0x000010b8                USBFS_1_DispatchHIDClassRqst
 .text.USBFS_1_DP_ISR
                0x0000123c        0x8 .\CortexM3\ARM_GCC_541\Debug\HIDJoystick.a(USBFS_1_pm.o)
                0x0000123c                USBFS_1_DP_ISR
 .text.USBFS_1_ConfigReg
                0x00001244       0xa4 .\CortexM3\ARM_GCC_541\Debug\HIDJoystick.a(USBFS_1_std.o)
                0x00001244                USBFS_1_ConfigReg
 .text.USBFS_1_GetConfigTablePtr
                0x000012e8       0x28 .\CortexM3\ARM_GCC_541\Debug\HIDJoystick.a(USBFS_1_std.o)
                0x000012e8                USBFS_1_GetConfigTablePtr
 .text.USBFS_1_ConfigAltChanged
                0x00001310      0x11c .\CortexM3\ARM_GCC_541\Debug\HIDJoystick.a(USBFS_1_std.o)
                0x00001310                USBFS_1_ConfigAltChanged
 .text.USBFS_1_GetDeviceTablePtr
                0x0000142c       0x18 .\CortexM3\ARM_GCC_541\Debug\HIDJoystick.a(USBFS_1_std.o)
                0x0000142c                USBFS_1_GetDeviceTablePtr
 .text.USBFS_1_GetInterfaceClassTablePtr
                0x00001444       0x28 .\CortexM3\ARM_GCC_541\Debug\HIDJoystick.a(USBFS_1_std.o)
                0x00001444                USBFS_1_GetInterfaceClassTablePtr
 .text.USBFS_1_Config
                0x0000146c      0x1c4 .\CortexM3\ARM_GCC_541\Debug\HIDJoystick.a(USBFS_1_std.o)
                0x0000146c                USBFS_1_Config
 .text.USBFS_1_SetEndpointHalt
                0x00001630       0x64 .\CortexM3\ARM_GCC_541\Debug\HIDJoystick.a(USBFS_1_std.o)
                0x00001630                USBFS_1_SetEndpointHalt
 .text.USBFS_1_ClearEndpointHalt
                0x00001694       0xac .\CortexM3\ARM_GCC_541\Debug\HIDJoystick.a(USBFS_1_std.o)
                0x00001694                USBFS_1_ClearEndpointHalt
 .text.USBFS_1_ValidateAlternateSetting
                0x00001740       0x4c .\CortexM3\ARM_GCC_541\Debug\HIDJoystick.a(USBFS_1_std.o)
                0x00001740                USBFS_1_ValidateAlternateSetting
 .text.USBFS_1_HandleStandardRqst
                0x0000178c      0x328 .\CortexM3\ARM_GCC_541\Debug\HIDJoystick.a(USBFS_1_std.o)
                0x0000178c                USBFS_1_HandleStandardRqst
 .text.USBFS_1_HandleVendorRqst
                0x00001ab4       0x18 .\CortexM3\ARM_GCC_541\Debug\HIDJoystick.a(USBFS_1_vnd.o)
                0x00001ab4                USBFS_1_HandleVendorRqst
 .text.USBFS_1_Dp_ClearInterrupt
                0x00001acc       0x10 .\CortexM3\ARM_GCC_541\Debug\HIDJoystick.a(USBFS_1_Dp.o)
                0x00001acc                USBFS_1_Dp_ClearInterrupt
 .text.CyHalt   0x00001adc        0x4 .\CortexM3\ARM_GCC_541\Debug\HIDJoystick.a(CyLib.o)
                0x00001adc                CyHalt
 .text.CyDelay  0x00001ae0       0x2c .\CortexM3\ARM_GCC_541\Debug\HIDJoystick.a(CyLib.o)
                0x00001ae0                CyDelay
 .text.CyDelayUs
                0x00001b0c       0x14 .\CortexM3\ARM_GCC_541\Debug\HIDJoystick.a(CyLib.o)
                0x00001b0c                CyDelayUs
 .text.CyIntSetVector
                0x00001b20       0x28 .\CortexM3\ARM_GCC_541\Debug\HIDJoystick.a(CyLib.o)
                0x00001b20                CyIntSetVector
 .text.CyIntSetPriority
                0x00001b48       0x30 .\CortexM3\ARM_GCC_541\Debug\HIDJoystick.a(CyLib.o)
                0x00001b48                CyIntSetPriority
 .text.C1_Read  0x00001b78       0x10 .\CortexM3\ARM_GCC_541\Debug\HIDJoystick.a(C1.o)
                0x00001b78                C1_Read
 .text.C2_Read  0x00001b88       0x10 .\CortexM3\ARM_GCC_541\Debug\HIDJoystick.a(C2.o)
                0x00001b88                C2_Read
 .text.C3_Read  0x00001b98       0x10 .\CortexM3\ARM_GCC_541\Debug\HIDJoystick.a(C3.o)
                0x00001b98                C3_Read
 .text.C4_Read  0x00001ba8       0x10 .\CortexM3\ARM_GCC_541\Debug\HIDJoystick.a(C4.o)
                0x00001ba8                C4_Read
 .text.C5_Read  0x00001bb8       0x10 .\CortexM3\ARM_GCC_541\Debug\HIDJoystick.a(C5.o)
                0x00001bb8                C5_Read
 .text.AP_Read  0x00001bc8       0x10 .\CortexM3\ARM_GCC_541\Debug\HIDJoystick.a(AP.o)
                0x00001bc8                AP_Read
 .text.AL_Read  0x00001bd8        0xc .\CortexM3\ARM_GCC_541\Debug\HIDJoystick.a(AL.o)
                0x00001bd8                AL_Read
 .text.AH_Read  0x00001be4       0x10 .\CortexM3\ARM_GCC_541\Debug\HIDJoystick.a(AH.o)
                0x00001be4                AH_Read
 .text.SW1_Read
                0x00001bf4        0xc .\CortexM3\ARM_GCC_541\Debug\HIDJoystick.a(SW1.o)
                0x00001bf4                SW1_Read
 .text.R4L_Read
                0x00001c00       0x10 .\CortexM3\ARM_GCC_541\Debug\HIDJoystick.a(R4L.o)
                0x00001c00                R4L_Read
 .text.R3L_Read
                0x00001c10       0x10 .\CortexM3\ARM_GCC_541\Debug\HIDJoystick.a(R3L.o)
                0x00001c10                R3L_Read
 .text.R4R_Read
                0x00001c20       0x10 .\CortexM3\ARM_GCC_541\Debug\HIDJoystick.a(R4R.o)
                0x00001c20                R4R_Read
 .text.R3R_Read
                0x00001c30       0x10 .\CortexM3\ARM_GCC_541\Debug\HIDJoystick.a(R3R.o)
                0x00001c30                R3R_Read
 .text.R2R_Read
                0x00001c40       0x10 .\CortexM3\ARM_GCC_541\Debug\HIDJoystick.a(R2R.o)
                0x00001c40                R2R_Read
 .text.R2L_Read
                0x00001c50        0xc .\CortexM3\ARM_GCC_541\Debug\HIDJoystick.a(R2L.o)
                0x00001c50                R2L_Read
 .text.R1_Read  0x00001c5c       0x10 .\CortexM3\ARM_GCC_541\Debug\HIDJoystick.a(R1.o)
                0x00001c5c                R1_Read
 .text.U3_Read  0x00001c6c       0x10 .\CortexM3\ARM_GCC_541\Debug\HIDJoystick.a(U3.o)
                0x00001c6c                U3_Read
 .text.U1_Read  0x00001c7c       0x10 .\CortexM3\ARM_GCC_541\Debug\HIDJoystick.a(U1.o)
                0x00001c7c                U1_Read
 .text.U2_Read  0x00001c8c       0x10 .\CortexM3\ARM_GCC_541\Debug\HIDJoystick.a(U2.o)
                0x00001c8c                U2_Read
 *fill*         0x00001c9c        0x4 
 .text          0x00001ca0       0x20 .\CortexM3\ARM_GCC_541\Debug\HIDJoystick.a(CyBootAsmGnu.o)
                0x00001ca0                CyDelayCycles
                0x00001cb0                CyEnterCriticalSection
                0x00001cb8                CyExitCriticalSection
 .text.USBFS_1_DispatchClassRqst
                0x00001cc0       0x60 .\CortexM3\ARM_GCC_541\Debug\HIDJoystick.a(USBFS_1_cls.o)
                0x00001cc0                USBFS_1_DispatchClassRqst
 .text.__errno  0x00001d20        0xc c:/program files (x86)/cypress/psoc creator/4.4/psoc creator/import/gnu/arm/5.4.1/bin/../lib/gcc/arm-none-eabi/5.4.1/../../../../arm-none-eabi/lib/armv7-m\libg_nano.a(lib_a-errno.o)
                0x00001d20                __errno
 .text.__libc_init_array
                0x00001d2c       0x4c c:/program files (x86)/cypress/psoc creator/4.4/psoc creator/import/gnu/arm/5.4.1/bin/../lib/gcc/arm-none-eabi/5.4.1/../../../../arm-none-eabi/lib/armv7-m\libg_nano.a(lib_a-init.o)
                0x00001d2c                __libc_init_array
 .text.memcpy   0x00001d78       0x16 c:/program files (x86)/cypress/psoc creator/4.4/psoc creator/import/gnu/arm/5.4.1/bin/../lib/gcc/arm-none-eabi/5.4.1/../../../../arm-none-eabi/lib/armv7-m\libg_nano.a(lib_a-memcpy-stub.o)
                0x00001d78                memcpy
 .text.memset   0x00001d8e       0x10 c:/program files (x86)/cypress/psoc creator/4.4/psoc creator/import/gnu/arm/5.4.1/bin/../lib/gcc/arm-none-eabi/5.4.1/../../../../arm-none-eabi/lib/armv7-m\libg_nano.a(lib_a-memset.o)
                0x00001d8e                memset
 *(.plt)
 *(.gnu.warning)
 *(.glue_7t)
 .glue_7t       0x00001d9e        0x0 linker stubs
 *(.glue_7)
 .glue_7        0x00001d9e        0x0 linker stubs
 *(.vfp11_veneer)
 .vfp11_veneer  0x00001d9e        0x0 linker stubs
 *(.bootloader)
 *(.ARM.extab* .gnu.linkonce.armextab.*)
 *(.gcc_except_table)

.v4_bx          0x00001da0        0x0
 .v4_bx         0x00001da0        0x0 linker stubs

.iplt           0x00001da0        0x0
 .iplt          0x00001da0        0x0 c:/program files (x86)/cypress/psoc creator/4.4/psoc creator/import/gnu/arm/5.4.1/bin/../lib/gcc/arm-none-eabi/5.4.1/armv7-m/crtbegin.o

.eh_frame_hdr
 *(.eh_frame_hdr)

.eh_frame       0x00001da0        0x4
 *(.eh_frame)
 .eh_frame      0x00001da0        0x0 c:/program files (x86)/cypress/psoc creator/4.4/psoc creator/import/gnu/arm/5.4.1/bin/../lib/gcc/arm-none-eabi/5.4.1/armv7-m/crtbegin.o
 .eh_frame      0x00001da0        0x4 c:/program files (x86)/cypress/psoc creator/4.4/psoc creator/import/gnu/arm/5.4.1/bin/../lib/gcc/arm-none-eabi/5.4.1/armv7-m/crtend.o
                [!provide]                PROVIDE (__exidx_start, .)

.ARM.exidx
 *(.ARM.exidx* .gnu.linkonce.armexidx.*)
                0x00001da4                __exidx_end = .

.rodata         0x00001da4      0x1ac
 *(.rodata .rodata.* .gnu.linkonce.r.*)
 .rodata.str1.4
                0x00001da4       0x20 .\CortexM3\ARM_GCC_541\Debug\main.o
                                 0x1e (size before relaxing)
 .rodata        0x00001dc4       0x2a .\CortexM3\ARM_GCC_541\Debug\cyfitter_cfg.o
 *fill*         0x00001dee        0x2 
 .rodata        0x00001df0      0x12a .\CortexM3\ARM_GCC_541\Debug\HIDJoystick.a(USBFS_1_descr.o)
                0x00001df0                USBFS_1_TABLE
                0x00001df8                USBFS_1_DEVICE0_TABLE
                0x00001e10                USBFS_1_DEVICE0_CONFIGURATION0_TABLE
                0x00001e30                USBFS_1_DEVICE0_CONFIGURATION0_INTERFACE_CLASS
                0x00001e34                USBFS_1_DEVICE0_CONFIGURATION0_EP_SETTINGS_TABLE
                0x00001e3c                USBFS_1_DEVICE0_CONFIGURATION0_INTERFACE0_TABLE
                0x00001e44                USBFS_1_DEVICE0_CONFIGURATION0_INTERFACE0_ALTERNATE0_HID_TABLE
                0x00001e6c                USBFS_1_DEVICE0_CONFIGURATION0_INTERFACE0_ALTERNATE0_HID_IN_RPT_TABLE
                0x00001e78                USBFS_1_HIDREPORT_DESCRIPTOR1
                0x00001e9c                USBFS_1_STRING_DESCRIPTORS
                0x00001ee4                USBFS_1_DEVICE0_CONFIGURATION0_DESCR
                0x00001f08                USBFS_1_DEVICE0_DESCR
 .rodata.str1.1
                0x00001f1a        0x2 c:/program files (x86)/cypress/psoc creator/4.4/psoc creator/import/gnu/arm/5.4.1/bin/../lib/gcc/arm-none-eabi/5.4.1/../../../../arm-none-eabi/lib/armv7-m\libg_nano.a(lib_a-impure.o)
                0x00001f1c                . = ALIGN (0x4)
 *(.init)
 .init          0x00001f1c        0x4 c:/program files (x86)/cypress/psoc creator/4.4/psoc creator/import/gnu/arm/5.4.1/bin/../lib/gcc/arm-none-eabi/5.4.1/armv7-m/crti.o
                0x00001f1c                _init
 .init          0x00001f20        0x8 c:/program files (x86)/cypress/psoc creator/4.4/psoc creator/import/gnu/arm/5.4.1/bin/../lib/gcc/arm-none-eabi/5.4.1/armv7-m/crtn.o
                0x00001f28                . = ALIGN (0x4)
                0x00001f28                __preinit_array_start = .
 *(.preinit_array)
                0x00001f28                __preinit_array_end = .
                0x00001f28                . = ALIGN (0x4)
                0x00001f28                __init_array_start = .
 *(SORT(.init_array.*))
 *(.init_array)
 .init_array    0x00001f28        0x4 c:/program files (x86)/cypress/psoc creator/4.4/psoc creator/import/gnu/arm/5.4.1/bin/../lib/gcc/arm-none-eabi/5.4.1/armv7-m/crtbegin.o
 .init_array    0x00001f2c        0x4 .\CortexM3\ARM_GCC_541\Debug\Cm3Start.o
                0x00001f30                __init_array_end = .
                0x00001f30                . = ALIGN (0x4)
 *(.fini)
 .fini          0x00001f30        0x4 c:/program files (x86)/cypress/psoc creator/4.4/psoc creator/import/gnu/arm/5.4.1/bin/../lib/gcc/arm-none-eabi/5.4.1/armv7-m/crti.o
                0x00001f30                _fini
 .fini          0x00001f34        0x8 c:/program files (x86)/cypress/psoc creator/4.4/psoc creator/import/gnu/arm/5.4.1/bin/../lib/gcc/arm-none-eabi/5.4.1/armv7-m/crtn.o
                0x00001f3c                . = ALIGN (0x4)
                0x00001f3c                __fini_array_start = .
 *(.fini_array)
 .fini_array    0x00001f3c        0x4 c:/program files (x86)/cypress/psoc creator/4.4/psoc creator/import/gnu/arm/5.4.1/bin/../lib/gcc/arm-none-eabi/5.4.1/armv7-m/crtbegin.o
 *(SORT(.fini_array.*))
                0x00001f40                __fini_array_end = .
                0x00001f40                . = ALIGN (0x4)
 *crtbegin.o(.ctors)
 *(EXCLUDE_FILE(*crtend.o) .ctors)
 *(SORT(.ctors.*))
 *crtend.o(.ctors)
                0x00001f40                . = ALIGN (0x4)
 *crtbegin.o(.dtors)
 *(EXCLUDE_FILE(*crtend.o) .dtors)
 *(SORT(.dtors.*))
 *crtend.o(.dtors)
                0x00001f40                . = ALIGN (0x4)
                0x00001f40                __cy_regions = .
                0x00001f40        0x4 LONG 0x1f50 __cy_region_init_ram
                0x00001f44        0x4 LONG 0x1fff80c8 __cy_region_start_data
                0x00001f48        0x4 LONG 0x78 __cy_region_init_size_ram
                0x00001f4c        0x4 LONG 0xd8 __cy_region_zero_size_ram
                0x00001f50                __cy_regions_end = .
                0x00001f50                . = ALIGN (0x8)
                0x00001f50                _etext = .

.cy_checksum_exclude
                0x00001f50        0x0
 *(.cy_checksum_exclude)

.ramvectors     0x1fff8000       0xc0
                0x1fff8000                __cy_region_start_ram = .
 *(.ramvectors)
 .ramvectors    0x1fff8000       0xc0 .\CortexM3\ARM_GCC_541\Debug\Cm3Start.o
                0x1fff8000                CyRamVectors

.noinit         0x1fff80c0        0x1
 *(.noinit)
 .noinit        0x1fff80c0        0x1 .\CortexM3\ARM_GCC_541\Debug\HIDJoystick.a(CyLib.o)
                0x1fff80c0                CyResetStatus

.data           0x1fff80c8       0x78 load address 0x00001f50
                0x1fff80c8                __cy_region_start_data = .
 *(.jcr)
 .jcr           0x1fff80c8        0x0 c:/program files (x86)/cypress/psoc creator/4.4/psoc creator/import/gnu/arm/5.4.1/bin/../lib/gcc/arm-none-eabi/5.4.1/armv7-m/crtbegin.o
 .jcr           0x1fff80c8        0x4 c:/program files (x86)/cypress/psoc creator/4.4/psoc creator/import/gnu/arm/5.4.1/bin/../lib/gcc/arm-none-eabi/5.4.1/armv7-m/crtend.o
 *(.got.plt)
 *(.got)
 *(.shdata)
 *(.data .data.* .gnu.linkonce.d.*)
 .data          0x1fff80cc       0x10 .\CortexM3\ARM_GCC_541\Debug\HIDJoystick.a(CyLib.o)
                0x1fff80cc                cydelay_32k_ms
                0x1fff80d0                cydelay_freq_khz
                0x1fff80d4                cydelay_freq_mhz
                0x1fff80d8                cydelay_freq_hz
 .data.impure_data
                0x1fff80dc       0x60 c:/program files (x86)/cypress/psoc creator/4.4/psoc creator/import/gnu/arm/5.4.1/bin/../lib/gcc/arm-none-eabi/5.4.1/../../../../arm-none-eabi/lib/armv7-m\libg_nano.a(lib_a-impure.o)
 .data._impure_ptr
                0x1fff813c        0x4 c:/program files (x86)/cypress/psoc creator/4.4/psoc creator/import/gnu/arm/5.4.1/bin/../lib/gcc/arm-none-eabi/5.4.1/../../../../arm-none-eabi/lib/armv7-m\libg_nano.a(lib_a-impure.o)
                0x1fff813c                _impure_ptr
                0x1fff8140                . = ALIGN (0x8)
 *(.ram)
                0x1fff8140                _edata = .

.igot.plt       0x1fff8140        0x0 load address 0x00001fc8
 .igot.plt      0x1fff8140        0x0 c:/program files (x86)/cypress/psoc creator/4.4/psoc creator/import/gnu/arm/5.4.1/bin/../lib/gcc/arm-none-eabi/5.4.1/armv7-m/crtbegin.o

.bss            0x1fff8140       0xd8 load address 0x00001fc8
                0x1fff8140                PROVIDE (__bss_start__, .)
 *(.shbss)
 *(.bss .bss.* .gnu.linkonce.b.*)
 .bss           0x1fff8140       0x1c c:/program files (x86)/cypress/psoc creator/4.4/psoc creator/import/gnu/arm/5.4.1/bin/../lib/gcc/arm-none-eabi/5.4.1/armv7-m/crtbegin.o
 .bss           0x1fff815c        0x6 .\CortexM3\ARM_GCC_541\Debug\main.o
 .bss           0x1fff8162        0x2 .\CortexM3\ARM_GCC_541\Debug\HIDJoystick.a(LCD_Char_1.o)
                0x1fff8162                LCD_Char_1_enableState
                0x1fff8163                LCD_Char_1_initVar
 .bss           0x1fff8164        0x1 .\CortexM3\ARM_GCC_541\Debug\HIDJoystick.a(USBFS_1.o)
                0x1fff8164                USBFS_1_initVar
 *fill*         0x1fff8165        0x3 
 .bss           0x1fff8168        0x2 .\CortexM3\ARM_GCC_541\Debug\HIDJoystick.a(USBFS_1_std.o)
 *(COMMON)
 *fill*         0x1fff816a        0x2 
 COMMON         0x1fff816c       0x96 .\CortexM3\ARM_GCC_541\Debug\HIDJoystick.a(USBFS_1_drv.o)
                0x1fff816c                USBFS_1_lastPacketSize
                0x1fff816e                USBFS_1_transferByteCount
                0x1fff8170                USBFS_1_interfaceSetting
                0x1fff8174                USBFS_1_interfaceClass
                0x1fff8178                USBFS_1_device
                0x1fff8179                USBFS_1_deviceAddress
                0x1fff817a                USBFS_1_ep0Count
                0x1fff817b                USBFS_1_ep0Mode
                0x1fff817c                USBFS_1_currentTD
                0x1fff8188                USBFS_1_configuration
                0x1fff818c                USBFS_1_interfaceSettingLast
                0x1fff818d                USBFS_1_interfaceNumber
                0x1fff818e                USBFS_1_configurationChanged
                0x1fff818f                USBFS_1_transferState
                0x1fff8190                USBFS_1_EP
                0x1fff81fc                USBFS_1_ep0Toggle
                0x1fff8200                USBFS_1_interfaceStatus
                0x1fff8201                USBFS_1_deviceStatus
 *fill*         0x1fff8202        0x2 
 COMMON         0x1fff8204        0x9 .\CortexM3\ARM_GCC_541\Debug\HIDJoystick.a(USBFS_1_hid.o)
                0x1fff8204                USBFS_1_hidIdleTimer
                0x1fff8208                USBFS_1_hidIdleRate
                0x1fff820c                USBFS_1_hidProtocol
 *fill*         0x1fff820d        0x3 
 COMMON         0x1fff8210        0x8 .\CortexM3\ARM_GCC_541\Debug\HIDJoystick.a(USBFS_1_descr.o)
                0x1fff8210                USBFS_1_DEVICE0_CONFIGURATION0_INTERFACE0_ALTERNATE0_HID_IN_RPT_SCB
                0x1fff8214                USBFS_1_DEVICE0_CONFIGURATION0_INTERFACE0_ALTERNATE0_HID_IN_BUF
                0x1fff8218                . = ALIGN (0x8)
 *(.ram.b)
                0x1fff8218                _end = .
                0x1fff8218                __end = .
                0x1fff8218                PROVIDE (end, .)
                0x1fff8218                PROVIDE (__bss_end__, .)
                0x00001f50                __cy_region_init_ram = LOADADDR (.data)
                0x00000078                __cy_region_init_size_ram = (_edata - ADDR (.data))
                0x000000d8                __cy_region_zero_size_ram = (_end - _edata)

.heap           0x1fff8218       0x80 load address 0x00001fc8
                0x1fff8218                . = _end
                0x1fff8298                . = (. + 0x80)
 *fill*         0x1fff8218       0x80 
                0x1fff8298                __cy_heap_limit = .

.stack          0x20007800      0x800
                0x20007800                __cy_stack_limit = .
                0x20008000                . = (. + 0x800)
 *fill*         0x20007800      0x800 
                0x00000001                ASSERT ((__cy_stack_limit >= __cy_heap_limit), region RAM overflowed with stack)
                0x00000000                cy_checksum_exclude_size = (CY_APPL_LOADABLE == 0x1)?SIZEOF (.cy_checksum_exclude):0x0
                0x00000001                ASSERT ((cy_checksum_exclude_size <= CY_CHECKSUM_EXCLUDE_SIZE), CY_BOOT: Section .cy_checksum_exclude size exceedes specified limit.)

.cyloadermeta
 *(.cyloadermeta)

.cyloadablemeta
 *(.cyloadablemeta)

.cyconfigecc    0x80000000       0x8c
 *(.cyconfigecc)
 .cyconfigecc   0x80000000       0x8c .\CortexM3\ARM_GCC_541\Debug\cymetadata.o
                0x80000000                cy_meta_configecc

.cycustnvl      0x90000000        0x4
 *(.cycustnvl)
 .cycustnvl     0x90000000        0x4 .\CortexM3\ARM_GCC_541\Debug\cymetadata.o
                0x90000000                cy_meta_custnvl

.cywolatch      0x90100000        0x4
 *(.cywolatch)
 .cywolatch     0x90100000        0x4 .\CortexM3\ARM_GCC_541\Debug\cymetadata.o
                0x90100000                cy_meta_wonvl

.cyeeprom       0x90200000        0x0
 *(.cyeeprom)
                0x00000001                ASSERT ((. <= ((0x90200000 + ee_offset) + ee_size)), .cyeeprom data will not fit in EEPROM)

.cyflashprotect
                0x90400000      0x100
 *(.cyflashprotect)
 .cyflashprotect
                0x90400000      0x100 .\CortexM3\ARM_GCC_541\Debug\cymetadata.o
                0x90400000                cy_meta_flashprotect

.cymeta         0x90500000        0xc
 *(.cymeta)
 .cymeta        0x90500000        0xc .\CortexM3\ARM_GCC_541\Debug\cymetadata.o
                0x90500000                cy_metadata

.rel.dyn        0x00001fc8        0x0 load address 0x9050000c
 .rel.iplt      0x00001fc8        0x0 c:/program files (x86)/cypress/psoc creator/4.4/psoc creator/import/gnu/arm/5.4.1/bin/../lib/gcc/arm-none-eabi/5.4.1/armv7-m/crtbegin.o

.stab
 *(.stab)

.stabstr
 *(.stabstr)

.debug
 *(.debug)

.line
 *(.line)

.debug_srcinfo
 *(.debug_srcinfo)

.debug_sfnames
 *(.debug_sfnames)

.debug_aranges  0x00000000      0xd38
 *(.debug_aranges)
 .debug_aranges
                0x00000000       0x38 .\CortexM3\ARM_GCC_541\Debug\main.o
 .debug_aranges
                0x00000038       0x58 .\CortexM3\ARM_GCC_541\Debug\cyfitter_cfg.o
 .debug_aranges
                0x00000090       0x18 .\CortexM3\ARM_GCC_541\Debug\cymetadata.o
 .debug_aranges
                0x000000a8       0x48 .\CortexM3\ARM_GCC_541\Debug\Cm3Start.o
 .debug_aranges
                0x000000f0       0x98 .\CortexM3\ARM_GCC_541\Debug\HIDJoystick.a(LCD_Char_1.o)
 .debug_aranges
                0x00000188       0xc8 .\CortexM3\ARM_GCC_541\Debug\HIDJoystick.a(USBFS_1.o)
 .debug_aranges
                0x00000250       0x98 .\CortexM3\ARM_GCC_541\Debug\HIDJoystick.a(USBFS_1_drv.o)
 .debug_aranges
                0x000002e8       0x28 .\CortexM3\ARM_GCC_541\Debug\HIDJoystick.a(USBFS_1_episr.o)
 .debug_aranges
                0x00000310       0x48 .\CortexM3\ARM_GCC_541\Debug\HIDJoystick.a(USBFS_1_hid.o)
 .debug_aranges
                0x00000358       0x40 .\CortexM3\ARM_GCC_541\Debug\HIDJoystick.a(USBFS_1_pm.o)
 .debug_aranges
                0x00000398       0x78 .\CortexM3\ARM_GCC_541\Debug\HIDJoystick.a(USBFS_1_std.o)
 .debug_aranges
                0x00000410       0x20 .\CortexM3\ARM_GCC_541\Debug\HIDJoystick.a(USBFS_1_vnd.o)
 .debug_aranges
                0x00000430       0x48 .\CortexM3\ARM_GCC_541\Debug\HIDJoystick.a(USBFS_1_Dp.o)
 .debug_aranges
                0x00000478      0x2a0 .\CortexM3\ARM_GCC_541\Debug\HIDJoystick.a(CyLib.o)
 .debug_aranges
                0x00000718       0x98 .\CortexM3\ARM_GCC_541\Debug\HIDJoystick.a(cyPm.o)
 .debug_aranges
                0x000007b0       0x38 .\CortexM3\ARM_GCC_541\Debug\HIDJoystick.a(C1.o)
 .debug_aranges
                0x000007e8       0x38 .\CortexM3\ARM_GCC_541\Debug\HIDJoystick.a(C2.o)
 .debug_aranges
                0x00000820       0x38 .\CortexM3\ARM_GCC_541\Debug\HIDJoystick.a(C3.o)
 .debug_aranges
                0x00000858       0x38 .\CortexM3\ARM_GCC_541\Debug\HIDJoystick.a(C4.o)
 .debug_aranges
                0x00000890       0x38 .\CortexM3\ARM_GCC_541\Debug\HIDJoystick.a(C5.o)
 .debug_aranges
                0x000008c8       0x38 .\CortexM3\ARM_GCC_541\Debug\HIDJoystick.a(AP.o)
 .debug_aranges
                0x00000900       0x38 .\CortexM3\ARM_GCC_541\Debug\HIDJoystick.a(AL.o)
 .debug_aranges
                0x00000938       0x38 .\CortexM3\ARM_GCC_541\Debug\HIDJoystick.a(AH.o)
 .debug_aranges
                0x00000970       0x38 .\CortexM3\ARM_GCC_541\Debug\HIDJoystick.a(SW1.o)
 .debug_aranges
                0x000009a8       0x38 .\CortexM3\ARM_GCC_541\Debug\HIDJoystick.a(R4L.o)
 .debug_aranges
                0x000009e0       0x38 .\CortexM3\ARM_GCC_541\Debug\HIDJoystick.a(R3L.o)
 .debug_aranges
                0x00000a18       0x38 .\CortexM3\ARM_GCC_541\Debug\HIDJoystick.a(R4R.o)
 .debug_aranges
                0x00000a50       0x38 .\CortexM3\ARM_GCC_541\Debug\HIDJoystick.a(R3R.o)
 .debug_aranges
                0x00000a88       0x38 .\CortexM3\ARM_GCC_541\Debug\HIDJoystick.a(R2R.o)
 .debug_aranges
                0x00000ac0       0x38 .\CortexM3\ARM_GCC_541\Debug\HIDJoystick.a(R2L.o)
 .debug_aranges
                0x00000af8       0x38 .\CortexM3\ARM_GCC_541\Debug\HIDJoystick.a(R1.o)
 .debug_aranges
                0x00000b30       0x38 .\CortexM3\ARM_GCC_541\Debug\HIDJoystick.a(U3.o)
 .debug_aranges
                0x00000b68       0x38 .\CortexM3\ARM_GCC_541\Debug\HIDJoystick.a(U1.o)
 .debug_aranges
                0x00000ba0       0x38 .\CortexM3\ARM_GCC_541\Debug\HIDJoystick.a(U2.o)
 .debug_aranges
                0x00000bd8       0x20 .\CortexM3\ARM_GCC_541\Debug\HIDJoystick.a(CyBootAsmGnu.o)
 .debug_aranges
                0x00000bf8       0x20 .\CortexM3\ARM_GCC_541\Debug\HIDJoystick.a(USBFS_1_cls.o)
 .debug_aranges
                0x00000c18       0x18 .\CortexM3\ARM_GCC_541\Debug\HIDJoystick.a(USBFS_1_descr.o)
 .debug_aranges
                0x00000c30       0x88 .\CortexM3\ARM_GCC_541\Debug\HIDJoystick.a(CyFlash.o)
 .debug_aranges
                0x00000cb8       0x80 .\CortexM3\ARM_GCC_541\Debug\HIDJoystick.a(CySpc.o)

.debug_pubnames
 *(.debug_pubnames)

.debug_info     0x00000000     0x80ae
 *(.debug_info .gnu.linkonce.wi.*)
 .debug_info    0x00000000      0x5d1 .\CortexM3\ARM_GCC_541\Debug\main.o
 .debug_info    0x000005d1      0x516 .\CortexM3\ARM_GCC_541\Debug\cyfitter_cfg.o
 .debug_info    0x00000ae7      0x134 .\CortexM3\ARM_GCC_541\Debug\cymetadata.o
 .debug_info    0x00000c1b      0x3bb .\CortexM3\ARM_GCC_541\Debug\Cm3Start.o
 .debug_info    0x00000fd6      0x715 .\CortexM3\ARM_GCC_541\Debug\HIDJoystick.a(LCD_Char_1.o)
 .debug_info    0x000016eb      0x942 .\CortexM3\ARM_GCC_541\Debug\HIDJoystick.a(USBFS_1.o)
 .debug_info    0x0000202d      0x655 .\CortexM3\ARM_GCC_541\Debug\HIDJoystick.a(USBFS_1_drv.o)
 .debug_info    0x00002682      0x220 .\CortexM3\ARM_GCC_541\Debug\HIDJoystick.a(USBFS_1_episr.o)
 .debug_info    0x000028a2      0x43b .\CortexM3\ARM_GCC_541\Debug\HIDJoystick.a(USBFS_1_hid.o)
 .debug_info    0x00002cdd      0x2e4 .\CortexM3\ARM_GCC_541\Debug\HIDJoystick.a(USBFS_1_pm.o)
 .debug_info    0x00002fc1      0x9ed .\CortexM3\ARM_GCC_541\Debug\HIDJoystick.a(USBFS_1_std.o)
 .debug_info    0x000039ae       0xed .\CortexM3\ARM_GCC_541\Debug\HIDJoystick.a(USBFS_1_vnd.o)
 .debug_info    0x00003a9b      0x174 .\CortexM3\ARM_GCC_541\Debug\HIDJoystick.a(USBFS_1_Dp.o)
 .debug_info    0x00003c0f     0x1374 .\CortexM3\ARM_GCC_541\Debug\HIDJoystick.a(CyLib.o)
 .debug_info    0x00004f83      0xa2a .\CortexM3\ARM_GCC_541\Debug\HIDJoystick.a(cyPm.o)
 .debug_info    0x000059ad      0x11f .\CortexM3\ARM_GCC_541\Debug\HIDJoystick.a(C1.o)
 .debug_info    0x00005acc      0x11f .\CortexM3\ARM_GCC_541\Debug\HIDJoystick.a(C2.o)
 .debug_info    0x00005beb      0x11f .\CortexM3\ARM_GCC_541\Debug\HIDJoystick.a(C3.o)
 .debug_info    0x00005d0a      0x11f .\CortexM3\ARM_GCC_541\Debug\HIDJoystick.a(C4.o)
 .debug_info    0x00005e29      0x11f .\CortexM3\ARM_GCC_541\Debug\HIDJoystick.a(C5.o)
 .debug_info    0x00005f48      0x11f .\CortexM3\ARM_GCC_541\Debug\HIDJoystick.a(AP.o)
 .debug_info    0x00006067      0x11f .\CortexM3\ARM_GCC_541\Debug\HIDJoystick.a(AL.o)
 .debug_info    0x00006186      0x11f .\CortexM3\ARM_GCC_541\Debug\HIDJoystick.a(AH.o)
 .debug_info    0x000062a5      0x11f .\CortexM3\ARM_GCC_541\Debug\HIDJoystick.a(SW1.o)
 .debug_info    0x000063c4      0x11f .\CortexM3\ARM_GCC_541\Debug\HIDJoystick.a(R4L.o)
 .debug_info    0x000064e3      0x11f .\CortexM3\ARM_GCC_541\Debug\HIDJoystick.a(R3L.o)
 .debug_info    0x00006602      0x11f .\CortexM3\ARM_GCC_541\Debug\HIDJoystick.a(R4R.o)
 .debug_info    0x00006721      0x11f .\CortexM3\ARM_GCC_541\Debug\HIDJoystick.a(R3R.o)
 .debug_info    0x00006840      0x11f .\CortexM3\ARM_GCC_541\Debug\HIDJoystick.a(R2R.o)
 .debug_info    0x0000695f      0x11f .\CortexM3\ARM_GCC_541\Debug\HIDJoystick.a(R2L.o)
 .debug_info    0x00006a7e      0x11f .\CortexM3\ARM_GCC_541\Debug\HIDJoystick.a(R1.o)
 .debug_info    0x00006b9d      0x11f .\CortexM3\ARM_GCC_541\Debug\HIDJoystick.a(U3.o)
 .debug_info    0x00006cbc      0x11f .\CortexM3\ARM_GCC_541\Debug\HIDJoystick.a(U1.o)
 .debug_info    0x00006ddb      0x11f .\CortexM3\ARM_GCC_541\Debug\HIDJoystick.a(U2.o)
 .debug_info    0x00006efa       0x9a .\CortexM3\ARM_GCC_541\Debug\HIDJoystick.a(CyBootAsmGnu.o)
 .debug_info    0x00006f94      0x1de .\CortexM3\ARM_GCC_541\Debug\HIDJoystick.a(USBFS_1_cls.o)
 .debug_info    0x00007172      0x39f .\CortexM3\ARM_GCC_541\Debug\HIDJoystick.a(USBFS_1_descr.o)
 .debug_info    0x00007511      0x64d .\CortexM3\ARM_GCC_541\Debug\HIDJoystick.a(CyFlash.o)
 .debug_info    0x00007b5e      0x550 .\CortexM3\ARM_GCC_541\Debug\HIDJoystick.a(CySpc.o)

.debug_abbrev   0x00000000     0x2461
 *(.debug_abbrev)
 .debug_abbrev  0x00000000      0x125 .\CortexM3\ARM_GCC_541\Debug\main.o
 .debug_abbrev  0x00000125      0x1fe .\CortexM3\ARM_GCC_541\Debug\cyfitter_cfg.o
 .debug_abbrev  0x00000323       0x5d .\CortexM3\ARM_GCC_541\Debug\cymetadata.o
 .debug_abbrev  0x00000380      0x1e8 .\CortexM3\ARM_GCC_541\Debug\Cm3Start.o
 .debug_abbrev  0x00000568      0x157 .\CortexM3\ARM_GCC_541\Debug\HIDJoystick.a(LCD_Char_1.o)
 .debug_abbrev  0x000006bf      0x215 .\CortexM3\ARM_GCC_541\Debug\HIDJoystick.a(USBFS_1.o)
 .debug_abbrev  0x000008d4      0x189 .\CortexM3\ARM_GCC_541\Debug\HIDJoystick.a(USBFS_1_drv.o)
 .debug_abbrev  0x00000a5d      0x103 .\CortexM3\ARM_GCC_541\Debug\HIDJoystick.a(USBFS_1_episr.o)
 .debug_abbrev  0x00000b60      0x16d .\CortexM3\ARM_GCC_541\Debug\HIDJoystick.a(USBFS_1_hid.o)
 .debug_abbrev  0x00000ccd      0x108 .\CortexM3\ARM_GCC_541\Debug\HIDJoystick.a(USBFS_1_pm.o)
 .debug_abbrev  0x00000dd5      0x1d8 .\CortexM3\ARM_GCC_541\Debug\HIDJoystick.a(USBFS_1_std.o)
 .debug_abbrev  0x00000fad       0x9b .\CortexM3\ARM_GCC_541\Debug\HIDJoystick.a(USBFS_1_vnd.o)
 .debug_abbrev  0x00001048       0x90 .\CortexM3\ARM_GCC_541\Debug\HIDJoystick.a(USBFS_1_Dp.o)
 .debug_abbrev  0x000010d8      0x254 .\CortexM3\ARM_GCC_541\Debug\HIDJoystick.a(CyLib.o)
 .debug_abbrev  0x0000132c      0x1ab .\CortexM3\ARM_GCC_541\Debug\HIDJoystick.a(cyPm.o)
 .debug_abbrev  0x000014d7       0x90 .\CortexM3\ARM_GCC_541\Debug\HIDJoystick.a(C1.o)
 .debug_abbrev  0x00001567       0x90 .\CortexM3\ARM_GCC_541\Debug\HIDJoystick.a(C2.o)
 .debug_abbrev  0x000015f7       0x90 .\CortexM3\ARM_GCC_541\Debug\HIDJoystick.a(C3.o)
 .debug_abbrev  0x00001687       0x90 .\CortexM3\ARM_GCC_541\Debug\HIDJoystick.a(C4.o)
 .debug_abbrev  0x00001717       0x90 .\CortexM3\ARM_GCC_541\Debug\HIDJoystick.a(C5.o)
 .debug_abbrev  0x000017a7       0x90 .\CortexM3\ARM_GCC_541\Debug\HIDJoystick.a(AP.o)
 .debug_abbrev  0x00001837       0x90 .\CortexM3\ARM_GCC_541\Debug\HIDJoystick.a(AL.o)
 .debug_abbrev  0x000018c7       0x90 .\CortexM3\ARM_GCC_541\Debug\HIDJoystick.a(AH.o)
 .debug_abbrev  0x00001957       0x90 .\CortexM3\ARM_GCC_541\Debug\HIDJoystick.a(SW1.o)
 .debug_abbrev  0x000019e7       0x90 .\CortexM3\ARM_GCC_541\Debug\HIDJoystick.a(R4L.o)
 .debug_abbrev  0x00001a77       0x90 .\CortexM3\ARM_GCC_541\Debug\HIDJoystick.a(R3L.o)
 .debug_abbrev  0x00001b07       0x90 .\CortexM3\ARM_GCC_541\Debug\HIDJoystick.a(R4R.o)
 .debug_abbrev  0x00001b97       0x90 .\CortexM3\ARM_GCC_541\Debug\HIDJoystick.a(R3R.o)
 .debug_abbrev  0x00001c27       0x90 .\CortexM3\ARM_GCC_541\Debug\HIDJoystick.a(R2R.o)
 .debug_abbrev  0x00001cb7       0x90 .\CortexM3\ARM_GCC_541\Debug\HIDJoystick.a(R2L.o)
 .debug_abbrev  0x00001d47       0x90 .\CortexM3\ARM_GCC_541\Debug\HIDJoystick.a(R1.o)
 .debug_abbrev  0x00001dd7       0x90 .\CortexM3\ARM_GCC_541\Debug\HIDJoystick.a(U3.o)
 .debug_abbrev  0x00001e67       0x90 .\CortexM3\ARM_GCC_541\Debug\HIDJoystick.a(U1.o)
 .debug_abbrev  0x00001ef7       0x90 .\CortexM3\ARM_GCC_541\Debug\HIDJoystick.a(U2.o)
 .debug_abbrev  0x00001f87       0x14 .\CortexM3\ARM_GCC_541\Debug\HIDJoystick.a(CyBootAsmGnu.o)
 .debug_abbrev  0x00001f9b       0xe1 .\CortexM3\ARM_GCC_541\Debug\HIDJoystick.a(USBFS_1_cls.o)
 .debug_abbrev  0x0000207c       0xaa .\CortexM3\ARM_GCC_541\Debug\HIDJoystick.a(USBFS_1_descr.o)
 .debug_abbrev  0x00002126      0x1a7 .\CortexM3\ARM_GCC_541\Debug\HIDJoystick.a(CyFlash.o)
 .debug_abbrev  0x000022cd      0x194 .\CortexM3\ARM_GCC_541\Debug\HIDJoystick.a(CySpc.o)

.debug_line     0x00000000     0x325b
 *(.debug_line)
 .debug_line    0x00000000      0x295 .\CortexM3\ARM_GCC_541\Debug\main.o
 .debug_line    0x00000295      0x1d2 .\CortexM3\ARM_GCC_541\Debug\cyfitter_cfg.o
 .debug_line    0x00000467      0x141 .\CortexM3\ARM_GCC_541\Debug\cymetadata.o
 .debug_line    0x000005a8      0x234 .\CortexM3\ARM_GCC_541\Debug\Cm3Start.o
 .debug_line    0x000007dc      0x1e3 .\CortexM3\ARM_GCC_541\Debug\HIDJoystick.a(LCD_Char_1.o)
 .debug_line    0x000009bf      0x2f0 .\CortexM3\ARM_GCC_541\Debug\HIDJoystick.a(USBFS_1.o)
 .debug_line    0x00000caf      0x221 .\CortexM3\ARM_GCC_541\Debug\HIDJoystick.a(USBFS_1_drv.o)
 .debug_line    0x00000ed0       0x9f .\CortexM3\ARM_GCC_541\Debug\HIDJoystick.a(USBFS_1_episr.o)
 .debug_line    0x00000f6f      0x14f .\CortexM3\ARM_GCC_541\Debug\HIDJoystick.a(USBFS_1_hid.o)
 .debug_line    0x000010be      0x10e .\CortexM3\ARM_GCC_541\Debug\HIDJoystick.a(USBFS_1_pm.o)
 .debug_line    0x000011cc      0x36c .\CortexM3\ARM_GCC_541\Debug\HIDJoystick.a(USBFS_1_std.o)
 .debug_line    0x00001538       0x73 .\CortexM3\ARM_GCC_541\Debug\HIDJoystick.a(USBFS_1_vnd.o)
 .debug_line    0x000015ab       0xbb .\CortexM3\ARM_GCC_541\Debug\HIDJoystick.a(USBFS_1_Dp.o)
 .debug_line    0x00001666      0x816 .\CortexM3\ARM_GCC_541\Debug\HIDJoystick.a(CyLib.o)
 .debug_line    0x00001e7c      0x367 .\CortexM3\ARM_GCC_541\Debug\HIDJoystick.a(cyPm.o)
 .debug_line    0x000021e3       0x8f .\CortexM3\ARM_GCC_541\Debug\HIDJoystick.a(C1.o)
 .debug_line    0x00002272       0x8f .\CortexM3\ARM_GCC_541\Debug\HIDJoystick.a(C2.o)
 .debug_line    0x00002301       0x8f .\CortexM3\ARM_GCC_541\Debug\HIDJoystick.a(C3.o)
 .debug_line    0x00002390       0x8f .\CortexM3\ARM_GCC_541\Debug\HIDJoystick.a(C4.o)
 .debug_line    0x0000241f       0x8f .\CortexM3\ARM_GCC_541\Debug\HIDJoystick.a(C5.o)
 .debug_line    0x000024ae       0x8f .\CortexM3\ARM_GCC_541\Debug\HIDJoystick.a(AP.o)
 .debug_line    0x0000253d       0x8f .\CortexM3\ARM_GCC_541\Debug\HIDJoystick.a(AL.o)
 .debug_line    0x000025cc       0x8f .\CortexM3\ARM_GCC_541\Debug\HIDJoystick.a(AH.o)
 .debug_line    0x0000265b       0x90 .\CortexM3\ARM_GCC_541\Debug\HIDJoystick.a(SW1.o)
 .debug_line    0x000026eb       0x90 .\CortexM3\ARM_GCC_541\Debug\HIDJoystick.a(R4L.o)
 .debug_line    0x0000277b       0x90 .\CortexM3\ARM_GCC_541\Debug\HIDJoystick.a(R3L.o)
 .debug_line    0x0000280b       0x90 .\CortexM3\ARM_GCC_541\Debug\HIDJoystick.a(R4R.o)
 .debug_line    0x0000289b       0x90 .\CortexM3\ARM_GCC_541\Debug\HIDJoystick.a(R3R.o)
 .debug_line    0x0000292b       0x90 .\CortexM3\ARM_GCC_541\Debug\HIDJoystick.a(R2R.o)
 .debug_line    0x000029bb       0x90 .\CortexM3\ARM_GCC_541\Debug\HIDJoystick.a(R2L.o)
 .debug_line    0x00002a4b       0x8f .\CortexM3\ARM_GCC_541\Debug\HIDJoystick.a(R1.o)
 .debug_line    0x00002ada       0x8f .\CortexM3\ARM_GCC_541\Debug\HIDJoystick.a(U3.o)
 .debug_line    0x00002b69       0x8f .\CortexM3\ARM_GCC_541\Debug\HIDJoystick.a(U1.o)
 .debug_line    0x00002bf8       0x8f .\CortexM3\ARM_GCC_541\Debug\HIDJoystick.a(U2.o)
 .debug_line    0x00002c87       0x66 .\CortexM3\ARM_GCC_541\Debug\HIDJoystick.a(CyBootAsmGnu.o)
 .debug_line    0x00002ced       0x93 .\CortexM3\ARM_GCC_541\Debug\HIDJoystick.a(USBFS_1_cls.o)
 .debug_line    0x00002d80       0x61 .\CortexM3\ARM_GCC_541\Debug\HIDJoystick.a(USBFS_1_descr.o)
 .debug_line    0x00002de1      0x21a .\CortexM3\ARM_GCC_541\Debug\HIDJoystick.a(CyFlash.o)
 .debug_line    0x00002ffb      0x260 .\CortexM3\ARM_GCC_541\Debug\HIDJoystick.a(CySpc.o)

.debug_frame    0x00000000     0x1de0
 *(.debug_frame)
 .debug_frame   0x00000000       0x74 .\CortexM3\ARM_GCC_541\Debug\main.o
 .debug_frame   0x00000074       0xe4 .\CortexM3\ARM_GCC_541\Debug\cyfitter_cfg.o
 .debug_frame   0x00000158       0xb8 .\CortexM3\ARM_GCC_541\Debug\Cm3Start.o
 .debug_frame   0x00000210      0x1e8 .\CortexM3\ARM_GCC_541\Debug\HIDJoystick.a(LCD_Char_1.o)
 .debug_frame   0x000003f8      0x1dc .\CortexM3\ARM_GCC_541\Debug\HIDJoystick.a(USBFS_1.o)
 .debug_frame   0x000005d4      0x194 .\CortexM3\ARM_GCC_541\Debug\HIDJoystick.a(USBFS_1_drv.o)
 .debug_frame   0x00000768       0x3c .\CortexM3\ARM_GCC_541\Debug\HIDJoystick.a(USBFS_1_episr.o)
 .debug_frame   0x000007a4       0xa0 .\CortexM3\ARM_GCC_541\Debug\HIDJoystick.a(USBFS_1_hid.o)
 .debug_frame   0x00000844       0xa0 .\CortexM3\ARM_GCC_541\Debug\HIDJoystick.a(USBFS_1_pm.o)
 .debug_frame   0x000008e4      0x150 .\CortexM3\ARM_GCC_541\Debug\HIDJoystick.a(USBFS_1_std.o)
 .debug_frame   0x00000a34       0x20 .\CortexM3\ARM_GCC_541\Debug\HIDJoystick.a(USBFS_1_vnd.o)
 .debug_frame   0x00000a54       0x70 .\CortexM3\ARM_GCC_541\Debug\HIDJoystick.a(USBFS_1_Dp.o)
 .debug_frame   0x00000ac4      0x738 .\CortexM3\ARM_GCC_541\Debug\HIDJoystick.a(CyLib.o)
 .debug_frame   0x000011fc      0x1f8 .\CortexM3\ARM_GCC_541\Debug\HIDJoystick.a(cyPm.o)
 .debug_frame   0x000013f4       0x50 .\CortexM3\ARM_GCC_541\Debug\HIDJoystick.a(C1.o)
 .debug_frame   0x00001444       0x50 .\CortexM3\ARM_GCC_541\Debug\HIDJoystick.a(C2.o)
 .debug_frame   0x00001494       0x50 .\CortexM3\ARM_GCC_541\Debug\HIDJoystick.a(C3.o)
 .debug_frame   0x000014e4       0x50 .\CortexM3\ARM_GCC_541\Debug\HIDJoystick.a(C4.o)
 .debug_frame   0x00001534       0x50 .\CortexM3\ARM_GCC_541\Debug\HIDJoystick.a(C5.o)
 .debug_frame   0x00001584       0x50 .\CortexM3\ARM_GCC_541\Debug\HIDJoystick.a(AP.o)
 .debug_frame   0x000015d4       0x50 .\CortexM3\ARM_GCC_541\Debug\HIDJoystick.a(AL.o)
 .debug_frame   0x00001624       0x50 .\CortexM3\ARM_GCC_541\Debug\HIDJoystick.a(AH.o)
 .debug_frame   0x00001674       0x50 .\CortexM3\ARM_GCC_541\Debug\HIDJoystick.a(SW1.o)
 .debug_frame   0x000016c4       0x50 .\CortexM3\ARM_GCC_541\Debug\HIDJoystick.a(R4L.o)
 .debug_frame   0x00001714       0x50 .\CortexM3\ARM_GCC_541\Debug\HIDJoystick.a(R3L.o)
 .debug_frame   0x00001764       0x50 .\CortexM3\ARM_GCC_541\Debug\HIDJoystick.a(R4R.o)
 .debug_frame   0x000017b4       0x50 .\CortexM3\ARM_GCC_541\Debug\HIDJoystick.a(R3R.o)
 .debug_frame   0x00001804       0x50 .\CortexM3\ARM_GCC_541\Debug\HIDJoystick.a(R2R.o)
 .debug_frame   0x00001854       0x50 .\CortexM3\ARM_GCC_541\Debug\HIDJoystick.a(R2L.o)
 .debug_frame   0x000018a4       0x50 .\CortexM3\ARM_GCC_541\Debug\HIDJoystick.a(R1.o)
 .debug_frame   0x000018f4       0x50 .\CortexM3\ARM_GCC_541\Debug\HIDJoystick.a(U3.o)
 .debug_frame   0x00001944       0x50 .\CortexM3\ARM_GCC_541\Debug\HIDJoystick.a(U1.o)
 .debug_frame   0x00001994       0x50 .\CortexM3\ARM_GCC_541\Debug\HIDJoystick.a(U2.o)
 .debug_frame   0x000019e4       0x2c .\CortexM3\ARM_GCC_541\Debug\HIDJoystick.a(USBFS_1_cls.o)
 .debug_frame   0x00001a10      0x194 .\CortexM3\ARM_GCC_541\Debug\HIDJoystick.a(CyFlash.o)
 .debug_frame   0x00001ba4      0x180 .\CortexM3\ARM_GCC_541\Debug\HIDJoystick.a(CySpc.o)
 .debug_frame   0x00001d24       0x20 c:/program files (x86)/cypress/psoc creator/4.4/psoc creator/import/gnu/arm/5.4.1/bin/../lib/gcc/arm-none-eabi/5.4.1/../../../../arm-none-eabi/lib/armv7-m\libg_nano.a(lib_a-errno.o)
 .debug_frame   0x00001d44       0x28 c:/program files (x86)/cypress/psoc creator/4.4/psoc creator/import/gnu/arm/5.4.1/bin/../lib/gcc/arm-none-eabi/5.4.1/../../../../arm-none-eabi/lib/armv7-m\libg_nano.a(lib_a-exit.o)
 .debug_frame   0x00001d6c       0x2c c:/program files (x86)/cypress/psoc creator/4.4/psoc creator/import/gnu/arm/5.4.1/bin/../lib/gcc/arm-none-eabi/5.4.1/../../../../arm-none-eabi/lib/armv7-m\libg_nano.a(lib_a-init.o)
 .debug_frame   0x00001d98       0x28 c:/program files (x86)/cypress/psoc creator/4.4/psoc creator/import/gnu/arm/5.4.1/bin/../lib/gcc/arm-none-eabi/5.4.1/../../../../arm-none-eabi/lib/armv7-m\libg_nano.a(lib_a-memcpy-stub.o)
 .debug_frame   0x00001dc0       0x20 c:/program files (x86)/cypress/psoc creator/4.4/psoc creator/import/gnu/arm/5.4.1/bin/../lib/gcc/arm-none-eabi/5.4.1/../../../../arm-none-eabi/lib/armv7-m\libg_nano.a(lib_a-memset.o)

.debug_str      0x00000000     0x2a2f
 *(.debug_str)
 .debug_str     0x00000000      0x2f2 .\CortexM3\ARM_GCC_541\Debug\main.o
                                0x33f (size before relaxing)
 .debug_str     0x000002f2      0x181 .\CortexM3\ARM_GCC_541\Debug\cyfitter_cfg.o
                                0x319 (size before relaxing)
 .debug_str     0x00000473       0x7f .\CortexM3\ARM_GCC_541\Debug\cymetadata.o
                                0x1ee (size before relaxing)
 .debug_str     0x000004f2      0x144 .\CortexM3\ARM_GCC_541\Debug\Cm3Start.o
                                0x314 (size before relaxing)
 .debug_str     0x00000636      0x1d1 .\CortexM3\ARM_GCC_541\Debug\HIDJoystick.a(LCD_Char_1.o)
                                0x3c1 (size before relaxing)
 .debug_str     0x00000807      0x461 .\CortexM3\ARM_GCC_541\Debug\HIDJoystick.a(USBFS_1.o)
                                0x688 (size before relaxing)
 .debug_str     0x00000c68      0x35a .\CortexM3\ARM_GCC_541\Debug\HIDJoystick.a(USBFS_1_drv.o)
                                0x652 (size before relaxing)
 .debug_str     0x00000fc2       0x4e .\CortexM3\ARM_GCC_541\Debug\HIDJoystick.a(USBFS_1_episr.o)
                                0x2b7 (size before relaxing)
 .debug_str     0x00001010      0x13a .\CortexM3\ARM_GCC_541\Debug\HIDJoystick.a(USBFS_1_hid.o)
                                0x40c (size before relaxing)
 .debug_str     0x0000114a       0xc6 .\CortexM3\ARM_GCC_541\Debug\HIDJoystick.a(USBFS_1_pm.o)
                                0x2fa (size before relaxing)
 .debug_str     0x00001210      0x208 .\CortexM3\ARM_GCC_541\Debug\HIDJoystick.a(USBFS_1_std.o)
                                0x72a (size before relaxing)
 .debug_str     0x00001418       0x25 .\CortexM3\ARM_GCC_541\Debug\HIDJoystick.a(USBFS_1_vnd.o)
                                0x1f7 (size before relaxing)
 .debug_str     0x0000143d       0xa4 .\CortexM3\ARM_GCC_541\Debug\HIDJoystick.a(USBFS_1_Dp.o)
                                0x24b (size before relaxing)
 .debug_str     0x000014e1      0x7e1 .\CortexM3\ARM_GCC_541\Debug\HIDJoystick.a(CyLib.o)
                                0xa51 (size before relaxing)
 .debug_str     0x00001cc2      0x365 .\CortexM3\ARM_GCC_541\Debug\HIDJoystick.a(cyPm.o)
                                0x73d (size before relaxing)
 .debug_str     0x00002027       0x44 .\CortexM3\ARM_GCC_541\Debug\HIDJoystick.a(C1.o)
                                0x1dd (size before relaxing)
 .debug_str     0x0000206b       0x44 .\CortexM3\ARM_GCC_541\Debug\HIDJoystick.a(C2.o)
                                0x1dd (size before relaxing)
 .debug_str     0x000020af       0x44 .\CortexM3\ARM_GCC_541\Debug\HIDJoystick.a(C3.o)
                                0x1dd (size before relaxing)
 .debug_str     0x000020f3       0x44 .\CortexM3\ARM_GCC_541\Debug\HIDJoystick.a(C4.o)
                                0x1dd (size before relaxing)
 .debug_str     0x00002137       0x44 .\CortexM3\ARM_GCC_541\Debug\HIDJoystick.a(C5.o)
                                0x1dd (size before relaxing)
 .debug_str     0x0000217b       0x44 .\CortexM3\ARM_GCC_541\Debug\HIDJoystick.a(AP.o)
                                0x1dd (size before relaxing)
 .debug_str     0x000021bf       0x44 .\CortexM3\ARM_GCC_541\Debug\HIDJoystick.a(AL.o)
                                0x1dd (size before relaxing)
 .debug_str     0x00002203       0x44 .\CortexM3\ARM_GCC_541\Debug\HIDJoystick.a(AH.o)
                                0x1dd (size before relaxing)
 .debug_str     0x00002247       0x48 .\CortexM3\ARM_GCC_541\Debug\HIDJoystick.a(SW1.o)
                                0x1e2 (size before relaxing)
 .debug_str     0x0000228f       0x48 .\CortexM3\ARM_GCC_541\Debug\HIDJoystick.a(R4L.o)
                                0x1e2 (size before relaxing)
 .debug_str     0x000022d7       0x48 .\CortexM3\ARM_GCC_541\Debug\HIDJoystick.a(R3L.o)
                                0x1e2 (size before relaxing)
 .debug_str     0x0000231f       0x48 .\CortexM3\ARM_GCC_541\Debug\HIDJoystick.a(R4R.o)
                                0x1e2 (size before relaxing)
 .debug_str     0x00002367       0x48 .\CortexM3\ARM_GCC_541\Debug\HIDJoystick.a(R3R.o)
                                0x1e2 (size before relaxing)
 .debug_str     0x000023af       0x48 .\CortexM3\ARM_GCC_541\Debug\HIDJoystick.a(R2R.o)
                                0x1e2 (size before relaxing)
 .debug_str     0x000023f7       0x48 .\CortexM3\ARM_GCC_541\Debug\HIDJoystick.a(R2L.o)
                                0x1e2 (size before relaxing)
 .debug_str     0x0000243f       0x44 .\CortexM3\ARM_GCC_541\Debug\HIDJoystick.a(R1.o)
                                0x1dd (size before relaxing)
 .debug_str     0x00002483       0x44 .\CortexM3\ARM_GCC_541\Debug\HIDJoystick.a(U3.o)
                                0x1dd (size before relaxing)
 .debug_str     0x000024c7       0x44 .\CortexM3\ARM_GCC_541\Debug\HIDJoystick.a(U1.o)
                                0x1dd (size before relaxing)
 .debug_str     0x0000250b       0x44 .\CortexM3\ARM_GCC_541\Debug\HIDJoystick.a(U2.o)
                                0x1dd (size before relaxing)
 .debug_str     0x0000254f       0x25 .\CortexM3\ARM_GCC_541\Debug\HIDJoystick.a(USBFS_1_cls.o)
                                0x2b6 (size before relaxing)
 .debug_str     0x00002574      0x254 .\CortexM3\ARM_GCC_541\Debug\HIDJoystick.a(USBFS_1_descr.o)
                                0x4c6 (size before relaxing)
 .debug_str     0x000027c8      0x1bb .\CortexM3\ARM_GCC_541\Debug\HIDJoystick.a(CyFlash.o)
                                0x3ca (size before relaxing)
 .debug_str     0x00002983       0xac .\CortexM3\ARM_GCC_541\Debug\HIDJoystick.a(CySpc.o)
                                0x342 (size before relaxing)

.debug_loc      0x00000000     0x35f0
 *(.debug_loc)
 .debug_loc     0x00000000       0x98 .\CortexM3\ARM_GCC_541\Debug\main.o
 .debug_loc     0x00000098      0x1d7 .\CortexM3\ARM_GCC_541\Debug\cyfitter_cfg.o
 .debug_loc     0x0000026f      0x144 .\CortexM3\ARM_GCC_541\Debug\Cm3Start.o
 .debug_loc     0x000003b3      0x3c6 .\CortexM3\ARM_GCC_541\Debug\HIDJoystick.a(LCD_Char_1.o)
 .debug_loc     0x00000779      0x435 .\CortexM3\ARM_GCC_541\Debug\HIDJoystick.a(USBFS_1.o)
 .debug_loc     0x00000bae      0x171 .\CortexM3\ARM_GCC_541\Debug\HIDJoystick.a(USBFS_1_drv.o)
 .debug_loc     0x00000d1f      0x3a8 .\CortexM3\ARM_GCC_541\Debug\HIDJoystick.a(USBFS_1_hid.o)
 .debug_loc     0x000010c7       0x26 .\CortexM3\ARM_GCC_541\Debug\HIDJoystick.a(USBFS_1_pm.o)
 .debug_loc     0x000010ed      0x883 .\CortexM3\ARM_GCC_541\Debug\HIDJoystick.a(USBFS_1_std.o)
 .debug_loc     0x00001970       0x84 .\CortexM3\ARM_GCC_541\Debug\HIDJoystick.a(USBFS_1_Dp.o)
 .debug_loc     0x000019f4      0xa11 .\CortexM3\ARM_GCC_541\Debug\HIDJoystick.a(CyLib.o)
 .debug_loc     0x00002405      0x1e4 .\CortexM3\ARM_GCC_541\Debug\HIDJoystick.a(cyPm.o)
 .debug_loc     0x000025e9       0x42 .\CortexM3\ARM_GCC_541\Debug\HIDJoystick.a(C1.o)
 .debug_loc     0x0000262b       0x42 .\CortexM3\ARM_GCC_541\Debug\HIDJoystick.a(C2.o)
 .debug_loc     0x0000266d       0x42 .\CortexM3\ARM_GCC_541\Debug\HIDJoystick.a(C3.o)
 .debug_loc     0x000026af       0x42 .\CortexM3\ARM_GCC_541\Debug\HIDJoystick.a(C4.o)
 .debug_loc     0x000026f1       0x42 .\CortexM3\ARM_GCC_541\Debug\HIDJoystick.a(C5.o)
 .debug_loc     0x00002733       0x42 .\CortexM3\ARM_GCC_541\Debug\HIDJoystick.a(AP.o)
 .debug_loc     0x00002775       0x42 .\CortexM3\ARM_GCC_541\Debug\HIDJoystick.a(AL.o)
 .debug_loc     0x000027b7       0x42 .\CortexM3\ARM_GCC_541\Debug\HIDJoystick.a(AH.o)
 .debug_loc     0x000027f9       0x42 .\CortexM3\ARM_GCC_541\Debug\HIDJoystick.a(SW1.o)
 .debug_loc     0x0000283b       0x42 .\CortexM3\ARM_GCC_541\Debug\HIDJoystick.a(R4L.o)
 .debug_loc     0x0000287d       0x42 .\CortexM3\ARM_GCC_541\Debug\HIDJoystick.a(R3L.o)
 .debug_loc     0x000028bf       0x42 .\CortexM3\ARM_GCC_541\Debug\HIDJoystick.a(R4R.o)
 .debug_loc     0x00002901       0x42 .\CortexM3\ARM_GCC_541\Debug\HIDJoystick.a(R3R.o)
 .debug_loc     0x00002943       0x42 .\CortexM3\ARM_GCC_541\Debug\HIDJoystick.a(R2R.o)
 .debug_loc     0x00002985       0x42 .\CortexM3\ARM_GCC_541\Debug\HIDJoystick.a(R2L.o)
 .debug_loc     0x000029c7       0x42 .\CortexM3\ARM_GCC_541\Debug\HIDJoystick.a(R1.o)
 .debug_loc     0x00002a09       0x42 .\CortexM3\ARM_GCC_541\Debug\HIDJoystick.a(U3.o)
 .debug_loc     0x00002a4b       0x42 .\CortexM3\ARM_GCC_541\Debug\HIDJoystick.a(U1.o)
 .debug_loc     0x00002a8d       0x42 .\CortexM3\ARM_GCC_541\Debug\HIDJoystick.a(U2.o)
 .debug_loc     0x00002acf       0x6a .\CortexM3\ARM_GCC_541\Debug\HIDJoystick.a(USBFS_1_cls.o)
 .debug_loc     0x00002b39      0x3b2 .\CortexM3\ARM_GCC_541\Debug\HIDJoystick.a(CyFlash.o)
 .debug_loc     0x00002eeb      0x705 .\CortexM3\ARM_GCC_541\Debug\HIDJoystick.a(CySpc.o)

.debug_macinfo
 *(.debug_macinfo)

.debug_ranges   0x00000000      0xac0
 *(.debug_ranges)
 .debug_ranges  0x00000000       0x28 .\CortexM3\ARM_GCC_541\Debug\main.o
 .debug_ranges  0x00000028       0x48 .\CortexM3\ARM_GCC_541\Debug\cyfitter_cfg.o
 .debug_ranges  0x00000070       0x38 .\CortexM3\ARM_GCC_541\Debug\Cm3Start.o
 .debug_ranges  0x000000a8       0x88 .\CortexM3\ARM_GCC_541\Debug\HIDJoystick.a(LCD_Char_1.o)
 .debug_ranges  0x00000130       0xd0 .\CortexM3\ARM_GCC_541\Debug\HIDJoystick.a(USBFS_1.o)
 .debug_ranges  0x00000200       0x88 .\CortexM3\ARM_GCC_541\Debug\HIDJoystick.a(USBFS_1_drv.o)
 .debug_ranges  0x00000288       0x18 .\CortexM3\ARM_GCC_541\Debug\HIDJoystick.a(USBFS_1_episr.o)
 .debug_ranges  0x000002a0       0x38 .\CortexM3\ARM_GCC_541\Debug\HIDJoystick.a(USBFS_1_hid.o)
 .debug_ranges  0x000002d8       0x30 .\CortexM3\ARM_GCC_541\Debug\HIDJoystick.a(USBFS_1_pm.o)
 .debug_ranges  0x00000308       0x68 .\CortexM3\ARM_GCC_541\Debug\HIDJoystick.a(USBFS_1_std.o)
 .debug_ranges  0x00000370       0x10 .\CortexM3\ARM_GCC_541\Debug\HIDJoystick.a(USBFS_1_vnd.o)
 .debug_ranges  0x00000380       0x38 .\CortexM3\ARM_GCC_541\Debug\HIDJoystick.a(USBFS_1_Dp.o)
 .debug_ranges  0x000003b8      0x290 .\CortexM3\ARM_GCC_541\Debug\HIDJoystick.a(CyLib.o)
 .debug_ranges  0x00000648       0x88 .\CortexM3\ARM_GCC_541\Debug\HIDJoystick.a(cyPm.o)
 .debug_ranges  0x000006d0       0x28 .\CortexM3\ARM_GCC_541\Debug\HIDJoystick.a(C1.o)
 .debug_ranges  0x000006f8       0x28 .\CortexM3\ARM_GCC_541\Debug\HIDJoystick.a(C2.o)
 .debug_ranges  0x00000720       0x28 .\CortexM3\ARM_GCC_541\Debug\HIDJoystick.a(C3.o)
 .debug_ranges  0x00000748       0x28 .\CortexM3\ARM_GCC_541\Debug\HIDJoystick.a(C4.o)
 .debug_ranges  0x00000770       0x28 .\CortexM3\ARM_GCC_541\Debug\HIDJoystick.a(C5.o)
 .debug_ranges  0x00000798       0x28 .\CortexM3\ARM_GCC_541\Debug\HIDJoystick.a(AP.o)
 .debug_ranges  0x000007c0       0x28 .\CortexM3\ARM_GCC_541\Debug\HIDJoystick.a(AL.o)
 .debug_ranges  0x000007e8       0x28 .\CortexM3\ARM_GCC_541\Debug\HIDJoystick.a(AH.o)
 .debug_ranges  0x00000810       0x28 .\CortexM3\ARM_GCC_541\Debug\HIDJoystick.a(SW1.o)
 .debug_ranges  0x00000838       0x28 .\CortexM3\ARM_GCC_541\Debug\HIDJoystick.a(R4L.o)
 .debug_ranges  0x00000860       0x28 .\CortexM3\ARM_GCC_541\Debug\HIDJoystick.a(R3L.o)
 .debug_ranges  0x00000888       0x28 .\CortexM3\ARM_GCC_541\Debug\HIDJoystick.a(R4R.o)
 .debug_ranges  0x000008b0       0x28 .\CortexM3\ARM_GCC_541\Debug\HIDJoystick.a(R3R.o)
 .debug_ranges  0x000008d8       0x28 .\CortexM3\ARM_GCC_541\Debug\HIDJoystick.a(R2R.o)
 .debug_ranges  0x00000900       0x28 .\CortexM3\ARM_GCC_541\Debug\HIDJoystick.a(R2L.o)
 .debug_ranges  0x00000928       0x28 .\CortexM3\ARM_GCC_541\Debug\HIDJoystick.a(R1.o)
 .debug_ranges  0x00000950       0x28 .\CortexM3\ARM_GCC_541\Debug\HIDJoystick.a(U3.o)
 .debug_ranges  0x00000978       0x28 .\CortexM3\ARM_GCC_541\Debug\HIDJoystick.a(U1.o)
 .debug_ranges  0x000009a0       0x28 .\CortexM3\ARM_GCC_541\Debug\HIDJoystick.a(U2.o)
 .debug_ranges  0x000009c8       0x10 .\CortexM3\ARM_GCC_541\Debug\HIDJoystick.a(USBFS_1_cls.o)
 .debug_ranges  0x000009d8       0x78 .\CortexM3\ARM_GCC_541\Debug\HIDJoystick.a(CyFlash.o)
 .debug_ranges  0x00000a50       0x70 .\CortexM3\ARM_GCC_541\Debug\HIDJoystick.a(CySpc.o)

.comment        0x00000000       0x6e
 .comment       0x00000000       0x6e .\CortexM3\ARM_GCC_541\Debug\main.o
                                 0x6f (size before relaxing)
 .comment       0x0000006e       0x6f .\CortexM3\ARM_GCC_541\Debug\cyfitter_cfg.o
 .comment       0x0000006e       0x6f .\CortexM3\ARM_GCC_541\Debug\cymetadata.o
 .comment       0x0000006e       0x6f .\CortexM3\ARM_GCC_541\Debug\Cm3Start.o
 .comment       0x0000006e       0x6f .\CortexM3\ARM_GCC_541\Debug\HIDJoystick.a(LCD_Char_1.o)
 .comment       0x0000006e       0x6f .\CortexM3\ARM_GCC_541\Debug\HIDJoystick.a(USBFS_1.o)
 .comment       0x0000006e       0x6f .\CortexM3\ARM_GCC_541\Debug\HIDJoystick.a(USBFS_1_drv.o)
 .comment       0x0000006e       0x6f .\CortexM3\ARM_GCC_541\Debug\HIDJoystick.a(USBFS_1_episr.o)
 .comment       0x0000006e       0x6f .\CortexM3\ARM_GCC_541\Debug\HIDJoystick.a(USBFS_1_hid.o)
 .comment       0x0000006e       0x6f .\CortexM3\ARM_GCC_541\Debug\HIDJoystick.a(USBFS_1_pm.o)
 .comment       0x0000006e       0x6f .\CortexM3\ARM_GCC_541\Debug\HIDJoystick.a(USBFS_1_std.o)
 .comment       0x0000006e       0x6f .\CortexM3\ARM_GCC_541\Debug\HIDJoystick.a(USBFS_1_vnd.o)
 .comment       0x0000006e       0x6f .\CortexM3\ARM_GCC_541\Debug\HIDJoystick.a(USBFS_1_Dp.o)
 .comment       0x0000006e       0x6f .\CortexM3\ARM_GCC_541\Debug\HIDJoystick.a(CyLib.o)
 .comment       0x0000006e       0x6f .\CortexM3\ARM_GCC_541\Debug\HIDJoystick.a(cyPm.o)
 .comment       0x0000006e       0x6f .\CortexM3\ARM_GCC_541\Debug\HIDJoystick.a(C1.o)
 .comment       0x0000006e       0x6f .\CortexM3\ARM_GCC_541\Debug\HIDJoystick.a(C2.o)
 .comment       0x0000006e       0x6f .\CortexM3\ARM_GCC_541\Debug\HIDJoystick.a(C3.o)
 .comment       0x0000006e       0x6f .\CortexM3\ARM_GCC_541\Debug\HIDJoystick.a(C4.o)
 .comment       0x0000006e       0x6f .\CortexM3\ARM_GCC_541\Debug\HIDJoystick.a(C5.o)
 .comment       0x0000006e       0x6f .\CortexM3\ARM_GCC_541\Debug\HIDJoystick.a(AP.o)
 .comment       0x0000006e       0x6f .\CortexM3\ARM_GCC_541\Debug\HIDJoystick.a(AL.o)
 .comment       0x0000006e       0x6f .\CortexM3\ARM_GCC_541\Debug\HIDJoystick.a(AH.o)
 .comment       0x0000006e       0x6f .\CortexM3\ARM_GCC_541\Debug\HIDJoystick.a(SW1.o)
 .comment       0x0000006e       0x6f .\CortexM3\ARM_GCC_541\Debug\HIDJoystick.a(R4L.o)
 .comment       0x0000006e       0x6f .\CortexM3\ARM_GCC_541\Debug\HIDJoystick.a(R3L.o)
 .comment       0x0000006e       0x6f .\CortexM3\ARM_GCC_541\Debug\HIDJoystick.a(R4R.o)
 .comment       0x0000006e       0x6f .\CortexM3\ARM_GCC_541\Debug\HIDJoystick.a(R3R.o)
 .comment       0x0000006e       0x6f .\CortexM3\ARM_GCC_541\Debug\HIDJoystick.a(R2R.o)
 .comment       0x0000006e       0x6f .\CortexM3\ARM_GCC_541\Debug\HIDJoystick.a(R2L.o)
 .comment       0x0000006e       0x6f .\CortexM3\ARM_GCC_541\Debug\HIDJoystick.a(R1.o)
 .comment       0x0000006e       0x6f .\CortexM3\ARM_GCC_541\Debug\HIDJoystick.a(U3.o)
 .comment       0x0000006e       0x6f .\CortexM3\ARM_GCC_541\Debug\HIDJoystick.a(U1.o)
 .comment       0x0000006e       0x6f .\CortexM3\ARM_GCC_541\Debug\HIDJoystick.a(U2.o)
 .comment       0x0000006e       0x6f .\CortexM3\ARM_GCC_541\Debug\HIDJoystick.a(USBFS_1_cls.o)
 .comment       0x0000006e       0x6f .\CortexM3\ARM_GCC_541\Debug\HIDJoystick.a(USBFS_1_descr.o)
 .comment       0x0000006e       0x6f .\CortexM3\ARM_GCC_541\Debug\HIDJoystick.a(CyFlash.o)
 .comment       0x0000006e       0x6f .\CortexM3\ARM_GCC_541\Debug\HIDJoystick.a(CySpc.o)

.debug_weaknames
 *(.debug_weaknames)

.debug_funcnames
 *(.debug_funcnames)

.debug_typenames
 *(.debug_typenames)

.debug_varnames
 *(.debug_varnames)

.note.gnu.arm.ident
 *(.note.gnu.arm.ident)

.ARM.attributes
                0x00000000       0x29
 *(.ARM.attributes)
 .ARM.attributes
                0x00000000       0x1d c:/program files (x86)/cypress/psoc creator/4.4/psoc creator/import/gnu/arm/5.4.1/bin/../lib/gcc/arm-none-eabi/5.4.1/armv7-m/crti.o
 .ARM.attributes
                0x0000001d       0x2d c:/program files (x86)/cypress/psoc creator/4.4/psoc creator/import/gnu/arm/5.4.1/bin/../lib/gcc/arm-none-eabi/5.4.1/armv7-m/crtbegin.o
 .ARM.attributes
                0x0000004a       0x1b c:/program files (x86)/cypress/psoc creator/4.4/psoc creator/import/gnu/arm/5.4.1/bin/../lib/gcc/arm-none-eabi/5.4.1/../../../../arm-none-eabi/lib/armv7-m/crt0.o
 .ARM.attributes
                0x00000065       0x33 .\CortexM3\ARM_GCC_541\Debug\main.o
 .ARM.attributes
                0x00000098       0x33 .\CortexM3\ARM_GCC_541\Debug\cyfitter_cfg.o
 .ARM.attributes
                0x000000cb       0x33 .\CortexM3\ARM_GCC_541\Debug\cymetadata.o
 .ARM.attributes
                0x000000fe       0x33 .\CortexM3\ARM_GCC_541\Debug\Cm3Start.o
 .ARM.attributes
                0x00000131       0x33 .\CortexM3\ARM_GCC_541\Debug\HIDJoystick.a(LCD_Char_1.o)
 .ARM.attributes
                0x00000164       0x33 .\CortexM3\ARM_GCC_541\Debug\HIDJoystick.a(USBFS_1.o)
 .ARM.attributes
                0x00000197       0x33 .\CortexM3\ARM_GCC_541\Debug\HIDJoystick.a(USBFS_1_drv.o)
 .ARM.attributes
                0x000001ca       0x33 .\CortexM3\ARM_GCC_541\Debug\HIDJoystick.a(USBFS_1_episr.o)
 .ARM.attributes
                0x000001fd       0x33 .\CortexM3\ARM_GCC_541\Debug\HIDJoystick.a(USBFS_1_hid.o)
 .ARM.attributes
                0x00000230       0x33 .\CortexM3\ARM_GCC_541\Debug\HIDJoystick.a(USBFS_1_pm.o)
 .ARM.attributes
                0x00000263       0x33 .\CortexM3\ARM_GCC_541\Debug\HIDJoystick.a(USBFS_1_std.o)
 .ARM.attributes
                0x00000296       0x33 .\CortexM3\ARM_GCC_541\Debug\HIDJoystick.a(USBFS_1_vnd.o)
 .ARM.attributes
                0x000002c9       0x33 .\CortexM3\ARM_GCC_541\Debug\HIDJoystick.a(USBFS_1_Dp.o)
 .ARM.attributes
                0x000002fc       0x33 .\CortexM3\ARM_GCC_541\Debug\HIDJoystick.a(CyLib.o)
 .ARM.attributes
                0x0000032f       0x33 .\CortexM3\ARM_GCC_541\Debug\HIDJoystick.a(cyPm.o)
 .ARM.attributes
                0x00000362       0x33 .\CortexM3\ARM_GCC_541\Debug\HIDJoystick.a(C1.o)
 .ARM.attributes
                0x00000395       0x33 .\CortexM3\ARM_GCC_541\Debug\HIDJoystick.a(C2.o)
 .ARM.attributes
                0x000003c8       0x33 .\CortexM3\ARM_GCC_541\Debug\HIDJoystick.a(C3.o)
 .ARM.attributes
                0x000003fb       0x33 .\CortexM3\ARM_GCC_541\Debug\HIDJoystick.a(C4.o)
 .ARM.attributes
                0x0000042e       0x33 .\CortexM3\ARM_GCC_541\Debug\HIDJoystick.a(C5.o)
 .ARM.attributes
                0x00000461       0x33 .\CortexM3\ARM_GCC_541\Debug\HIDJoystick.a(AP.o)
 .ARM.attributes
                0x00000494       0x33 .\CortexM3\ARM_GCC_541\Debug\HIDJoystick.a(AL.o)
 .ARM.attributes
                0x000004c7       0x33 .\CortexM3\ARM_GCC_541\Debug\HIDJoystick.a(AH.o)
 .ARM.attributes
                0x000004fa       0x33 .\CortexM3\ARM_GCC_541\Debug\HIDJoystick.a(SW1.o)
 .ARM.attributes
                0x0000052d       0x33 .\CortexM3\ARM_GCC_541\Debug\HIDJoystick.a(R4L.o)
 .ARM.attributes
                0x00000560       0x33 .\CortexM3\ARM_GCC_541\Debug\HIDJoystick.a(R3L.o)
 .ARM.attributes
                0x00000593       0x33 .\CortexM3\ARM_GCC_541\Debug\HIDJoystick.a(R4R.o)
 .ARM.attributes
                0x000005c6       0x33 .\CortexM3\ARM_GCC_541\Debug\HIDJoystick.a(R3R.o)
 .ARM.attributes
                0x000005f9       0x33 .\CortexM3\ARM_GCC_541\Debug\HIDJoystick.a(R2R.o)
 .ARM.attributes
                0x0000062c       0x33 .\CortexM3\ARM_GCC_541\Debug\HIDJoystick.a(R2L.o)
 .ARM.attributes
                0x0000065f       0x33 .\CortexM3\ARM_GCC_541\Debug\HIDJoystick.a(R1.o)
 .ARM.attributes
                0x00000692       0x33 .\CortexM3\ARM_GCC_541\Debug\HIDJoystick.a(U3.o)
 .ARM.attributes
                0x000006c5       0x33 .\CortexM3\ARM_GCC_541\Debug\HIDJoystick.a(U1.o)
 .ARM.attributes
                0x000006f8       0x33 .\CortexM3\ARM_GCC_541\Debug\HIDJoystick.a(U2.o)
 .ARM.attributes
                0x0000072b       0x21 .\CortexM3\ARM_GCC_541\Debug\HIDJoystick.a(CyBootAsmGnu.o)
 .ARM.attributes
                0x0000074c       0x33 .\CortexM3\ARM_GCC_541\Debug\HIDJoystick.a(USBFS_1_cls.o)
 .ARM.attributes
                0x0000077f       0x33 .\CortexM3\ARM_GCC_541\Debug\HIDJoystick.a(USBFS_1_descr.o)
 .ARM.attributes
                0x000007b2       0x33 .\CortexM3\ARM_GCC_541\Debug\HIDJoystick.a(CyFlash.o)
 .ARM.attributes
                0x000007e5       0x33 .\CortexM3\ARM_GCC_541\Debug\HIDJoystick.a(CySpc.o)
 .ARM.attributes
                0x00000818       0x2d c:/program files (x86)/cypress/psoc creator/4.4/psoc creator/import/gnu/arm/5.4.1/bin/../lib/gcc/arm-none-eabi/5.4.1/../../../../arm-none-eabi/lib/armv7-m\libg_nano.a(lib_a-errno.o)
 .ARM.attributes
                0x00000845       0x2d c:/program files (x86)/cypress/psoc creator/4.4/psoc creator/import/gnu/arm/5.4.1/bin/../lib/gcc/arm-none-eabi/5.4.1/../../../../arm-none-eabi/lib/armv7-m\libg_nano.a(lib_a-exit.o)
 .ARM.attributes
                0x00000872       0x2d c:/program files (x86)/cypress/psoc creator/4.4/psoc creator/import/gnu/arm/5.4.1/bin/../lib/gcc/arm-none-eabi/5.4.1/../../../../arm-none-eabi/lib/armv7-m\libg_nano.a(lib_a-impure.o)
 .ARM.attributes
                0x0000089f       0x2d c:/program files (x86)/cypress/psoc creator/4.4/psoc creator/import/gnu/arm/5.4.1/bin/../lib/gcc/arm-none-eabi/5.4.1/../../../../arm-none-eabi/lib/armv7-m\libg_nano.a(lib_a-init.o)
 .ARM.attributes
                0x000008cc       0x2d c:/program files (x86)/cypress/psoc creator/4.4/psoc creator/import/gnu/arm/5.4.1/bin/../lib/gcc/arm-none-eabi/5.4.1/../../../../arm-none-eabi/lib/armv7-m\libg_nano.a(lib_a-memcpy-stub.o)
 .ARM.attributes
                0x000008f9       0x2d c:/program files (x86)/cypress/psoc creator/4.4/psoc creator/import/gnu/arm/5.4.1/bin/../lib/gcc/arm-none-eabi/5.4.1/../../../../arm-none-eabi/lib/armv7-m\libg_nano.a(lib_a-memset.o)
 .ARM.attributes
                0x00000926       0x2d c:/program files (x86)/cypress/psoc creator/4.4/psoc creator/import/gnu/arm/5.4.1/bin/../lib/gcc/arm-none-eabi/5.4.1/armv7-m/crtend.o
 .ARM.attributes
                0x00000953       0x1d c:/program files (x86)/cypress/psoc creator/4.4/psoc creator/import/gnu/arm/5.4.1/bin/../lib/gcc/arm-none-eabi/5.4.1/armv7-m/crtn.o

/DISCARD/
 *(.note.GNU-stack)
OUTPUT(C:\Users\funti\Robotics Projects\CypressPSoCButtonBox2026\HIDJoystick.cydsn\CortexM3\ARM_GCC_541\Debug\HIDJoystick.elf elf32-littlearm)
