Archive member included to satisfy reference by file (symbol)

.\CortexM3\ARM_GCC_541\Debug\HIDJoystick.a(USBFS_1.o)
                              .\CortexM3\ARM_GCC_541\Debug\main.o (USBFS_1_Start)
.\CortexM3\ARM_GCC_541\Debug\HIDJoystick.a(USBFS_1_drv.o)
                              .\CortexM3\ARM_GCC_541\Debug\HIDJoystick.a(USBFS_1.o) (USBFS_1_lastPacketSize)
.\CortexM3\ARM_GCC_541\Debug\HIDJoystick.a(USBFS_1_episr.o)
                              .\CortexM3\ARM_GCC_541\Debug\HIDJoystick.a(USBFS_1.o) (USBFS_1_EP_1_ISR)
.\CortexM3\ARM_GCC_541\Debug\HIDJoystick.a(USBFS_1_hid.o)
                              .\CortexM3\ARM_GCC_541\Debug\HIDJoystick.a(USBFS_1.o) (USBFS_1_hidProtocol)
.\CortexM3\ARM_GCC_541\Debug\HIDJoystick.a(USBFS_1_pm.o)
                              .\CortexM3\ARM_GCC_541\Debug\HIDJoystick.a(USBFS_1.o) (USBFS_1_DP_ISR)
.\CortexM3\ARM_GCC_541\Debug\HIDJoystick.a(USBFS_1_std.o)
                              .\CortexM3\ARM_GCC_541\Debug\HIDJoystick.a(USBFS_1_pm.o) (USBFS_1_ConfigReg)
.\CortexM3\ARM_GCC_541\Debug\HIDJoystick.a(USBFS_1_vnd.o)
                              .\CortexM3\ARM_GCC_541\Debug\HIDJoystick.a(USBFS_1_drv.o) (USBFS_1_HandleVendorRqst)
.\CortexM3\ARM_GCC_541\Debug\HIDJoystick.a(USBFS_1_Dp.o)
                              .\CortexM3\ARM_GCC_541\Debug\HIDJoystick.a(USBFS_1.o) (USBFS_1_Dp_ClearInterrupt)
.\CortexM3\ARM_GCC_541\Debug\HIDJoystick.a(CyLib.o)
                              .\CortexM3\ARM_GCC_541\Debug\Cm3Start.o (CyHalt)
.\CortexM3\ARM_GCC_541\Debug\HIDJoystick.a(cyPm.o)
                              .\CortexM3\ARM_GCC_541\Debug\HIDJoystick.a(CyLib.o) (CyPmReadStatus)
.\CortexM3\ARM_GCC_541\Debug\HIDJoystick.a(BTN_5.o)
                              .\CortexM3\ARM_GCC_541\Debug\main.o (BTN_5_Read)
.\CortexM3\ARM_GCC_541\Debug\HIDJoystick.a(BTN_4.o)
                              .\CortexM3\ARM_GCC_541\Debug\main.o (BTN_4_Read)
.\CortexM3\ARM_GCC_541\Debug\HIDJoystick.a(BTN_3.o)
                              .\CortexM3\ARM_GCC_541\Debug\main.o (BTN_3_Read)
.\CortexM3\ARM_GCC_541\Debug\HIDJoystick.a(BTN_2.o)
                              .\CortexM3\ARM_GCC_541\Debug\main.o (BTN_2_Read)
.\CortexM3\ARM_GCC_541\Debug\HIDJoystick.a(BTN_1.o)
                              .\CortexM3\ARM_GCC_541\Debug\main.o (BTN_1_Read)
.\CortexM3\ARM_GCC_541\Debug\HIDJoystick.a(SW_D.o)
                              .\CortexM3\ARM_GCC_541\Debug\main.o (SW_D_Read)
.\CortexM3\ARM_GCC_541\Debug\HIDJoystick.a(SW_C.o)
                              .\CortexM3\ARM_GCC_541\Debug\main.o (SW_C_Read)
.\CortexM3\ARM_GCC_541\Debug\HIDJoystick.a(SW_B.o)
                              .\CortexM3\ARM_GCC_541\Debug\main.o (SW_B_Read)
.\CortexM3\ARM_GCC_541\Debug\HIDJoystick.a(SW_A.o)
                              .\CortexM3\ARM_GCC_541\Debug\main.o (SW_A_Read)
.\CortexM3\ARM_GCC_541\Debug\HIDJoystick.a(BTN_6.o)
                              .\CortexM3\ARM_GCC_541\Debug\main.o (BTN_6_Read)
.\CortexM3\ARM_GCC_541\Debug\HIDJoystick.a(CyBootAsmGnu.o)
                              .\CortexM3\ARM_GCC_541\Debug\cyfitter_cfg.o (CyDelayCycles)
.\CortexM3\ARM_GCC_541\Debug\HIDJoystick.a(USBFS_1_cls.o)
                              .\CortexM3\ARM_GCC_541\Debug\HIDJoystick.a(USBFS_1_drv.o) (USBFS_1_DispatchClassRqst)
.\CortexM3\ARM_GCC_541\Debug\HIDJoystick.a(USBFS_1_descr.o)
                              .\CortexM3\ARM_GCC_541\Debug\HIDJoystick.a(USBFS_1_std.o) (USBFS_1_TABLE)
.\CortexM3\ARM_GCC_541\Debug\HIDJoystick.a(CyFlash.o)
                              .\CortexM3\ARM_GCC_541\Debug\HIDJoystick.a(cyPm.o) (CyFlash_SetWaitCycles)
.\CortexM3\ARM_GCC_541\Debug\HIDJoystick.a(CySpc.o)
                              .\CortexM3\ARM_GCC_541\Debug\HIDJoystick.a(CyFlash.o) (CySpcStart)
c:/program files (x86)/cypress/psoc creator/4.4/psoc creator/import/gnu/arm/5.4.1/bin/../lib/gcc/arm-none-eabi/5.4.1/../../../../arm-none-eabi/lib/armv7-m\libg_nano.a(lib_a-errno.o)
                              .\CortexM3\ARM_GCC_541\Debug\Cm3Start.o (__errno)
c:/program files (x86)/cypress/psoc creator/4.4/psoc creator/import/gnu/arm/5.4.1/bin/../lib/gcc/arm-none-eabi/5.4.1/../../../../arm-none-eabi/lib/armv7-m\libg_nano.a(lib_a-exit.o)
                              c:/program files (x86)/cypress/psoc creator/4.4/psoc creator/import/gnu/arm/5.4.1/bin/../lib/gcc/arm-none-eabi/5.4.1/../../../../arm-none-eabi/lib/armv7-m/crt0.o (exit)
c:/program files (x86)/cypress/psoc creator/4.4/psoc creator/import/gnu/arm/5.4.1/bin/../lib/gcc/arm-none-eabi/5.4.1/../../../../arm-none-eabi/lib/armv7-m\libg_nano.a(lib_a-impure.o)
                              c:/program files (x86)/cypress/psoc creator/4.4/psoc creator/import/gnu/arm/5.4.1/bin/../lib/gcc/arm-none-eabi/5.4.1/../../../../arm-none-eabi/lib/armv7-m\libg_nano.a(lib_a-exit.o) (_global_impure_ptr)
c:/program files (x86)/cypress/psoc creator/4.4/psoc creator/import/gnu/arm/5.4.1/bin/../lib/gcc/arm-none-eabi/5.4.1/../../../../arm-none-eabi/lib/armv7-m\libg_nano.a(lib_a-init.o)
[...]
Memory Configuration

Name             Origin             Length             Attributes
rom              0x00000000         0x00040000         xr
ram              0x1fff8000         0x00010000         xrw
*default*        0x00000000         0xffffffff

Linker script and memory map

LOAD c:/program files (x86)/cypress/psoc creator/4.4/psoc creator/import/gnu/arm/5.4.1/bin/../lib/gcc/arm-none-eabi/5.4.1/armv7-m/crti.o
LOAD c:/program files (x86)/cypress/psoc creator/4.4/psoc creator/import/gnu/arm/5.4.1/bin/../lib/gcc/arm-none-eabi/5.4.1/armv7-m/crtbegin.o
LOAD c:/program files (x86)/cypress/psoc creator/4.4/psoc creator/import/gnu/arm/5.4.1/bin/../lib/gcc/arm-none-eabi/5.4.1/../../../../arm-none-eabi/lib/armv7-m/crt0.o
START GROUP
LOAD .\CortexM3\ARM_GCC_541\Debug\main.o
LOAD .\CortexM3\ARM_GCC_541\Debug\cyfitter_cfg.o
LOAD .\CortexM3\ARM_GCC_541\Debug\cymetadata.o
LOAD .\CortexM3\ARM_GCC_541\Debug\Cm3Start.o
LOAD .\CortexM3\ARM_GCC_541\Debug\HIDJoystick.a
LOAD C:\Program Files (x86)\Cypress\PSoC Creator\4.4\PSoC Creator\psoc\content\cycomponentlibrary\CyComponentLibrary.cylib\CortexM3\ARM_GCC_541\Debug\CyComponentLibrary.a
END GROUP
START GROUP
LOAD c:/program files (x86)/cypress/psoc creator/4.4/psoc creator/import/gnu/arm/5.4.1/bin/../lib/gcc/arm-none-eabi/5.4.1/armv7-m\libgcc.a
LOAD c:/program files (x86)/cypress/psoc creator/4.4/psoc creator/import/gnu/arm/5.4.1/bin/../lib/gcc/arm-none-eabi/5.4.1/../../../../arm-none-eabi/lib/armv7-m\libg_nano.a
LOAD c:/program files (x86)/cypress/psoc creator/4.4/psoc creator/import/gnu/arm/5.4.1/bin/../lib/gcc/arm-none-eabi/5.4.1/../../../../arm-none-eabi/lib/armv7-m\libc_nano.a
END GROUP
START GROUP
LOAD c:/program files (x86)/cypress/psoc creator/4.4/psoc creator/import/gnu/arm/5.4.1/bin/../lib/gcc/arm-none-eabi/5.4.1/armv7-m\libgcc.a
LOAD c:/program files (x86)/cypress/psoc creator/4.4/psoc creator/import/gnu/arm/5.4.1/bin/../lib/gcc/arm-none-eabi/5.4.1/../../../../arm-none-eabi/lib/armv7-m\libc_nano.a
END GROUP
LOAD c:/program files (x86)/cypress/psoc creator/4.4/psoc creator/import/gnu/arm/5.4.1/bin/../lib/gcc/arm-none-eabi/5.4.1/armv7-m/crtend.o
LOAD c:/program files (x86)/cypress/psoc creator/4.4/psoc creator/import/gnu/arm/5.4.1/bin/../lib/gcc/arm-none-eabi/5.4.1/armv7-m/crtn.o
START GROUP
LOAD c:/program files (x86)/cypress/psoc creator/4.4/psoc creator/import/gnu/arm/5.4.1/bin/../lib/gcc/arm-none-eabi/5.4.1/armv7-m\libgcc.a
LOAD c:/program files (x86)/cypress/psoc creator/4.4/psoc creator/import/gnu/arm/5.4.1/bin/../lib/gcc/arm-none-eabi/5.4.1/../../../../arm-none-eabi/lib/armv7-m\libc.a
LOAD c:/program files (x86)/cypress/psoc creator/4.4/psoc creator/import/gnu/arm/5.4.1/bin/../lib/gcc/arm-none-eabi/5.4.1/../../../../arm-none-eabi/lib/armv7-m\libnosys.a
END GROUP
                0x00000000                CY_APPL_ORIGIN = 0x0
                0x00000100                CY_FLASH_ROW_SIZE = 0x100
                0x00000020                CY_ECC_ROW_SIZE = 0x20
                0x00000000                CY_EE_IN_BTLDR = 0x0
                0x00000000                CY_APPL_LOADABLE = 0x0
                0x00000800                CY_EE_SIZE = 0x800
                0x00000001                CY_APPL_NUM = 0x1
                0x00000001                CY_APPL_MAX = 0x1
                0x00000040                CY_METADATA_SIZE = 0x40
                0x00000000                CY_APPL_LOADABLE = 0x0
                0x00000000                CY_CHECKSUM_EXCLUDE_SIZE = ALIGN (0x0, CY_FLASH_ROW_SIZE)
                [!provide]                PROVIDE (__cy_heap_start, _end)
                0x00000001                PROVIDE (__cy_region_num, ((__cy_regions_end - __cy_regions) / 0x10))
                0x20008000                PROVIDE (__cy_stack, (ORIGIN (ram) + LENGTH (ram)))
                [!provide]                PROVIDE (__cy_heap_end, (__cy_stack - 0x800))

.cybootloader   0x00000000        0x0
 *(.cybootloader)
                0x00000000                appl1_start = CY_APPL_ORIGIN?CY_APPL_ORIGIN:ALIGN (CY_FLASH_ROW_SIZE)
                0x0001ff00                appl2_start = (appl1_start + ALIGN ((((LENGTH (rom) - appl1_start) - (0x2 * CY_FLASH_ROW_SIZE)) / 0x2), CY_FLASH_ROW_SIZE))
                0x00000000                appl_start = (CY_APPL_NUM == 0x1)?appl1_start:appl2_start
                0x00000000                ecc_offset = ((appl_start / CY_FLASH_ROW_SIZE) * CY_ECC_ROW_SIZE)
                0x00000000                ee_offset = (CY_APPL_LOADABLE && ! (CY_EE_IN_BTLDR))?((CY_EE_SIZE / CY_APPL_MAX) * (CY_APPL_NUM - 0x1)):0x0
                0x00000800                ee_size = (CY_APPL_LOADABLE && ! (CY_EE_IN_BTLDR))?(CY_EE_SIZE / CY_APPL_MAX):CY_EE_SIZE
                [!provide]                PROVIDE (CY_ECC_OFFSET, ecc_offset)

.text           0x00000000     0x19b6
 CREATE_OBJECT_SYMBOLS
                0x00000000                PROVIDE (__cy_interrupt_vector, RomVectors)
 *(.romvectors)
 .romvectors    0x00000000       0x10 .\CortexM3\ARM_GCC_541\Debug\Cm3Start.o
                0x00000000                RomVectors
                0x00000001                ASSERT ((. != __cy_interrupt_vector), No interrupt vector)
                0x00000001                ASSERT (CY_APPL_ORIGIN?(SIZEOF (.cybootloader) <= CY_APPL_ORIGIN):0x1, Wrong image location)
                0x00000010                PROVIDE (__cy_reset, Reset)
 *(.text.Reset)
 .text.Reset    0x00000010       0x18 .\CortexM3\ARM_GCC_541\Debug\Cm3Start.o
                0x00000010                Reset
                0x00000001                ASSERT ((. != __cy_reset), No reset code)
 *(.dma_init)
                0x00000001                ASSERT ((((appl_start + .) <= 0x10000) || 0x1), DMA Init must be within the first 64k of flash)
 *(.text .text.* .gnu.linkonce.t.*)
 .text          0x00000028       0x5c c:/program files (x86)/cypress/psoc creator/4.4/psoc creator/import/gnu/arm/5.4.1/bin/../lib/gcc/arm-none-eabi/5.4.1/armv7-m/crtbegin.o
 .text.StartUp  0x00000084       0x24 .\CortexM3\ARM_GCC_541\Debug\main.o
                0x00000084                StartUp
 .text.setBit   0x000000a8       0x80 .\CortexM3\ARM_GCC_541\Debug\main.o
                0x000000a8                setBit
 .text.ReadButtons
                0x00000128       0xa4 .\CortexM3\ARM_GCC_541\Debug\main.o
                0x00000128                ReadButtons
 .text.main     0x000001cc       0x34 .\CortexM3\ARM_GCC_541\Debug\main.o
                0x000001cc                main
 .text.CyClockStartupError
                0x00000200        0x4 .\CortexM3\ARM_GCC_541\Debug\cyfitter_cfg.o
 .text.cfg_write_bytes32
                0x00000204       0x34 .\CortexM3\ARM_GCC_541\Debug\cyfitter_cfg.o
 .text.AnalogSetDefault
                0x00000238       0x28 .\CortexM3\ARM_GCC_541\Debug\cyfitter_cfg.o
 .text.CYMEMZERO
                0x00000260        0xc .\CortexM3\ARM_GCC_541\Debug\cyfitter_cfg.o
 .text.ClockSetup
                0x0000026c       0xa0 .\CortexM3\ARM_GCC_541\Debug\cyfitter_cfg.o
 .text.CYCONFIGCPY
                0x0000030c        0x8 .\CortexM3\ARM_GCC_541\Debug\cyfitter_cfg.o
 .text.cyfitter_cfg
                0x00000314       0xc0 .\CortexM3\ARM_GCC_541\Debug\cyfitter_cfg.o
                0x00000314                cyfitter_cfg
 .text.IntDefaultHandler
                0x000003d4       0x10 .\CortexM3\ARM_GCC_541\Debug\Cm3Start.o
                0x000003d4                IntDefaultHandler
 .text.Start_c  0x000003e4       0x4c .\CortexM3\ARM_GCC_541\Debug\Cm3Start.o
                0x000003e4                Start_c
 .text.initialize_psoc
                0x00000430       0x68 .\CortexM3\ARM_GCC_541\Debug\Cm3Start.o
                0x00000430                initialize_psoc
 .text.USBFS_1_Init
                0x00000498      0x104 .\CortexM3\ARM_GCC_541\Debug\HIDJoystick.a(USBFS_1.o)
                0x00000498                USBFS_1_Init
 .text.USBFS_1_InitComponent
                0x0000059c       0xc0 .\CortexM3\ARM_GCC_541\Debug\HIDJoystick.a(USBFS_1.o)
                0x0000059c                USBFS_1_InitComponent
 .text.USBFS_1_Start
                0x0000065c       0x24 .\CortexM3\ARM_GCC_541\Debug\HIDJoystick.a(USBFS_1.o)
                0x0000065c                USBFS_1_Start
 .text.USBFS_1_ReInitComponent
                0x00000680       0x64 .\CortexM3\ARM_GCC_541\Debug\HIDJoystick.a(USBFS_1.o)
                0x00000680                USBFS_1_ReInitComponent
 .text.USBFS_1_GetConfiguration
                0x000006e4        0xc .\CortexM3\ARM_GCC_541\Debug\HIDJoystick.a(USBFS_1.o)
                0x000006e4                USBFS_1_GetConfiguration
 .text.USBFS_1_LoadInEP
                0x000006f0       0x94 .\CortexM3\ARM_GCC_541\Debug\HIDJoystick.a(USBFS_1.o)
                0x000006f0                USBFS_1_LoadInEP
 .text.USBFS_1_GetEPAckState
                0x00000784       0x20 .\CortexM3\ARM_GCC_541\Debug\HIDJoystick.a(USBFS_1.o)
                0x00000784                USBFS_1_GetEPAckState
 .text.USBFS_1_LoadEP0
                0x000007a4       0x98 .\CortexM3\ARM_GCC_541\Debug\HIDJoystick.a(USBFS_1_drv.o)
                0x000007a4                USBFS_1_LoadEP0
 .text.USBFS_1_InitZeroLengthControlTransfer
                0x0000083c       0x34 .\CortexM3\ARM_GCC_541\Debug\HIDJoystick.a(USBFS_1_drv.o)
                0x0000083c                USBFS_1_InitZeroLengthControlTransfer
 .text.USBFS_1_ControlReadDataStage
                0x00000870        0x8 .\CortexM3\ARM_GCC_541\Debug\HIDJoystick.a(USBFS_1_drv.o)
                0x00000870                USBFS_1_ControlReadDataStage
 .text.USBFS_1_ControlWriteDataStage
                0x00000878       0x84 .\CortexM3\ARM_GCC_541\Debug\HIDJoystick.a(USBFS_1_drv.o)
                0x00000878                USBFS_1_ControlWriteDataStage
 .text.USBFS_1_InitNoDataControlTransfer
                0x000008fc       0x2c .\CortexM3\ARM_GCC_541\Debug\HIDJoystick.a(USBFS_1_drv.o)
                0x000008fc                USBFS_1_InitNoDataControlTransfer
 .text.USBFS_1_UpdateStatusBlock
                0x00000928       0x24 .\CortexM3\ARM_GCC_541\Debug\HIDJoystick.a(USBFS_1_drv.o)
                0x00000928                USBFS_1_UpdateStatusBlock
 .text.USBFS_1_HandleSetup
                0x0000094c       0x5c .\CortexM3\ARM_GCC_541\Debug\HIDJoystick.a(USBFS_1_drv.o)
                0x0000094c                USBFS_1_HandleSetup
 .text.USBFS_1_ControlReadStatusStage
                0x000009a8       0x38 .\CortexM3\ARM_GCC_541\Debug\HIDJoystick.a(USBFS_1_drv.o)
                0x000009a8                USBFS_1_ControlReadStatusStage
 .text.USBFS_1_HandleOUT
                0x000009e0       0x38 .\CortexM3\ARM_GCC_541\Debug\HIDJoystick.a(USBFS_1_drv.o)
                0x000009e0                USBFS_1_HandleOUT
 .text.USBFS_1_ControlWriteStatusStage
                0x00000a18       0x20 .\CortexM3\ARM_GCC_541\Debug\HIDJoystick.a(USBFS_1_drv.o)
                0x00000a18                USBFS_1_ControlWriteStatusStage
 .text.USBFS_1_NoDataControlStatusStage
                0x00000a38       0x40 .\CortexM3\ARM_GCC_541\Debug\HIDJoystick.a(USBFS_1_drv.o)
                0x00000a38                USBFS_1_NoDataControlStatusStage
 .text.USBFS_1_HandleIN
                0x00000a78       0x2c .\CortexM3\ARM_GCC_541\Debug\HIDJoystick.a(USBFS_1_drv.o)
                0x00000a78                USBFS_1_HandleIN
 .text.USBFS_1_EP_0_ISR
                0x00000aa4       0xb8 .\CortexM3\ARM_GCC_541\Debug\HIDJoystick.a(USBFS_1_drv.o)
                0x00000aa4                USBFS_1_EP_0_ISR
 .text.USBFS_1_InitializeStatusBlock
                0x00000b5c       0x24 .\CortexM3\ARM_GCC_541\Debug\HIDJoystick.a(USBFS_1_drv.o)
                0x00000b5c                USBFS_1_InitializeStatusBlock
 .text.USBFS_1_InitControlRead
                0x00000b80       0x50 .\CortexM3\ARM_GCC_541\Debug\HIDJoystick.a(USBFS_1_drv.o)
                0x00000b80                USBFS_1_InitControlRead
 .text.USBFS_1_InitControlWrite
                0x00000bd0       0x48 .\CortexM3\ARM_GCC_541\Debug\HIDJoystick.a(USBFS_1_drv.o)
                0x00000bd0                USBFS_1_InitControlWrite
 .text.USBFS_1_EP_1_ISR
                0x00000c18       0x30 .\CortexM3\ARM_GCC_541\Debug\HIDJoystick.a(USBFS_1_episr.o)
                0x00000c18                USBFS_1_EP_1_ISR
 .text.USBFS_1_BUS_RESET_ISR
                0x00000c48        0x8 .\CortexM3\ARM_GCC_541\Debug\HIDJoystick.a(USBFS_1_episr.o)
                0x00000c48                USBFS_1_BUS_RESET_ISR
 .text.USBFS_1_FindHidClassDecriptor
                0x00000c50       0x44 .\CortexM3\ARM_GCC_541\Debug\HIDJoystick.a(USBFS_1_hid.o)
                0x00000c50                USBFS_1_FindHidClassDecriptor
 .text.USBFS_1_FindReportDescriptor
                0x00000c94       0x4c .\CortexM3\ARM_GCC_541\Debug\HIDJoystick.a(USBFS_1_hid.o)
                0x00000c94                USBFS_1_FindReportDescriptor
 .text.USBFS_1_FindReport
                0x00000ce0       0x7c .\CortexM3\ARM_GCC_541\Debug\HIDJoystick.a(USBFS_1_hid.o)
                0x00000ce0                USBFS_1_FindReport
 .text.USBFS_1_DispatchHIDClassRqst
                0x00000d5c      0x184 .\CortexM3\ARM_GCC_541\Debug\HIDJoystick.a(USBFS_1_hid.o)
                0x00000d5c                USBFS_1_DispatchHIDClassRqst
 .text.USBFS_1_DP_ISR
                0x00000ee0        0x8 .\CortexM3\ARM_GCC_541\Debug\HIDJoystick.a(USBFS_1_pm.o)
                0x00000ee0                USBFS_1_DP_ISR
 .text.USBFS_1_ConfigReg
                0x00000ee8       0xa4 .\CortexM3\ARM_GCC_541\Debug\HIDJoystick.a(USBFS_1_std.o)
                0x00000ee8                USBFS_1_ConfigReg
 .text.USBFS_1_GetConfigTablePtr
                0x00000f8c       0x28 .\CortexM3\ARM_GCC_541\Debug\HIDJoystick.a(USBFS_1_std.o)
                0x00000f8c                USBFS_1_GetConfigTablePtr
 .text.USBFS_1_ConfigAltChanged
                0x00000fb4      0x11c .\CortexM3\ARM_GCC_541\Debug\HIDJoystick.a(USBFS_1_std.o)
                0x00000fb4                USBFS_1_ConfigAltChanged
 .text.USBFS_1_GetDeviceTablePtr
                0x000010d0       0x18 .\CortexM3\ARM_GCC_541\Debug\HIDJoystick.a(USBFS_1_std.o)
                0x000010d0                USBFS_1_GetDeviceTablePtr
 .text.USBFS_1_GetInterfaceClassTablePtr
                0x000010e8       0x28 .\CortexM3\ARM_GCC_541\Debug\HIDJoystick.a(USBFS_1_std.o)
                0x000010e8                USBFS_1_GetInterfaceClassTablePtr
 .text.USBFS_1_Config
                0x00001110      0x1c4 .\CortexM3\ARM_GCC_541\Debug\HIDJoystick.a(USBFS_1_std.o)
                0x00001110                USBFS_1_Config
 .text.USBFS_1_SetEndpointHalt
                0x000012d4       0x64 .\CortexM3\ARM_GCC_541\Debug\HIDJoystick.a(USBFS_1_std.o)
                0x000012d4                USBFS_1_SetEndpointHalt
 .text.USBFS_1_ClearEndpointHalt
                0x00001338       0xac .\CortexM3\ARM_GCC_541\Debug\HIDJoystick.a(USBFS_1_std.o)
                0x00001338                USBFS_1_ClearEndpointHalt
 .text.USBFS_1_ValidateAlternateSetting
                0x000013e4       0x4c .\CortexM3\ARM_GCC_541\Debug\HIDJoystick.a(USBFS_1_std.o)
                0x000013e4                USBFS_1_ValidateAlternateSetting
 .text.USBFS_1_HandleStandardRqst
                0x00001430      0x328 .\CortexM3\ARM_GCC_541\Debug\HIDJoystick.a(USBFS_1_std.o)
                0x00001430                USBFS_1_HandleStandardRqst
 .text.USBFS_1_HandleVendorRqst
                0x00001758       0x18 .\CortexM3\ARM_GCC_541\Debug\HIDJoystick.a(USBFS_1_vnd.o)
                0x00001758                USBFS_1_HandleVendorRqst
 .text.USBFS_1_Dp_ClearInterrupt
                0x00001770       0x10 .\CortexM3\ARM_GCC_541\Debug\HIDJoystick.a(USBFS_1_Dp.o)
                0x00001770                USBFS_1_Dp_ClearInterrupt
 .text.CyHalt   0x00001780        0x4 .\CortexM3\ARM_GCC_541\Debug\HIDJoystick.a(CyLib.o)
                0x00001780                CyHalt
 .text.CyDelay  0x00001784       0x2c .\CortexM3\ARM_GCC_541\Debug\HIDJoystick.a(CyLib.o)
                0x00001784                CyDelay
 .text.CyDelayUs
                0x000017b0       0x14 .\CortexM3\ARM_GCC_541\Debug\HIDJoystick.a(CyLib.o)
                0x000017b0                CyDelayUs
 .text.CyIntSetVector
                0x000017c4       0x28 .\CortexM3\ARM_GCC_541\Debug\HIDJoystick.a(CyLib.o)
                0x000017c4                CyIntSetVector
 .text.CyIntSetPriority
                0x000017ec       0x30 .\CortexM3\ARM_GCC_541\Debug\HIDJoystick.a(CyLib.o)
                0x000017ec                CyIntSetPriority
 .text.BTN_5_Read
                0x0000181c       0x10 .\CortexM3\ARM_GCC_541\Debug\HIDJoystick.a(BTN_5.o)
                0x0000181c                BTN_5_Read
 .text.BTN_4_Read
                0x0000182c       0x10 .\CortexM3\ARM_GCC_541\Debug\HIDJoystick.a(BTN_4.o)
                0x0000182c                BTN_4_Read
 .text.BTN_3_Read
                0x0000183c       0x10 .\CortexM3\ARM_GCC_541\Debug\HIDJoystick.a(BTN_3.o)
                0x0000183c                BTN_3_Read
 .text.BTN_2_Read
                0x0000184c       0x10 .\CortexM3\ARM_GCC_541\Debug\HIDJoystick.a(BTN_2.o)
                0x0000184c                BTN_2_Read
 .text.BTN_1_Read
                0x0000185c       0x10 .\CortexM3\ARM_GCC_541\Debug\HIDJoystick.a(BTN_1.o)
                0x0000185c                BTN_1_Read
 .text.SW_D_Read
                0x0000186c        0xc .\CortexM3\ARM_GCC_541\Debug\HIDJoystick.a(SW_D.o)
                0x0000186c                SW_D_Read
 .text.SW_C_Read
                0x00001878       0x10 .\CortexM3\ARM_GCC_541\Debug\HIDJoystick.a(SW_C.o)
                0x00001878                SW_C_Read
 .text.SW_B_Read
                0x00001888       0x10 .\CortexM3\ARM_GCC_541\Debug\HIDJoystick.a(SW_B.o)
                0x00001888                SW_B_Read
 .text.SW_A_Read
                0x00001898       0x10 .\CortexM3\ARM_GCC_541\Debug\HIDJoystick.a(SW_A.o)
                0x00001898                SW_A_Read
 .text.BTN_6_Read
                0x000018a8       0x10 .\CortexM3\ARM_GCC_541\Debug\HIDJoystick.a(BTN_6.o)
                0x000018a8                BTN_6_Read
 .text          0x000018b8       0x20 .\CortexM3\ARM_GCC_541\Debug\HIDJoystick.a(CyBootAsmGnu.o)
                0x000018b8                CyDelayCycles
                0x000018c8                CyEnterCriticalSection
                0x000018d0                CyExitCriticalSection
 .text.USBFS_1_DispatchClassRqst
                0x000018d8       0x60 .\CortexM3\ARM_GCC_541\Debug\HIDJoystick.a(USBFS_1_cls.o)
                0x000018d8                USBFS_1_DispatchClassRqst
 .text.__errno  0x00001938        0xc c:/program files (x86)/cypress/psoc creator/4.4/psoc creator/import/gnu/arm/5.4.1/bin/../lib/gcc/arm-none-eabi/5.4.1/../../../../arm-none-eabi/lib/armv7-m\libg_nano.a(lib_a-errno.o)
                0x00001938                __errno
 .text.__libc_init_array
                0x00001944       0x4c c:/program files (x86)/cypress/psoc creator/4.4/psoc creator/import/gnu/arm/5.4.1/bin/../lib/gcc/arm-none-eabi/5.4.1/../../../../arm-none-eabi/lib/armv7-m\libg_nano.a(lib_a-init.o)
                0x00001944                __libc_init_array
 .text.memcpy   0x00001990       0x16 c:/program files (x86)/cypress/psoc creator/4.4/psoc creator/import/gnu/arm/5.4.1/bin/../lib/gcc/arm-none-eabi/5.4.1/../../../../arm-none-eabi/lib/armv7-m\libg_nano.a(lib_a-memcpy-stub.o)
                0x00001990                memcpy
 .text.memset   0x000019a6       0x10 c:/program files (x86)/cypress/psoc creator/4.4/psoc creator/import/gnu/arm/5.4.1/bin/../lib/gcc/arm-none-eabi/5.4.1/../../../../arm-none-eabi/lib/armv7-m\libg_nano.a(lib_a-memset.o)
                0x000019a6                memset
 *(.plt)
 *(.gnu.warning)
 *(.glue_7t)
 .glue_7t       0x000019b6        0x0 linker stubs
 *(.glue_7)
 .glue_7        0x000019b6        0x0 linker stubs
 *(.vfp11_veneer)
 .vfp11_veneer  0x000019b6        0x0 linker stubs
 *(.bootloader)
 *(.ARM.extab* .gnu.linkonce.armextab.*)
 *(.gcc_except_table)

.v4_bx          0x000019b8        0x0
 .v4_bx         0x000019b8        0x0 linker stubs

.iplt           0x000019b8        0x0
 .iplt          0x000019b8        0x0 c:/program files (x86)/cypress/psoc creator/4.4/psoc creator/import/gnu/arm/5.4.1/bin/../lib/gcc/arm-none-eabi/5.4.1/armv7-m/crtbegin.o

.eh_frame_hdr
 *(.eh_frame_hdr)

.eh_frame       0x000019b8        0x4
 *(.eh_frame)
 .eh_frame      0x000019b8        0x0 c:/program files (x86)/cypress/psoc creator/4.4/psoc creator/import/gnu/arm/5.4.1/bin/../lib/gcc/arm-none-eabi/5.4.1/armv7-m/crtbegin.o
 .eh_frame      0x000019b8        0x4 c:/program files (x86)/cypress/psoc creator/4.4/psoc creator/import/gnu/arm/5.4.1/bin/../lib/gcc/arm-none-eabi/5.4.1/armv7-m/crtend.o
                [!provide]                PROVIDE (__exidx_start, .)

.ARM.exidx
 *(.ARM.exidx* .gnu.linkonce.armexidx.*)
                0x000019bc                __exidx_end = .

.rodata         0x000019bc      0x19c
 *(.rodata .rodata.* .gnu.linkonce.r.*)
 .rodata        0x000019bc       0x36 .\CortexM3\ARM_GCC_541\Debug\cyfitter_cfg.o
 *fill*         0x000019f2        0x2 
 .rodata        0x000019f4      0x12a .\CortexM3\ARM_GCC_541\Debug\HIDJoystick.a(USBFS_1_descr.o)
                0x000019f4                USBFS_1_TABLE
                0x000019fc                USBFS_1_DEVICE0_TABLE
                0x00001a14                USBFS_1_DEVICE0_CONFIGURATION0_TABLE
                0x00001a34                USBFS_1_DEVICE0_CONFIGURATION0_INTERFACE_CLASS
                0x00001a38                USBFS_1_DEVICE0_CONFIGURATION0_EP_SETTINGS_TABLE
                0x00001a40                USBFS_1_DEVICE0_CONFIGURATION0_INTERFACE0_TABLE
                0x00001a48                USBFS_1_DEVICE0_CONFIGURATION0_INTERFACE0_ALTERNATE0_HID_TABLE
                0x00001a70                USBFS_1_DEVICE0_CONFIGURATION0_INTERFACE0_ALTERNATE0_HID_IN_RPT_TABLE
                0x00001a7c                USBFS_1_HIDREPORT_DESCRIPTOR1
                0x00001aa0                USBFS_1_STRING_DESCRIPTORS
                0x00001ae8                USBFS_1_DEVICE0_CONFIGURATION0_DESCR
                0x00001b0c                USBFS_1_DEVICE0_DESCR
 .rodata.str1.1
                0x00001b1e        0x2 c:/program files (x86)/cypress/psoc creator/4.4/psoc creator/import/gnu/arm/5.4.1/bin/../lib/gcc/arm-none-eabi/5.4.1/../../../../arm-none-eabi/lib/armv7-m\libg_nano.a(lib_a-impure.o)
                0x00001b20                . = ALIGN (0x4)
 *(.init)
 .init          0x00001b20        0x4 c:/program files (x86)/cypress/psoc creator/4.4/psoc creator/import/gnu/arm/5.4.1/bin/../lib/gcc/arm-none-eabi/5.4.1/armv7-m/crti.o
                0x00001b20                _init
 .init          0x00001b24        0x8 c:/program files (x86)/cypress/psoc creator/4.4/psoc creator/import/gnu/arm/5.4.1/bin/../lib/gcc/arm-none-eabi/5.4.1/armv7-m/crtn.o
                0x00001b2c                . = ALIGN (0x4)
                0x00001b2c                __preinit_array_start = .
 *(.preinit_array)
                0x00001b2c                __preinit_array_end = .
                0x00001b2c                . = ALIGN (0x4)
                0x00001b2c                __init_array_start = .
 *(SORT(.init_array.*))
 *(.init_array)
 .init_array    0x00001b2c        0x4 c:/program files (x86)/cypress/psoc creator/4.4/psoc creator/import/gnu/arm/5.4.1/bin/../lib/gcc/arm-none-eabi/5.4.1/armv7-m/crtbegin.o
 .init_array    0x00001b30        0x4 .\CortexM3\ARM_GCC_541\Debug\Cm3Start.o
                0x00001b34                __init_array_end = .
                0x00001b34                . = ALIGN (0x4)
 *(.fini)
 .fini          0x00001b34        0x4 c:/program files (x86)/cypress/psoc creator/4.4/psoc creator/import/gnu/arm/5.4.1/bin/../lib/gcc/arm-none-eabi/5.4.1/armv7-m/crti.o
                0x00001b34                _fini
 .fini          0x00001b38        0x8 c:/program files (x86)/cypress/psoc creator/4.4/psoc creator/import/gnu/arm/5.4.1/bin/../lib/gcc/arm-none-eabi/5.4.1/armv7-m/crtn.o
                0x00001b40                . = ALIGN (0x4)
                0x00001b40                __fini_array_start = .
 *(.fini_array)
 .fini_array    0x00001b40        0x4 c:/program files (x86)/cypress/psoc creator/4.4/psoc creator/import/gnu/arm/5.4.1/bin/../lib/gcc/arm-none-eabi/5.4.1/armv7-m/crtbegin.o
 *(SORT(.fini_array.*))
                0x00001b44                __fini_array_end = .
                0x00001b44                . = ALIGN (0x4)
 *crtbegin.o(.ctors)
 *(EXCLUDE_FILE(*crtend.o) .ctors)
 *(SORT(.ctors.*))
 *crtend.o(.ctors)
                0x00001b44                . = ALIGN (0x4)
 *crtbegin.o(.dtors)
 *(EXCLUDE_FILE(*crtend.o) .dtors)
 *(SORT(.dtors.*))
 *crtend.o(.dtors)
                0x00001b44                . = ALIGN (0x4)
                0x00001b44                __cy_regions = .
                0x00001b44        0x4 LONG 0x1b58 __cy_region_init_ram
                0x00001b48        0x4 LONG 0x1fff80c8 __cy_region_start_data
                0x00001b4c        0x4 LONG 0x78 __cy_region_init_size_ram
                0x00001b50        0x4 LONG 0xd8 __cy_region_zero_size_ram
                0x00001b54                __cy_regions_end = .
                0x00001b58                . = ALIGN (0x8)
 *fill*         0x00001b54        0x4 
                0x00001b58                _etext = .

.cy_checksum_exclude
                0x00001b58        0x0
 *(.cy_checksum_exclude)

.ramvectors     0x1fff8000       0xc0
                0x1fff8000                __cy_region_start_ram = .
 *(.ramvectors)
 .ramvectors    0x1fff8000       0xc0 .\CortexM3\ARM_GCC_541\Debug\Cm3Start.o
                0x1fff8000                CyRamVectors

.noinit         0x1fff80c0        0x1
 *(.noinit)
 .noinit        0x1fff80c0        0x1 .\CortexM3\ARM_GCC_541\Debug\HIDJoystick.a(CyLib.o)
                0x1fff80c0                CyResetStatus

.data           0x1fff80c8       0x78 load address 0x00001b58
                0x1fff80c8                __cy_region_start_data = .
 *(.jcr)
 .jcr           0x1fff80c8        0x0 c:/program files (x86)/cypress/psoc creator/4.4/psoc creator/import/gnu/arm/5.4.1/bin/../lib/gcc/arm-none-eabi/5.4.1/armv7-m/crtbegin.o
 .jcr           0x1fff80c8        0x4 c:/program files (x86)/cypress/psoc creator/4.4/psoc creator/import/gnu/arm/5.4.1/bin/../lib/gcc/arm-none-eabi/5.4.1/armv7-m/crtend.o
 *(.got.plt)
 *(.got)
 *(.shdata)
 *(.data .data.* .gnu.linkonce.d.*)
 .data          0x1fff80cc       0x10 .\CortexM3\ARM_GCC_541\Debug\HIDJoystick.a(CyLib.o)
                0x1fff80cc                cydelay_32k_ms
                0x1fff80d0                cydelay_freq_khz
                0x1fff80d4                cydelay_freq_mhz
                0x1fff80d8                cydelay_freq_hz
 .data.impure_data
                0x1fff80dc       0x60 c:/program files (x86)/cypress/psoc creator/4.4/psoc creator/import/gnu/arm/5.4.1/bin/../lib/gcc/arm-none-eabi/5.4.1/../../../../arm-none-eabi/lib/armv7-m\libg_nano.a(lib_a-impure.o)
 .data._impure_ptr
                0x1fff813c        0x4 c:/program files (x86)/cypress/psoc creator/4.4/psoc creator/import/gnu/arm/5.4.1/bin/../lib/gcc/arm-none-eabi/5.4.1/../../../../arm-none-eabi/lib/armv7-m\libg_nano.a(lib_a-impure.o)
                0x1fff813c                _impure_ptr
                0x1fff8140                . = ALIGN (0x8)
 *(.ram)
                0x1fff8140                _edata = .

.igot.plt       0x1fff8140        0x0 load address 0x00001bd0
 .igot.plt      0x1fff8140        0x0 c:/program files (x86)/cypress/psoc creator/4.4/psoc creator/import/gnu/arm/5.4.1/bin/../lib/gcc/arm-none-eabi/5.4.1/armv7-m/crtbegin.o

.bss            0x1fff8140       0xd8 load address 0x00001bd0
                0x1fff8140                PROVIDE (__bss_start__, .)
 *(.shbss)
 *(.bss .bss.* .gnu.linkonce.b.*)
 .bss           0x1fff8140       0x1c c:/program files (x86)/cypress/psoc creator/4.4/psoc creator/import/gnu/arm/5.4.1/bin/../lib/gcc/arm-none-eabi/5.4.1/armv7-m/crtbegin.o
 .bss           0x1fff815c        0x5 .\CortexM3\ARM_GCC_541\Debug\main.o
 .bss           0x1fff8161        0x1 .\CortexM3\ARM_GCC_541\Debug\HIDJoystick.a(USBFS_1.o)
                0x1fff8161                USBFS_1_initVar
 *fill*         0x1fff8162        0x2 
 .bss           0x1fff8164        0x2 .\CortexM3\ARM_GCC_541\Debug\HIDJoystick.a(USBFS_1_std.o)
 *(COMMON)
 *fill*         0x1fff8166        0x2 
 COMMON         0x1fff8168       0x96 .\CortexM3\ARM_GCC_541\Debug\HIDJoystick.a(USBFS_1_drv.o)
                0x1fff8168                USBFS_1_lastPacketSize
                0x1fff816a                USBFS_1_transferByteCount
                0x1fff816c                USBFS_1_interfaceSetting
                0x1fff8170                USBFS_1_interfaceClass
                0x1fff8174                USBFS_1_device
                0x1fff8175                USBFS_1_deviceAddress
                0x1fff8176                USBFS_1_ep0Count
                0x1fff8177                USBFS_1_ep0Mode
                0x1fff8178                USBFS_1_currentTD
                0x1fff8184                USBFS_1_configuration
                0x1fff8188                USBFS_1_interfaceSettingLast
                0x1fff8189                USBFS_1_interfaceNumber
                0x1fff818a                USBFS_1_configurationChanged
                0x1fff818b                USBFS_1_transferState
                0x1fff818c                USBFS_1_EP
                0x1fff81f8                USBFS_1_ep0Toggle
                0x1fff81fc                USBFS_1_interfaceStatus
                0x1fff81fd                USBFS_1_deviceStatus
 *fill*         0x1fff81fe        0x2 
 COMMON         0x1fff8200        0x9 .\CortexM3\ARM_GCC_541\Debug\HIDJoystick.a(USBFS_1_hid.o)
                0x1fff8200                USBFS_1_hidIdleTimer
                0x1fff8204                USBFS_1_hidIdleRate
                0x1fff8208                USBFS_1_hidProtocol
 *fill*         0x1fff8209        0x3 
 COMMON         0x1fff820c        0x7 .\CortexM3\ARM_GCC_541\Debug\HIDJoystick.a(USBFS_1_descr.o)
                0x1fff820c                USBFS_1_DEVICE0_CONFIGURATION0_INTERFACE0_ALTERNATE0_HID_IN_RPT_SCB
                0x1fff8210                USBFS_1_DEVICE0_CONFIGURATION0_INTERFACE0_ALTERNATE0_HID_IN_BUF
                0x1fff8218                . = ALIGN (0x8)
 *fill*         0x1fff8213        0x5 
 *(.ram.b)
                0x1fff8218                _end = .
                0x1fff8218                __end = .
                0x1fff8218                PROVIDE (end, .)
                0x1fff8218                PROVIDE (__bss_end__, .)
                0x00001b58                __cy_region_init_ram = LOADADDR (.data)
                0x00000078                __cy_region_init_size_ram = (_edata - ADDR (.data))
                0x000000d8                __cy_region_zero_size_ram = (_end - _edata)

.heap           0x1fff8218       0x80 load address 0x00001bd0
                0x1fff8218                . = _end
                0x1fff8298                . = (. + 0x80)
 *fill*         0x1fff8218       0x80 
                0x1fff8298                __cy_heap_limit = .

.stack          0x20007800      0x800
                0x20007800                __cy_stack_limit = .
                0x20008000                . = (. + 0x800)
 *fill*         0x20007800      0x800 
                0x00000001                ASSERT ((__cy_stack_limit >= __cy_heap_limit), region RAM overflowed with stack)
                0x00000000                cy_checksum_exclude_size = (CY_APPL_LOADABLE == 0x1)?SIZEOF (.cy_checksum_exclude):0x0
                0x00000001                ASSERT ((cy_checksum_exclude_size <= CY_CHECKSUM_EXCLUDE_SIZE), CY_BOOT: Section .cy_checksum_exclude size exceedes specified limit.)

.cyloadermeta
 *(.cyloadermeta)

.cyloadablemeta
 *(.cyloadablemeta)

.cyconfigecc    0x80000000       0x74
 *(.cyconfigecc)
 .cyconfigecc   0x80000000       0x74 .\CortexM3\ARM_GCC_541\Debug\cymetadata.o
                0x80000000                cy_meta_configecc

.cycustnvl      0x90000000        0x4
 *(.cycustnvl)
 .cycustnvl     0x90000000        0x4 .\CortexM3\ARM_GCC_541\Debug\cymetadata.o
                0x90000000                cy_meta_custnvl

.cywolatch      0x90100000        0x4
 *(.cywolatch)
 .cywolatch     0x90100000        0x4 .\CortexM3\ARM_GCC_541\Debug\cymetadata.o
                0x90100000                cy_meta_wonvl

.cyeeprom       0x90200000        0x0
 *(.cyeeprom)
                0x00000001                ASSERT ((. <= ((0x90200000 + ee_offset) + ee_size)), .cyeeprom data will not fit in EEPROM)

.cyflashprotect
                0x90400000      0x100
 *(.cyflashprotect)
 .cyflashprotect
                0x90400000      0x100 .\CortexM3\ARM_GCC_541\Debug\cymetadata.o
                0x90400000                cy_meta_flashprotect

.cymeta         0x90500000        0xc
 *(.cymeta)
 .cymeta        0x90500000        0xc .\CortexM3\ARM_GCC_541\Debug\cymetadata.o
                0x90500000                cy_metadata

.rel.dyn        0x00001bd0        0x0 load address 0x9050000c
 .rel.iplt      0x00001bd0        0x0 c:/program files (x86)/cypress/psoc creator/4.4/psoc creator/import/gnu/arm/5.4.1/bin/../lib/gcc/arm-none-eabi/5.4.1/armv7-m/crtbegin.o

.stab
 *(.stab)

.stabstr
 *(.stabstr)

.debug
 *(.debug)

.line
 *(.line)

.debug_srcinfo
 *(.debug_srcinfo)

.debug_sfnames
 *(.debug_sfnames)

.debug_aranges  0x00000000      0xaa8
 *(.debug_aranges)
 .debug_aranges
                0x00000000       0x38 .\CortexM3\ARM_GCC_541\Debug\main.o
 .debug_aranges
                0x00000038       0x58 .\CortexM3\ARM_GCC_541\Debug\cyfitter_cfg.o
 .debug_aranges
                0x00000090       0x18 .\CortexM3\ARM_GCC_541\Debug\cymetadata.o
 .debug_aranges
                0x000000a8       0x48 .\CortexM3\ARM_GCC_541\Debug\Cm3Start.o
 .debug_aranges
                0x000000f0       0xc8 .\CortexM3\ARM_GCC_541\Debug\HIDJoystick.a(USBFS_1.o)
 .debug_aranges
                0x000001b8       0x98 .\CortexM3\ARM_GCC_541\Debug\HIDJoystick.a(USBFS_1_drv.o)
 .debug_aranges
                0x00000250       0x28 .\CortexM3\ARM_GCC_541\Debug\HIDJoystick.a(USBFS_1_episr.o)
 .debug_aranges
                0x00000278       0x48 .\CortexM3\ARM_GCC_541\Debug\HIDJoystick.a(USBFS_1_hid.o)
 .debug_aranges
                0x000002c0       0x40 .\CortexM3\ARM_GCC_541\Debug\HIDJoystick.a(USBFS_1_pm.o)
 .debug_aranges
                0x00000300       0x78 .\CortexM3\ARM_GCC_541\Debug\HIDJoystick.a(USBFS_1_std.o)
 .debug_aranges
                0x00000378       0x20 .\CortexM3\ARM_GCC_541\Debug\HIDJoystick.a(USBFS_1_vnd.o)
 .debug_aranges
                0x00000398       0x48 .\CortexM3\ARM_GCC_541\Debug\HIDJoystick.a(USBFS_1_Dp.o)
 .debug_aranges
                0x000003e0      0x2a0 .\CortexM3\ARM_GCC_541\Debug\HIDJoystick.a(CyLib.o)
 .debug_aranges
                0x00000680       0x98 .\CortexM3\ARM_GCC_541\Debug\HIDJoystick.a(cyPm.o)
 .debug_aranges
                0x00000718       0x38 .\CortexM3\ARM_GCC_541\Debug\HIDJoystick.a(BTN_5.o)
 .debug_aranges
                0x00000750       0x38 .\CortexM3\ARM_GCC_541\Debug\HIDJoystick.a(BTN_4.o)
 .debug_aranges
                0x00000788       0x38 .\CortexM3\ARM_GCC_541\Debug\HIDJoystick.a(BTN_3.o)
 .debug_aranges
                0x000007c0       0x38 .\CortexM3\ARM_GCC_541\Debug\HIDJoystick.a(BTN_2.o)
 .debug_aranges
                0x000007f8       0x38 .\CortexM3\ARM_GCC_541\Debug\HIDJoystick.a(BTN_1.o)
 .debug_aranges
                0x00000830       0x38 .\CortexM3\ARM_GCC_541\Debug\HIDJoystick.a(SW_D.o)
 .debug_aranges
                0x00000868       0x38 .\CortexM3\ARM_GCC_541\Debug\HIDJoystick.a(SW_C.o)
 .debug_aranges
                0x000008a0       0x38 .\CortexM3\ARM_GCC_541\Debug\HIDJoystick.a(SW_B.o)
 .debug_aranges
                0x000008d8       0x38 .\CortexM3\ARM_GCC_541\Debug\HIDJoystick.a(SW_A.o)
 .debug_aranges
                0x00000910       0x38 .\CortexM3\ARM_GCC_541\Debug\HIDJoystick.a(BTN_6.o)
 .debug_aranges
                0x00000948       0x20 .\CortexM3\ARM_GCC_541\Debug\HIDJoystick.a(CyBootAsmGnu.o)
 .debug_aranges
                0x00000968       0x20 .\CortexM3\ARM_GCC_541\Debug\HIDJoystick.a(USBFS_1_cls.o)
 .debug_aranges
                0x00000988       0x18 .\CortexM3\ARM_GCC_541\Debug\HIDJoystick.a(USBFS_1_descr.o)
 .debug_aranges
                0x000009a0       0x88 .\CortexM3\ARM_GCC_541\Debug\HIDJoystick.a(CyFlash.o)
 .debug_aranges
                0x00000a28       0x80 .\CortexM3\ARM_GCC_541\Debug\HIDJoystick.a(CySpc.o)

.debug_pubnames
 *(.debug_pubnames)

.debug_info     0x00000000     0x6d51
 *(.debug_info .gnu.linkonce.wi.*)
 .debug_info    0x00000000      0x3ea .\CortexM3\ARM_GCC_541\Debug\main.o
 .debug_info    0x000003ea      0x4cc .\CortexM3\ARM_GCC_541\Debug\cyfitter_cfg.o
 .debug_info    0x000008b6      0x134 .\CortexM3\ARM_GCC_541\Debug\cymetadata.o
 .debug_info    0x000009ea      0x3bb .\CortexM3\ARM_GCC_541\Debug\Cm3Start.o
 .debug_info    0x00000da5      0x942 .\CortexM3\ARM_GCC_541\Debug\HIDJoystick.a(USBFS_1.o)
 .debug_info    0x000016e7      0x655 .\CortexM3\ARM_GCC_541\Debug\HIDJoystick.a(USBFS_1_drv.o)
 .debug_info    0x00001d3c      0x220 .\CortexM3\ARM_GCC_541\Debug\HIDJoystick.a(USBFS_1_episr.o)
 .debug_info    0x00001f5c      0x43b .\CortexM3\ARM_GCC_541\Debug\HIDJoystick.a(USBFS_1_hid.o)
 .debug_info    0x00002397      0x2e4 .\CortexM3\ARM_GCC_541\Debug\HIDJoystick.a(USBFS_1_pm.o)
 .debug_info    0x0000267b      0x9ed .\CortexM3\ARM_GCC_541\Debug\HIDJoystick.a(USBFS_1_std.o)
 .debug_info    0x00003068       0xed .\CortexM3\ARM_GCC_541\Debug\HIDJoystick.a(USBFS_1_vnd.o)
 .debug_info    0x00003155      0x174 .\CortexM3\ARM_GCC_541\Debug\HIDJoystick.a(USBFS_1_Dp.o)
 .debug_info    0x000032c9     0x1374 .\CortexM3\ARM_GCC_541\Debug\HIDJoystick.a(CyLib.o)
 .debug_info    0x0000463d      0xa2a .\CortexM3\ARM_GCC_541\Debug\HIDJoystick.a(cyPm.o)
 .debug_info    0x00005067      0x11f .\CortexM3\ARM_GCC_541\Debug\HIDJoystick.a(BTN_5.o)
 .debug_info    0x00005186      0x11f .\CortexM3\ARM_GCC_541\Debug\HIDJoystick.a(BTN_4.o)
 .debug_info    0x000052a5      0x11f .\CortexM3\ARM_GCC_541\Debug\HIDJoystick.a(BTN_3.o)
 .debug_info    0x000053c4      0x11f .\CortexM3\ARM_GCC_541\Debug\HIDJoystick.a(BTN_2.o)
 .debug_info    0x000054e3      0x11f .\CortexM3\ARM_GCC_541\Debug\HIDJoystick.a(BTN_1.o)
 .debug_info    0x00005602      0x11f .\CortexM3\ARM_GCC_541\Debug\HIDJoystick.a(SW_D.o)
 .debug_info    0x00005721      0x11f .\CortexM3\ARM_GCC_541\Debug\HIDJoystick.a(SW_C.o)
 .debug_info    0x00005840      0x11f .\CortexM3\ARM_GCC_541\Debug\HIDJoystick.a(SW_B.o)
 .debug_info    0x0000595f      0x11f .\CortexM3\ARM_GCC_541\Debug\HIDJoystick.a(SW_A.o)
 .debug_info    0x00005a7e      0x11f .\CortexM3\ARM_GCC_541\Debug\HIDJoystick.a(BTN_6.o)
 .debug_info    0x00005b9d       0x9a .\CortexM3\ARM_GCC_541\Debug\HIDJoystick.a(CyBootAsmGnu.o)
 .debug_info    0x00005c37      0x1de .\CortexM3\ARM_GCC_541\Debug\HIDJoystick.a(USBFS_1_cls.o)
 .debug_info    0x00005e15      0x39f .\CortexM3\ARM_GCC_541\Debug\HIDJoystick.a(USBFS_1_descr.o)
 .debug_info    0x000061b4      0x64d .\CortexM3\ARM_GCC_541\Debug\HIDJoystick.a(CyFlash.o)
 .debug_info    0x00006801      0x550 .\CortexM3\ARM_GCC_541\Debug\HIDJoystick.a(CySpc.o)

.debug_abbrev   0x00000000     0x1dfa
 *(.debug_abbrev)
 .debug_abbrev  0x00000000      0x125 .\CortexM3\ARM_GCC_541\Debug\main.o
 .debug_abbrev  0x00000125      0x1fe .\CortexM3\ARM_GCC_541\Debug\cyfitter_cfg.o
 .debug_abbrev  0x00000323       0x5d .\CortexM3\ARM_GCC_541\Debug\cymetadata.o
 .debug_abbrev  0x00000380      0x1e8 .\CortexM3\ARM_GCC_541\Debug\Cm3Start.o
 .debug_abbrev  0x00000568      0x215 .\CortexM3\ARM_GCC_541\Debug\HIDJoystick.a(USBFS_1.o)
 .debug_abbrev  0x0000077d      0x189 .\CortexM3\ARM_GCC_541\Debug\HIDJoystick.a(USBFS_1_drv.o)
 .debug_abbrev  0x00000906      0x103 .\CortexM3\ARM_GCC_541\Debug\HIDJoystick.a(USBFS_1_episr.o)
 .debug_abbrev  0x00000a09      0x16d .\CortexM3\ARM_GCC_541\Debug\HIDJoystick.a(USBFS_1_hid.o)
 .debug_abbrev  0x00000b76      0x108 .\CortexM3\ARM_GCC_541\Debug\HIDJoystick.a(USBFS_1_pm.o)
 .debug_abbrev  0x00000c7e      0x1d8 .\CortexM3\ARM_GCC_541\Debug\HIDJoystick.a(USBFS_1_std.o)
 .debug_abbrev  0x00000e56       0x9b .\CortexM3\ARM_GCC_541\Debug\HIDJoystick.a(USBFS_1_vnd.o)
 .debug_abbrev  0x00000ef1       0x90 .\CortexM3\ARM_GCC_541\Debug\HIDJoystick.a(USBFS_1_Dp.o)
 .debug_abbrev  0x00000f81      0x254 .\CortexM3\ARM_GCC_541\Debug\HIDJoystick.a(CyLib.o)
 .debug_abbrev  0x000011d5      0x1ab .\CortexM3\ARM_GCC_541\Debug\HIDJoystick.a(cyPm.o)
 .debug_abbrev  0x00001380       0x90 .\CortexM3\ARM_GCC_541\Debug\HIDJoystick.a(BTN_5.o)
 .debug_abbrev  0x00001410       0x90 .\CortexM3\ARM_GCC_541\Debug\HIDJoystick.a(BTN_4.o)
 .debug_abbrev  0x000014a0       0x90 .\CortexM3\ARM_GCC_541\Debug\HIDJoystick.a(BTN_3.o)
 .debug_abbrev  0x00001530       0x90 .\CortexM3\ARM_GCC_541\Debug\HIDJoystick.a(BTN_2.o)
 .debug_abbrev  0x000015c0       0x90 .\CortexM3\ARM_GCC_541\Debug\HIDJoystick.a(BTN_1.o)
 .debug_abbrev  0x00001650       0x90 .\CortexM3\ARM_GCC_541\Debug\HIDJoystick.a(SW_D.o)
 .debug_abbrev  0x000016e0       0x90 .\CortexM3\ARM_GCC_541\Debug\HIDJoystick.a(SW_C.o)
 .debug_abbrev  0x00001770       0x90 .\CortexM3\ARM_GCC_541\Debug\HIDJoystick.a(SW_B.o)
 .debug_abbrev  0x00001800       0x90 .\CortexM3\ARM_GCC_541\Debug\HIDJoystick.a(SW_A.o)
 .debug_abbrev  0x00001890       0x90 .\CortexM3\ARM_GCC_541\Debug\HIDJoystick.a(BTN_6.o)
 .debug_abbrev  0x00001920       0x14 .\CortexM3\ARM_GCC_541\Debug\HIDJoystick.a(CyBootAsmGnu.o)
 .debug_abbrev  0x00001934       0xe1 .\CortexM3\ARM_GCC_541\Debug\HIDJoystick.a(USBFS_1_cls.o)
 .debug_abbrev  0x00001a15       0xaa .\CortexM3\ARM_GCC_541\Debug\HIDJoystick.a(USBFS_1_descr.o)
 .debug_abbrev  0x00001abf      0x1a7 .\CortexM3\ARM_GCC_541\Debug\HIDJoystick.a(CyFlash.o)
 .debug_abbrev  0x00001c66      0x194 .\CortexM3\ARM_GCC_541\Debug\HIDJoystick.a(CySpc.o)

.debug_line     0x00000000     0x2b2e
 *(.debug_line)
 .debug_line    0x00000000      0x241 .\CortexM3\ARM_GCC_541\Debug\main.o
 .debug_line    0x00000241      0x1d0 .\CortexM3\ARM_GCC_541\Debug\cyfitter_cfg.o
 .debug_line    0x00000411      0x141 .\CortexM3\ARM_GCC_541\Debug\cymetadata.o
 .debug_line    0x00000552      0x234 .\CortexM3\ARM_GCC_541\Debug\Cm3Start.o
 .debug_line    0x00000786      0x2f0 .\CortexM3\ARM_GCC_541\Debug\HIDJoystick.a(USBFS_1.o)
 .debug_line    0x00000a76      0x221 .\CortexM3\ARM_GCC_541\Debug\HIDJoystick.a(USBFS_1_drv.o)
 .debug_line    0x00000c97       0x9f .\CortexM3\ARM_GCC_541\Debug\HIDJoystick.a(USBFS_1_episr.o)
 .debug_line    0x00000d36      0x14f .\CortexM3\ARM_GCC_541\Debug\HIDJoystick.a(USBFS_1_hid.o)
 .debug_line    0x00000e85      0x10e .\CortexM3\ARM_GCC_541\Debug\HIDJoystick.a(USBFS_1_pm.o)
 .debug_line    0x00000f93      0x36c .\CortexM3\ARM_GCC_541\Debug\HIDJoystick.a(USBFS_1_std.o)
 .debug_line    0x000012ff       0x73 .\CortexM3\ARM_GCC_541\Debug\HIDJoystick.a(USBFS_1_vnd.o)
 .debug_line    0x00001372       0xbb .\CortexM3\ARM_GCC_541\Debug\HIDJoystick.a(USBFS_1_Dp.o)
 .debug_line    0x0000142d      0x816 .\CortexM3\ARM_GCC_541\Debug\HIDJoystick.a(CyLib.o)
 .debug_line    0x00001c43      0x367 .\CortexM3\ARM_GCC_541\Debug\HIDJoystick.a(cyPm.o)
 .debug_line    0x00001faa       0x92 .\CortexM3\ARM_GCC_541\Debug\HIDJoystick.a(BTN_5.o)
 .debug_line    0x0000203c       0x92 .\CortexM3\ARM_GCC_541\Debug\HIDJoystick.a(BTN_4.o)
 .debug_line    0x000020ce       0x92 .\CortexM3\ARM_GCC_541\Debug\HIDJoystick.a(BTN_3.o)
 .debug_line    0x00002160       0x92 .\CortexM3\ARM_GCC_541\Debug\HIDJoystick.a(BTN_2.o)
 .debug_line    0x000021f2       0x92 .\CortexM3\ARM_GCC_541\Debug\HIDJoystick.a(BTN_1.o)
 .debug_line    0x00002284       0x91 .\CortexM3\ARM_GCC_541\Debug\HIDJoystick.a(SW_D.o)
 .debug_line    0x00002315       0x91 .\CortexM3\ARM_GCC_541\Debug\HIDJoystick.a(SW_C.o)
 .debug_line    0x000023a6       0x91 .\CortexM3\ARM_GCC_541\Debug\HIDJoystick.a(SW_B.o)
 .debug_line    0x00002437       0x91 .\CortexM3\ARM_GCC_541\Debug\HIDJoystick.a(SW_A.o)
 .debug_line    0x000024c8       0x92 .\CortexM3\ARM_GCC_541\Debug\HIDJoystick.a(BTN_6.o)
 .debug_line    0x0000255a       0x66 .\CortexM3\ARM_GCC_541\Debug\HIDJoystick.a(CyBootAsmGnu.o)
 .debug_line    0x000025c0       0x93 .\CortexM3\ARM_GCC_541\Debug\HIDJoystick.a(USBFS_1_cls.o)
 .debug_line    0x00002653       0x61 .\CortexM3\ARM_GCC_541\Debug\HIDJoystick.a(USBFS_1_descr.o)
 .debug_line    0x000026b4      0x21a .\CortexM3\ARM_GCC_541\Debug\HIDJoystick.a(CyFlash.o)
 .debug_line    0x000028ce      0x260 .\CortexM3\ARM_GCC_541\Debug\HIDJoystick.a(CySpc.o)

.debug_frame    0x00000000     0x1928
 *(.debug_frame)
 .debug_frame   0x00000000       0x74 .\CortexM3\ARM_GCC_541\Debug\main.o
 .debug_frame   0x00000074       0xe4 .\CortexM3\ARM_GCC_541\Debug\cyfitter_cfg.o
 .debug_frame   0x00000158       0xb8 .\CortexM3\ARM_GCC_541\Debug\Cm3Start.o
 .debug_frame   0x00000210      0x1dc .\CortexM3\ARM_GCC_541\Debug\HIDJoystick.a(USBFS_1.o)
 .debug_frame   0x000003ec      0x194 .\CortexM3\ARM_GCC_541\Debug\HIDJoystick.a(USBFS_1_drv.o)
 .debug_frame   0x00000580       0x3c .\CortexM3\ARM_GCC_541\Debug\HIDJoystick.a(USBFS_1_episr.o)
 .debug_frame   0x000005bc       0xa0 .\CortexM3\ARM_GCC_541\Debug\HIDJoystick.a(USBFS_1_hid.o)
 .debug_frame   0x0000065c       0xa0 .\CortexM3\ARM_GCC_541\Debug\HIDJoystick.a(USBFS_1_pm.o)
 .debug_frame   0x000006fc      0x150 .\CortexM3\ARM_GCC_541\Debug\HIDJoystick.a(USBFS_1_std.o)
 .debug_frame   0x0000084c       0x20 .\CortexM3\ARM_GCC_541\Debug\HIDJoystick.a(USBFS_1_vnd.o)
 .debug_frame   0x0000086c       0x70 .\CortexM3\ARM_GCC_541\Debug\HIDJoystick.a(USBFS_1_Dp.o)
 .debug_frame   0x000008dc      0x738 .\CortexM3\ARM_GCC_541\Debug\HIDJoystick.a(CyLib.o)
 .debug_frame   0x00001014      0x1f8 .\CortexM3\ARM_GCC_541\Debug\HIDJoystick.a(cyPm.o)
 .debug_frame   0x0000120c       0x50 .\CortexM3\ARM_GCC_541\Debug\HIDJoystick.a(BTN_5.o)
 .debug_frame   0x0000125c       0x50 .\CortexM3\ARM_GCC_541\Debug\HIDJoystick.a(BTN_4.o)
 .debug_frame   0x000012ac       0x50 .\CortexM3\ARM_GCC_541\Debug\HIDJoystick.a(BTN_3.o)
 .debug_frame   0x000012fc       0x50 .\CortexM3\ARM_GCC_541\Debug\HIDJoystick.a(BTN_2.o)
 .debug_frame   0x0000134c       0x50 .\CortexM3\ARM_GCC_541\Debug\HIDJoystick.a(BTN_1.o)
 .debug_frame   0x0000139c       0x50 .\CortexM3\ARM_GCC_541\Debug\HIDJoystick.a(SW_D.o)
 .debug_frame   0x000013ec       0x50 .\CortexM3\ARM_GCC_541\Debug\HIDJoystick.a(SW_C.o)
 .debug_frame   0x0000143c       0x50 .\CortexM3\ARM_GCC_541\Debug\HIDJoystick.a(SW_B.o)
 .debug_frame   0x0000148c       0x50 .\CortexM3\ARM_GCC_541\Debug\HIDJoystick.a(SW_A.o)
 .debug_frame   0x000014dc       0x50 .\CortexM3\ARM_GCC_541\Debug\HIDJoystick.a(BTN_6.o)
 .debug_frame   0x0000152c       0x2c .\CortexM3\ARM_GCC_541\Debug\HIDJoystick.a(USBFS_1_cls.o)
 .debug_frame   0x00001558      0x194 .\CortexM3\ARM_GCC_541\Debug\HIDJoystick.a(CyFlash.o)
 .debug_frame   0x000016ec      0x180 .\CortexM3\ARM_GCC_541\Debug\HIDJoystick.a(CySpc.o)
 .debug_frame   0x0000186c       0x20 c:/program files (x86)/cypress/psoc creator/4.4/psoc creator/import/gnu/arm/5.4.1/bin/../lib/gcc/arm-none-eabi/5.4.1/../../../../arm-none-eabi/lib/armv7-m\libg_nano.a(lib_a-errno.o)
 .debug_frame   0x0000188c       0x28 c:/program files (x86)/cypress/psoc creator/4.4/psoc creator/import/gnu/arm/5.4.1/bin/../lib/gcc/arm-none-eabi/5.4.1/../../../../arm-none-eabi/lib/armv7-m\libg_nano.a(lib_a-exit.o)
 .debug_frame   0x000018b4       0x2c c:/program files (x86)/cypress/psoc creator/4.4/psoc creator/import/gnu/arm/5.4.1/bin/../lib/gcc/arm-none-eabi/5.4.1/../../../../arm-none-eabi/lib/armv7-m\libg_nano.a(lib_a-init.o)
 .debug_frame   0x000018e0       0x28 c:/program files (x86)/cypress/psoc creator/4.4/psoc creator/import/gnu/arm/5.4.1/bin/../lib/gcc/arm-none-eabi/5.4.1/../../../../arm-none-eabi/lib/armv7-m\libg_nano.a(lib_a-memcpy-stub.o)
 .debug_frame   0x00001908       0x20 c:/program files (x86)/cypress/psoc creator/4.4/psoc creator/import/gnu/arm/5.4.1/bin/../lib/gcc/arm-none-eabi/5.4.1/../../../../arm-none-eabi/lib/armv7-m\libg_nano.a(lib_a-memset.o)

.debug_str      0x00000000     0x25fa
 *(.debug_str)
 .debug_str     0x00000000      0x281 .\CortexM3\ARM_GCC_541\Debug\main.o
                                0x2ce (size before relaxing)
 .debug_str     0x00000281      0x181 .\CortexM3\ARM_GCC_541\Debug\cyfitter_cfg.o
                                0x319 (size before relaxing)
 .debug_str     0x00000402       0x7f .\CortexM3\ARM_GCC_541\Debug\cymetadata.o
                                0x1ee (size before relaxing)
 .debug_str     0x00000481      0x144 .\CortexM3\ARM_GCC_541\Debug\Cm3Start.o
                                0x314 (size before relaxing)
 .debug_str     0x000005c5      0x46b .\CortexM3\ARM_GCC_541\Debug\HIDJoystick.a(USBFS_1.o)
                                0x688 (size before relaxing)
 .debug_str     0x00000a30      0x35a .\CortexM3\ARM_GCC_541\Debug\HIDJoystick.a(USBFS_1_drv.o)
                                0x652 (size before relaxing)
 .debug_str     0x00000d8a       0x4e .\CortexM3\ARM_GCC_541\Debug\HIDJoystick.a(USBFS_1_episr.o)
                                0x2b7 (size before relaxing)
 .debug_str     0x00000dd8      0x13a .\CortexM3\ARM_GCC_541\Debug\HIDJoystick.a(USBFS_1_hid.o)
                                0x40c (size before relaxing)
 .debug_str     0x00000f12       0xd2 .\CortexM3\ARM_GCC_541\Debug\HIDJoystick.a(USBFS_1_pm.o)
                                0x2fa (size before relaxing)
 .debug_str     0x00000fe4      0x208 .\CortexM3\ARM_GCC_541\Debug\HIDJoystick.a(USBFS_1_std.o)
                                0x72a (size before relaxing)
 .debug_str     0x000011ec       0x25 .\CortexM3\ARM_GCC_541\Debug\HIDJoystick.a(USBFS_1_vnd.o)
                                0x1f7 (size before relaxing)
 .debug_str     0x00001211       0xa4 .\CortexM3\ARM_GCC_541\Debug\HIDJoystick.a(USBFS_1_Dp.o)
                                0x24b (size before relaxing)
 .debug_str     0x000012b5      0x7f0 .\CortexM3\ARM_GCC_541\Debug\HIDJoystick.a(CyLib.o)
                                0xa51 (size before relaxing)
 .debug_str     0x00001aa5      0x365 .\CortexM3\ARM_GCC_541\Debug\HIDJoystick.a(cyPm.o)
                                0x73d (size before relaxing)
 .debug_str     0x00001e0a       0x50 .\CortexM3\ARM_GCC_541\Debug\HIDJoystick.a(BTN_5.o)
                                0x1ec (size before relaxing)
 .debug_str     0x00001e5a       0x50 .\CortexM3\ARM_GCC_541\Debug\HIDJoystick.a(BTN_4.o)
                                0x1ec (size before relaxing)
 .debug_str     0x00001eaa       0x50 .\CortexM3\ARM_GCC_541\Debug\HIDJoystick.a(BTN_3.o)
                                0x1ec (size before relaxing)
 .debug_str     0x00001efa       0x50 .\CortexM3\ARM_GCC_541\Debug\HIDJoystick.a(BTN_2.o)
                                0x1ec (size before relaxing)
 .debug_str     0x00001f4a       0x50 .\CortexM3\ARM_GCC_541\Debug\HIDJoystick.a(BTN_1.o)
                                0x1ec (size before relaxing)
 .debug_str     0x00001f9a       0x4c .\CortexM3\ARM_GCC_541\Debug\HIDJoystick.a(SW_D.o)
                                0x1e7 (size before relaxing)
 .debug_str     0x00001fe6       0x4c .\CortexM3\ARM_GCC_541\Debug\HIDJoystick.a(SW_C.o)
                                0x1e7 (size before relaxing)
 .debug_str     0x00002032       0x4c .\CortexM3\ARM_GCC_541\Debug\HIDJoystick.a(SW_B.o)
                                0x1e7 (size before relaxing)
 .debug_str     0x0000207e       0x4c .\CortexM3\ARM_GCC_541\Debug\HIDJoystick.a(SW_A.o)
                                0x1e7 (size before relaxing)
 .debug_str     0x000020ca       0x50 .\CortexM3\ARM_GCC_541\Debug\HIDJoystick.a(BTN_6.o)
                                0x1ec (size before relaxing)
 .debug_str     0x0000211a       0x25 .\CortexM3\ARM_GCC_541\Debug\HIDJoystick.a(USBFS_1_cls.o)
                                0x2b6 (size before relaxing)
 .debug_str     0x0000213f      0x254 .\CortexM3\ARM_GCC_541\Debug\HIDJoystick.a(USBFS_1_descr.o)
                                0x4c6 (size before relaxing)
 .debug_str     0x00002393      0x1bb .\CortexM3\ARM_GCC_541\Debug\HIDJoystick.a(CyFlash.o)
                                0x3ca (size before relaxing)
 .debug_str     0x0000254e       0xac .\CortexM3\ARM_GCC_541\Debug\HIDJoystick.a(CySpc.o)
                                0x342 (size before relaxing)

.debug_loc      0x00000000     0x2fd8
 *(.debug_loc)
 .debug_loc     0x00000000       0x98 .\CortexM3\ARM_GCC_541\Debug\main.o
 .debug_loc     0x00000098      0x1d7 .\CortexM3\ARM_GCC_541\Debug\cyfitter_cfg.o
 .debug_loc     0x0000026f      0x144 .\CortexM3\ARM_GCC_541\Debug\Cm3Start.o
 .debug_loc     0x000003b3      0x435 .\CortexM3\ARM_GCC_541\Debug\HIDJoystick.a(USBFS_1.o)
 .debug_loc     0x000007e8      0x171 .\CortexM3\ARM_GCC_541\Debug\HIDJoystick.a(USBFS_1_drv.o)
 .debug_loc     0x00000959      0x3a8 .\CortexM3\ARM_GCC_541\Debug\HIDJoystick.a(USBFS_1_hid.o)
 .debug_loc     0x00000d01       0x26 .\CortexM3\ARM_GCC_541\Debug\HIDJoystick.a(USBFS_1_pm.o)
 .debug_loc     0x00000d27      0x883 .\CortexM3\ARM_GCC_541\Debug\HIDJoystick.a(USBFS_1_std.o)
 .debug_loc     0x000015aa       0x84 .\CortexM3\ARM_GCC_541\Debug\HIDJoystick.a(USBFS_1_Dp.o)
 .debug_loc     0x0000162e      0xa11 .\CortexM3\ARM_GCC_541\Debug\HIDJoystick.a(CyLib.o)
 .debug_loc     0x0000203f      0x1e4 .\CortexM3\ARM_GCC_541\Debug\HIDJoystick.a(cyPm.o)
 .debug_loc     0x00002223       0x42 .\CortexM3\ARM_GCC_541\Debug\HIDJoystick.a(BTN_5.o)
 .debug_loc     0x00002265       0x42 .\CortexM3\ARM_GCC_541\Debug\HIDJoystick.a(BTN_4.o)
 .debug_loc     0x000022a7       0x42 .\CortexM3\ARM_GCC_541\Debug\HIDJoystick.a(BTN_3.o)
 .debug_loc     0x000022e9       0x42 .\CortexM3\ARM_GCC_541\Debug\HIDJoystick.a(BTN_2.o)
 .debug_loc     0x0000232b       0x42 .\CortexM3\ARM_GCC_541\Debug\HIDJoystick.a(BTN_1.o)
 .debug_loc     0x0000236d       0x42 .\CortexM3\ARM_GCC_541\Debug\HIDJoystick.a(SW_D.o)
 .debug_loc     0x000023af       0x42 .\CortexM3\ARM_GCC_541\Debug\HIDJoystick.a(SW_C.o)
 .debug_loc     0x000023f1       0x42 .\CortexM3\ARM_GCC_541\Debug\HIDJoystick.a(SW_B.o)
 .debug_loc     0x00002433       0x42 .\CortexM3\ARM_GCC_541\Debug\HIDJoystick.a(SW_A.o)
 .debug_loc     0x00002475       0x42 .\CortexM3\ARM_GCC_541\Debug\HIDJoystick.a(BTN_6.o)
 .debug_loc     0x000024b7       0x6a .\CortexM3\ARM_GCC_541\Debug\HIDJoystick.a(USBFS_1_cls.o)
 .debug_loc     0x00002521      0x3b2 .\CortexM3\ARM_GCC_541\Debug\HIDJoystick.a(CyFlash.o)
 .debug_loc     0x000028d3      0x705 .\CortexM3\ARM_GCC_541\Debug\HIDJoystick.a(CySpc.o)

.debug_macinfo
 *(.debug_macinfo)

.debug_ranges   0x00000000      0x8d0
 *(.debug_ranges)
 .debug_ranges  0x00000000       0x28 .\CortexM3\ARM_GCC_541\Debug\main.o
 .debug_ranges  0x00000028       0x48 .\CortexM3\ARM_GCC_541\Debug\cyfitter_cfg.o
 .debug_ranges  0x00000070       0x38 .\CortexM3\ARM_GCC_541\Debug\Cm3Start.o
 .debug_ranges  0x000000a8       0xd0 .\CortexM3\ARM_GCC_541\Debug\HIDJoystick.a(USBFS_1.o)
 .debug_ranges  0x00000178       0x88 .\CortexM3\ARM_GCC_541\Debug\HIDJoystick.a(USBFS_1_drv.o)
 .debug_ranges  0x00000200       0x18 .\CortexM3\ARM_GCC_541\Debug\HIDJoystick.a(USBFS_1_episr.o)
 .debug_ranges  0x00000218       0x38 .\CortexM3\ARM_GCC_541\Debug\HIDJoystick.a(USBFS_1_hid.o)
 .debug_ranges  0x00000250       0x30 .\CortexM3\ARM_GCC_541\Debug\HIDJoystick.a(USBFS_1_pm.o)
 .debug_ranges  0x00000280       0x68 .\CortexM3\ARM_GCC_541\Debug\HIDJoystick.a(USBFS_1_std.o)
 .debug_ranges  0x000002e8       0x10 .\CortexM3\ARM_GCC_541\Debug\HIDJoystick.a(USBFS_1_vnd.o)
 .debug_ranges  0x000002f8       0x38 .\CortexM3\ARM_GCC_541\Debug\HIDJoystick.a(USBFS_1_Dp.o)
 .debug_ranges  0x00000330      0x290 .\CortexM3\ARM_GCC_541\Debug\HIDJoystick.a(CyLib.o)
 .debug_ranges  0x000005c0       0x88 .\CortexM3\ARM_GCC_541\Debug\HIDJoystick.a(cyPm.o)
 .debug_ranges  0x00000648       0x28 .\CortexM3\ARM_GCC_541\Debug\HIDJoystick.a(BTN_5.o)
 .debug_ranges  0x00000670       0x28 .\CortexM3\ARM_GCC_541\Debug\HIDJoystick.a(BTN_4.o)
 .debug_ranges  0x00000698       0x28 .\CortexM3\ARM_GCC_541\Debug\HIDJoystick.a(BTN_3.o)
 .debug_ranges  0x000006c0       0x28 .\CortexM3\ARM_GCC_541\Debug\HIDJoystick.a(BTN_2.o)
 .debug_ranges  0x000006e8       0x28 .\CortexM3\ARM_GCC_541\Debug\HIDJoystick.a(BTN_1.o)
 .debug_ranges  0x00000710       0x28 .\CortexM3\ARM_GCC_541\Debug\HIDJoystick.a(SW_D.o)
 .debug_ranges  0x00000738       0x28 .\CortexM3\ARM_GCC_541\Debug\HIDJoystick.a(SW_C.o)
 .debug_ranges  0x00000760       0x28 .\CortexM3\ARM_GCC_541\Debug\HIDJoystick.a(SW_B.o)
 .debug_ranges  0x00000788       0x28 .\CortexM3\ARM_GCC_541\Debug\HIDJoystick.a(SW_A.o)
 .debug_ranges  0x000007b0       0x28 .\CortexM3\ARM_GCC_541\Debug\HIDJoystick.a(BTN_6.o)
 .debug_ranges  0x000007d8       0x10 .\CortexM3\ARM_GCC_541\Debug\HIDJoystick.a(USBFS_1_cls.o)
 .debug_ranges  0x000007e8       0x78 .\CortexM3\ARM_GCC_541\Debug\HIDJoystick.a(CyFlash.o)
 .debug_ranges  0x00000860       0x70 .\CortexM3\ARM_GCC_541\Debug\HIDJoystick.a(CySpc.o)

.comment        0x00000000       0x6e
 .comment       0x00000000       0x6e .\CortexM3\ARM_GCC_541\Debug\main.o
                                 0x6f (size before relaxing)
 .comment       0x0000006e       0x6f .\CortexM3\ARM_GCC_541\Debug\cyfitter_cfg.o
 .comment       0x0000006e       0x6f .\CortexM3\ARM_GCC_541\Debug\cymetadata.o
 .comment       0x0000006e       0x6f .\CortexM3\ARM_GCC_541\Debug\Cm3Start.o
 .comment       0x0000006e       0x6f .\CortexM3\ARM_GCC_541\Debug\HIDJoystick.a(USBFS_1.o)
 .comment       0x0000006e       0x6f .\CortexM3\ARM_GCC_541\Debug\HIDJoystick.a(USBFS_1_drv.o)
 .comment       0x0000006e       0x6f .\CortexM3\ARM_GCC_541\Debug\HIDJoystick.a(USBFS_1_episr.o)
 .comment       0x0000006e       0x6f .\CortexM3\ARM_GCC_541\Debug\HIDJoystick.a(USBFS_1_hid.o)
 .comment       0x0000006e       0x6f .\CortexM3\ARM_GCC_541\Debug\HIDJoystick.a(USBFS_1_pm.o)
 .comment       0x0000006e       0x6f .\CortexM3\ARM_GCC_541\Debug\HIDJoystick.a(USBFS_1_std.o)
 .comment       0x0000006e       0x6f .\CortexM3\ARM_GCC_541\Debug\HIDJoystick.a(USBFS_1_vnd.o)
 .comment       0x0000006e       0x6f .\CortexM3\ARM_GCC_541\Debug\HIDJoystick.a(USBFS_1_Dp.o)
 .comment       0x0000006e       0x6f .\CortexM3\ARM_GCC_541\Debug\HIDJoystick.a(CyLib.o)
 .comment       0x0000006e       0x6f .\CortexM3\ARM_GCC_541\Debug\HIDJoystick.a(cyPm.o)
 .comment       0x0000006e       0x6f .\CortexM3\ARM_GCC_541\Debug\HIDJoystick.a(BTN_5.o)
 .comment       0x0000006e       0x6f .\CortexM3\ARM_GCC_541\Debug\HIDJoystick.a(BTN_4.o)
 .comment       0x0000006e       0x6f .\CortexM3\ARM_GCC_541\Debug\HIDJoystick.a(BTN_3.o)
 .comment       0x0000006e       0x6f .\CortexM3\ARM_GCC_541\Debug\HIDJoystick.a(BTN_2.o)
 .comment       0x0000006e       0x6f .\CortexM3\ARM_GCC_541\Debug\HIDJoystick.a(BTN_1.o)
 .comment       0x0000006e       0x6f .\CortexM3\ARM_GCC_541\Debug\HIDJoystick.a(SW_D.o)
 .comment       0x0000006e       0x6f .\CortexM3\ARM_GCC_541\Debug\HIDJoystick.a(SW_C.o)
 .comment       0x0000006e       0x6f .\CortexM3\ARM_GCC_541\Debug\HIDJoystick.a(SW_B.o)
 .comment       0x0000006e       0x6f .\CortexM3\ARM_GCC_541\Debug\HIDJoystick.a(SW_A.o)
 .comment       0x0000006e       0x6f .\CortexM3\ARM_GCC_541\Debug\HIDJoystick.a(BTN_6.o)
 .comment       0x0000006e       0x6f .\CortexM3\ARM_GCC_541\Debug\HIDJoystick.a(USBFS_1_cls.o)
 .comment       0x0000006e       0x6f .\CortexM3\ARM_GCC_541\Debug\HIDJoystick.a(USBFS_1_descr.o)
 .comment       0x0000006e       0x6f .\CortexM3\ARM_GCC_541\Debug\HIDJoystick.a(CyFlash.o)
 .comment       0x0000006e       0x6f .\CortexM3\ARM_GCC_541\Debug\HIDJoystick.a(CySpc.o)

.debug_weaknames
 *(.debug_weaknames)

.debug_funcnames
 *(.debug_funcnames)

.debug_typenames
 *(.debug_typenames)

.debug_varnames
 *(.debug_varnames)

.note.gnu.arm.ident
 *(.note.gnu.arm.ident)

.ARM.attributes
                0x00000000       0x29
 *(.ARM.attributes)
 .ARM.attributes
                0x00000000       0x1d c:/program files (x86)/cypress/psoc creator/4.4/psoc creator/import/gnu/arm/5.4.1/bin/../lib/gcc/arm-none-eabi/5.4.1/armv7-m/crti.o
 .ARM.attributes
                0x0000001d       0x2d c:/program files (x86)/cypress/psoc creator/4.4/psoc creator/import/gnu/arm/5.4.1/bin/../lib/gcc/arm-none-eabi/5.4.1/armv7-m/crtbegin.o
 .ARM.attributes
                0x0000004a       0x1b c:/program files (x86)/cypress/psoc creator/4.4/psoc creator/import/gnu/arm/5.4.1/bin/../lib/gcc/arm-none-eabi/5.4.1/../../../../arm-none-eabi/lib/armv7-m/crt0.o
 .ARM.attributes
                0x00000065       0x33 .\CortexM3\ARM_GCC_541\Debug\main.o
 .ARM.attributes
                0x00000098       0x33 .\CortexM3\ARM_GCC_541\Debug\cyfitter_cfg.o
 .ARM.attributes
                0x000000cb       0x33 .\CortexM3\ARM_GCC_541\Debug\cymetadata.o
 .ARM.attributes
                0x000000fe       0x33 .\CortexM3\ARM_GCC_541\Debug\Cm3Start.o
 .ARM.attributes
                0x00000131       0x33 .\CortexM3\ARM_GCC_541\Debug\HIDJoystick.a(USBFS_1.o)
 .ARM.attributes
                0x00000164       0x33 .\CortexM3\ARM_GCC_541\Debug\HIDJoystick.a(USBFS_1_drv.o)
 .ARM.attributes
                0x00000197       0x33 .\CortexM3\ARM_GCC_541\Debug\HIDJoystick.a(USBFS_1_episr.o)
 .ARM.attributes
                0x000001ca       0x33 .\CortexM3\ARM_GCC_541\Debug\HIDJoystick.a(USBFS_1_hid.o)
 .ARM.attributes
                0x000001fd       0x33 .\CortexM3\ARM_GCC_541\Debug\HIDJoystick.a(USBFS_1_pm.o)
 .ARM.attributes
                0x00000230       0x33 .\CortexM3\ARM_GCC_541\Debug\HIDJoystick.a(USBFS_1_std.o)
 .ARM.attributes
                0x00000263       0x33 .\CortexM3\ARM_GCC_541\Debug\HIDJoystick.a(USBFS_1_vnd.o)
 .ARM.attributes
                0x00000296       0x33 .\CortexM3\ARM_GCC_541\Debug\HIDJoystick.a(USBFS_1_Dp.o)
 .ARM.attributes
                0x000002c9       0x33 .\CortexM3\ARM_GCC_541\Debug\HIDJoystick.a(CyLib.o)
 .ARM.attributes
                0x000002fc       0x33 .\CortexM3\ARM_GCC_541\Debug\HIDJoystick.a(cyPm.o)
 .ARM.attributes
                0x0000032f       0x33 .\CortexM3\ARM_GCC_541\Debug\HIDJoystick.a(BTN_5.o)
 .ARM.attributes
                0x00000362       0x33 .\CortexM3\ARM_GCC_541\Debug\HIDJoystick.a(BTN_4.o)
 .ARM.attributes
                0x00000395       0x33 .\CortexM3\ARM_GCC_541\Debug\HIDJoystick.a(BTN_3.o)
 .ARM.attributes
                0x000003c8       0x33 .\CortexM3\ARM_GCC_541\Debug\HIDJoystick.a(BTN_2.o)
 .ARM.attributes
                0x000003fb       0x33 .\CortexM3\ARM_GCC_541\Debug\HIDJoystick.a(BTN_1.o)
 .ARM.attributes
                0x0000042e       0x33 .\CortexM3\ARM_GCC_541\Debug\HIDJoystick.a(SW_D.o)
 .ARM.attributes
                0x00000461       0x33 .\CortexM3\ARM_GCC_541\Debug\HIDJoystick.a(SW_C.o)
 .ARM.attributes
                0x00000494       0x33 .\CortexM3\ARM_GCC_541\Debug\HIDJoystick.a(SW_B.o)
 .ARM.attributes
                0x000004c7       0x33 .\CortexM3\ARM_GCC_541\Debug\HIDJoystick.a(SW_A.o)
 .ARM.attributes
                0x000004fa       0x33 .\CortexM3\ARM_GCC_541\Debug\HIDJoystick.a(BTN_6.o)
 .ARM.attributes
                0x0000052d       0x21 .\CortexM3\ARM_GCC_541\Debug\HIDJoystick.a(CyBootAsmGnu.o)
 .ARM.attributes
                0x0000054e       0x33 .\CortexM3\ARM_GCC_541\Debug\HIDJoystick.a(USBFS_1_cls.o)
 .ARM.attributes
                0x00000581       0x33 .\CortexM3\ARM_GCC_541\Debug\HIDJoystick.a(USBFS_1_descr.o)
 .ARM.attributes
                0x000005b4       0x33 .\CortexM3\ARM_GCC_541\Debug\HIDJoystick.a(CyFlash.o)
 .ARM.attributes
                0x000005e7       0x33 .\CortexM3\ARM_GCC_541\Debug\HIDJoystick.a(CySpc.o)
 .ARM.attributes
                0x0000061a       0x2d c:/program files (x86)/cypress/psoc creator/4.4/psoc creator/import/gnu/arm/5.4.1/bin/../lib/gcc/arm-none-eabi/5.4.1/../../../../arm-none-eabi/lib/armv7-m\libg_nano.a(lib_a-errno.o)
 .ARM.attributes
                0x00000647       0x2d c:/program files (x86)/cypress/psoc creator/4.4/psoc creator/import/gnu/arm/5.4.1/bin/../lib/gcc/arm-none-eabi/5.4.1/../../../../arm-none-eabi/lib/armv7-m\libg_nano.a(lib_a-exit.o)
 .ARM.attributes
                0x00000674       0x2d c:/program files (x86)/cypress/psoc creator/4.4/psoc creator/import/gnu/arm/5.4.1/bin/../lib/gcc/arm-none-eabi/5.4.1/../../../../arm-none-eabi/lib/armv7-m\libg_nano.a(lib_a-impure.o)
 .ARM.attributes
                0x000006a1       0x2d c:/program files (x86)/cypress/psoc creator/4.4/psoc creator/import/gnu/arm/5.4.1/bin/../lib/gcc/arm-none-eabi/5.4.1/../../../../arm-none-eabi/lib/armv7-m\libg_nano.a(lib_a-init.o)
 .ARM.attributes
                0x000006ce       0x2d c:/program files (x86)/cypress/psoc creator/4.4/psoc creator/import/gnu/arm/5.4.1/bin/../lib/gcc/arm-none-eabi/5.4.1/../../../../arm-none-eabi/lib/armv7-m\libg_nano.a(lib_a-memcpy-stub.o)
 .ARM.attributes
                0x000006fb       0x2d c:/program files (x86)/cypress/psoc creator/4.4/psoc creator/import/gnu/arm/5.4.1/bin/../lib/gcc/arm-none-eabi/5.4.1/../../../../arm-none-eabi/lib/armv7-m\libg_nano.a(lib_a-memset.o)
 .ARM.attributes
                0x00000728       0x2d c:/program files (x86)/cypress/psoc creator/4.4/psoc creator/import/gnu/arm/5.4.1/bin/../lib/gcc/arm-none-eabi/5.4.1/armv7-m/crtend.o
 .ARM.attributes
                0x00000755       0x1d c:/program files (x86)/cypress/psoc creator/4.4/psoc creator/import/gnu/arm/5.4.1/bin/../lib/gcc/arm-none-eabi/5.4.1/armv7-m/crtn.o

/DISCARD/
 *(.note.GNU-stack)
OUTPUT(C:\Users\funti\Robotics Projects\CypressPSoCButtonBox2026\HIDJoystick.cydsn\CortexM3\ARM_GCC_541\Debug\HIDJoystick.elf elf32-littlearm)
